#
# There is insufficient memory for the Java Runtime Environment to continue.
# Native memory allocation (malloc) failed to allocate 1208016 bytes. Error detail: Chunk::new
# Possible reasons:
#   The system is out of physical RAM or swap space
#   This process is running with CompressedOops enabled, and the Java Heap may be blocking the growth of the native heap
# Possible solutions:
#   Reduce memory load on the system
#   Increase physical memory or swap space
#   Check if swap backing store is full
#   Decrease Java heap size (-Xmx/-Xms)
#   Decrease number of Java threads
#   Decrease Java thread stack sizes (-Xss)
#   Set larger code cache with -XX:ReservedCodeCacheSize=
#   JVM is running with Zero Based Compressed Oops mode in which the Java heap is
#     placed in the first 32GB address space. The Java Heap base address is the
#     maximum limit for the native heap growth. Please use -XX:HeapBaseMinAddress
#     to set the Java Heap base and to place the Java Heap above 32GB virtual address.
# This output file may be truncated or incomplete.
#
#  Out of Memory Error (arena.cpp:168), pid=22200, tid=6848
#
# JRE version: OpenJDK Runtime Environment Zulu21.34+19-CA (21.0.3+9) (build 21.0.3+9-LTS)
# Java VM: OpenJDK 64-Bit Server VM Zulu21.34+19-CA (21.0.3+9-LTS, mixed mode, sharing, tiered, compressed oops, compressed class ptrs, g1 gc, windows-amd64)
# No core dump will be written. Minidumps are not enabled by default on client versions of Windows
#

---------------  S U M M A R Y ------------

Command Line: --add-opens=java.base/java.lang=ALL-UNNAMED --add-opens=java.base/java.lang.invoke=ALL-UNNAMED --add-opens=java.base/java.util=ALL-UNNAMED --add-opens=java.prefs/java.util.prefs=ALL-UNNAMED --add-exports=jdk.compiler/com.sun.tools.javac.api=ALL-UNNAMED --add-exports=jdk.compiler/com.sun.tools.javac.util=ALL-UNNAMED --add-opens=java.base/java.util=ALL-UNNAMED --add-opens=java.prefs/java.util.prefs=ALL-UNNAMED --add-opens=java.base/java.nio.charset=ALL-UNNAMED --add-opens=java.base/java.net=ALL-UNNAMED --add-opens=java.base/java.util.concurrent=ALL-UNNAMED --add-opens=java.base/java.util.concurrent.atomic=ALL-UNNAMED --add-opens=java.xml/javax.xml.namespace=ALL-UNNAMED --add-opens=java.base/java.time=ALL-UNNAMED -Xmx4G -Dfile.encoding=UTF-8 -Duser.country=RU -Duser.language=ru -Duser.variant -javaagent:C:\Users\yolki\.gradle\wrapper\dists\gradle-9.2.1-bin\2t0n5ozlw9xmuyvbp7dnzaxug\gradle-9.2.1\lib\agents\gradle-instrumentation-agent-9.2.1.jar org.gradle.launcher.daemon.bootstrap.GradleDaemon 9.2.1

Host: AMD Ryzen 5 7500F 6-Core Processor             , 12 cores, 31G,  Windows 11 , 64 bit Build 26100 (10.0.26100.7309)
Time: Wed Jan 14 10:58:55 2026 RTZ 2 (s 11 , 64 bit Build 26100 (10.0.26100.7309) elapsed time: 5.517929 seconds (0d 0h 0m 5s)

---------------  T H R E A D  ---------------

Current thread (0x0000012cb65d8880):  JavaThread "C2 CompilerThread2" daemon [_thread_in_native, id=6848, stack(0x0000000756700000,0x0000000756800000) (1024K)]


Current CompileTask:
C2:   5517 4990   !   4       sun.reflect.annotation.AnnotationParser::parseAnnotations (37 bytes)

Stack: [0x0000000756700000,0x0000000756800000]
Native frames: (J=compiled Java code, j=interpreted, Vv=VM code, C=native code)
V  [jvm.dll+0x6d3919]
V  [jvm.dll+0x8ae6d1]
V  [jvm.dll+0x8b0a3e]
V  [jvm.dll+0x8b1123]
V  [jvm.dll+0x286316]
V  [jvm.dll+0xc5acd]
V  [jvm.dll+0xc6003]
V  [jvm.dll+0x3bc0c2]
V  [jvm.dll+0x1e2d73]
V  [jvm.dll+0x24b1d2]
V  [jvm.dll+0x24a661]
V  [jvm.dll+0x1ca404]
V  [jvm.dll+0x259d99]
V  [jvm.dll+0x25831a]
V  [jvm.dll+0x3f6236]
V  [jvm.dll+0x857848]
V  [jvm.dll+0x6d206d]
C  [ucrtbase.dll+0x37b0]
C  [KERNEL32.DLL+0x2e8d7]
C  [ntdll.dll+0x8c53c]


---------------  P R O C E S S  ---------------

Threads class SMR info:
_java_thread_list=0x0000012c824a9f10, length=40, elements={
0x0000012c947e4490, 0x0000012cb5cba020, 0x0000012cb5cbaa80, 0x0000012cb5cbe7c0,
0x0000012cb5cbf910, 0x0000012cb5cc0370, 0x0000012cb5cc36b0, 0x0000012cb5cca630,
0x0000012cb65d81b0, 0x0000012cb65d0560, 0x0000012cb65d8f50, 0x0000012cb6943820,
0x0000012cb65d8880, 0x0000012cfd7787e0, 0x0000012cfd7f24f0, 0x0000012cfd8790b0,
0x0000012cfd8043c0, 0x0000012cfd81e010, 0x0000012cfdbe47b0, 0x0000012cfdbe9280,
0x0000012cfd971390, 0x0000012cfd972740, 0x0000012cfd9720b0, 0x0000012cfd972dd0,
0x0000012cfd973460, 0x0000012cfd973af0, 0x0000012c81493d30, 0x0000012c81492980,
0x0000012c814922f0, 0x0000012c81493010, 0x0000012c814936a0, 0x0000012c814943c0,
0x0000012c81490f40, 0x0000012cfef69020, 0x0000012cfef68300, 0x0000012cfef6a3d0,
0x0000012cfef6aa60, 0x0000012c804172d0, 0x0000012c80418680, 0x0000012c80418d10
}

Java Threads: ( => current thread )
  0x0000012c947e4490 JavaThread "main"                              [_thread_blocked, id=2592, stack(0x0000000755400000,0x0000000755500000) (1024K)]
  0x0000012cb5cba020 JavaThread "Reference Handler"          daemon [_thread_blocked, id=25000, stack(0x0000000755c00000,0x0000000755d00000) (1024K)]
  0x0000012cb5cbaa80 JavaThread "Finalizer"                  daemon [_thread_blocked, id=8352, stack(0x0000000755d00000,0x0000000755e00000) (1024K)]
  0x0000012cb5cbe7c0 JavaThread "Signal Dispatcher"          daemon [_thread_blocked, id=42832, stack(0x0000000755e00000,0x0000000755f00000) (1024K)]
  0x0000012cb5cbf910 JavaThread "Attach Listener"            daemon [_thread_blocked, id=42480, stack(0x0000000755f00000,0x0000000756000000) (1024K)]
  0x0000012cb5cc0370 JavaThread "Service Thread"             daemon [_thread_blocked, id=6396, stack(0x0000000756000000,0x0000000756100000) (1024K)]
  0x0000012cb5cc36b0 JavaThread "Monitor Deflation Thread"   daemon [_thread_blocked, id=28200, stack(0x0000000756100000,0x0000000756200000) (1024K)]
  0x0000012cb5cca630 JavaThread "C2 CompilerThread0"         daemon [_thread_blocked, id=27544, stack(0x0000000756200000,0x0000000756300000) (1024K)]
  0x0000012cb65d81b0 JavaThread "C1 CompilerThread0"         daemon [_thread_blocked, id=17972, stack(0x0000000756300000,0x0000000756400000) (1024K)]
  0x0000012cb65d0560 JavaThread "Common-Cleaner"             daemon [_thread_blocked, id=26812, stack(0x0000000756400000,0x0000000756500000) (1024K)]
  0x0000012cb65d8f50 JavaThread "C2 CompilerThread1"         daemon [_thread_blocked, id=17684, stack(0x0000000756500000,0x0000000756600000) (1024K)]
  0x0000012cb6943820 JavaThread "Notification Thread"        daemon [_thread_blocked, id=29600, stack(0x0000000756600000,0x0000000756700000) (1024K)]
=>0x0000012cb65d8880 JavaThread "C2 CompilerThread2"         daemon [_thread_in_native, id=6848, stack(0x0000000756700000,0x0000000756800000) (1024K)]
  0x0000012cfd7787e0 JavaThread "Daemon health stats"               [_thread_blocked, id=30072, stack(0x0000000757100000,0x0000000757200000) (1024K)]
  0x0000012cfd7f24f0 JavaThread "Incoming local TCP Connector on port 22476"        [_thread_in_native, id=5788, stack(0x0000000757200000,0x0000000757300000) (1024K)]
  0x0000012cfd8790b0 JavaThread "Daemon periodic checks"            [_thread_blocked, id=32384, stack(0x0000000757300000,0x0000000757400000) (1024K)]
  0x0000012cfd8043c0 JavaThread "Daemon"                            [_thread_blocked, id=30380, stack(0x0000000757400000,0x0000000757500000) (1024K)]
  0x0000012cfd81e010 JavaThread "Handler for socket connection from /127.0.0.1:22476 to /127.0.0.1:22477"        [_thread_in_native, id=37540, stack(0x0000000757500000,0x0000000757600000) (1024K)]
  0x0000012cfdbe47b0 JavaThread "Cancel handler"                    [_thread_blocked, id=10824, stack(0x0000000757600000,0x0000000757700000) (1024K)]
  0x0000012cfdbe9280 JavaThread "Daemon worker"                     [_thread_in_vm, id=12940, stack(0x0000000757700000,0x0000000757800000) (1024K)]
  0x0000012cfd971390 JavaThread "Asynchronous log dispatcher for DefaultDaemonConnection: socket connection from /127.0.0.1:22476 to /127.0.0.1:22477"        [_thread_blocked, id=41128, stack(0x0000000757800000,0x0000000757900000) (1024K)]
  0x0000012cfd972740 JavaThread "Stdin handler"                     [_thread_blocked, id=1636, stack(0x0000000757900000,0x0000000757a00000) (1024K)]
  0x0000012cfd9720b0 JavaThread "Daemon client event forwarder"        [_thread_blocked, id=37884, stack(0x0000000757a00000,0x0000000757b00000) (1024K)]
  0x0000012cfd972dd0 JavaThread "Cache worker for journal cache (C:\Users\yolki\.gradle\caches\journal-1)"        [_thread_blocked, id=41576, stack(0x0000000757b00000,0x0000000757c00000) (1024K)]
  0x0000012cfd973460 JavaThread "File lock request listener"        [_thread_in_native, id=5012, stack(0x0000000757c00000,0x0000000757d00000) (1024K)]
  0x0000012cfd973af0 JavaThread "Cache worker for file hash cache (C:\Users\yolki\.gradle\caches\9.2.1\fileHashes)"        [_thread_blocked, id=30108, stack(0x0000000757d00000,0x0000000757e00000) (1024K)]
  0x0000012c81493d30 JavaThread "Cache worker for file hash cache (C:\Users\yolki\IdeaProjects\Origins-Reborn-Enhanced\.gradle\9.2.1\fileHashes)"        [_thread_blocked, id=29352, stack(0x0000000758000000,0x0000000758100000) (1024K)]
  0x0000012c81492980 JavaThread "Cache worker for Build Output Cleanup Cache (C:\Users\yolki\IdeaProjects\Origins-Reborn-Enhanced\.gradle\buildOutputCleanup)"        [_thread_blocked, id=31604, stack(0x0000000758100000,0x0000000758200000) (1024K)]
  0x0000012c814922f0 JavaThread "File watcher server"        daemon [_thread_in_native, id=26284, stack(0x0000000758200000,0x0000000758300000) (1024K)]
  0x0000012c81493010 JavaThread "File watcher consumer"      daemon [_thread_blocked, id=23484, stack(0x0000000758300000,0x0000000758400000) (1024K)]
  0x0000012c814936a0 JavaThread "Cache worker for checksums cache (C:\Users\yolki\IdeaProjects\Origins-Reborn-Enhanced\.gradle\9.2.1\checksums)"        [_thread_blocked, id=28148, stack(0x0000000758400000,0x0000000758500000) (1024K)]
  0x0000012c814943c0 JavaThread "Cache worker for file content cache (C:\Users\yolki\.gradle\caches\9.2.1\fileContent)"        [_thread_blocked, id=38388, stack(0x0000000758500000,0x0000000758600000) (1024K)]
  0x0000012c81490f40 JavaThread "Cache worker for cache directory md-supplier (C:\Users\yolki\.gradle\caches\9.2.1\md-supplier)"        [_thread_blocked, id=22444, stack(0x0000000758600000,0x0000000758700000) (1024K)]
  0x0000012cfef69020 JavaThread "Cache worker for cache directory md-rule (C:\Users\yolki\.gradle\caches\9.2.1\md-rule)"        [_thread_blocked, id=39056, stack(0x0000000758700000,0x0000000758800000) (1024K)]
  0x0000012cfef68300 JavaThread "Unconstrained build operations"        [_thread_blocked, id=38252, stack(0x0000000758800000,0x0000000758900000) (1024K)]
  0x0000012cfef6a3d0 JavaThread "Unconstrained build operations Thread 2"        [_thread_blocked, id=33412, stack(0x0000000758900000,0x0000000758a00000) (1024K)]
  0x0000012cfef6aa60 JavaThread "Unconstrained build operations Thread 3"        [_thread_blocked, id=15972, stack(0x0000000758a00000,0x0000000758b00000) (1024K)]
  0x0000012c804172d0 JavaThread "Unconstrained build operations Thread 4"        [_thread_blocked, id=31280, stack(0x0000000758b00000,0x0000000758c00000) (1024K)]
  0x0000012c80418680 JavaThread "Unconstrained build operations Thread 5"        [_thread_blocked, id=35824, stack(0x0000000758c00000,0x0000000758d00000) (1024K)]
  0x0000012c80418d10 JavaThread "Unconstrained build operations Thread 6"        [_thread_blocked, id=42032, stack(0x0000000758d00000,0x0000000758e00000) (1024K)]
Total: 40

Other Threads:
  0x0000012cb5c95bf0 VMThread "VM Thread"                           [id=29260, stack(0x0000000755b00000,0x0000000755c00000) (1024K)]
  0x0000012cb5c7ea00 WatcherThread "VM Periodic Task Thread"        [id=7408, stack(0x0000000755a00000,0x0000000755b00000) (1024K)]
  0x0000012c96c44f00 WorkerThread "GC Thread#0"                     [id=8760, stack(0x0000000755500000,0x0000000755600000) (1024K)]
  0x0000012cfc0b4930 WorkerThread "GC Thread#1"                     [id=30028, stack(0x0000000756800000,0x0000000756900000) (1024K)]
  0x0000012cfc0b4ce0 WorkerThread "GC Thread#2"                     [id=4584, stack(0x0000000756900000,0x0000000756a00000) (1024K)]
  0x0000012cfc053d10 WorkerThread "GC Thread#3"                     [id=15248, stack(0x0000000756a00000,0x0000000756b00000) (1024K)]
  0x0000012cfc0540c0 WorkerThread "GC Thread#4"                     [id=35828, stack(0x0000000756b00000,0x0000000756c00000) (1024K)]
  0x0000012cfc054470 WorkerThread "GC Thread#5"                     [id=42872, stack(0x0000000756c00000,0x0000000756d00000) (1024K)]
  0x0000012cfc0c77c0 WorkerThread "GC Thread#6"                     [id=42948, stack(0x0000000756d00000,0x0000000756e00000) (1024K)]
  0x0000012cfc0c7b70 WorkerThread "GC Thread#7"                     [id=41420, stack(0x0000000756e00000,0x0000000756f00000) (1024K)]
  0x0000012cfc076a40 WorkerThread "GC Thread#8"                     [id=41976, stack(0x0000000756f00000,0x0000000757000000) (1024K)]
  0x0000012cfc218ec0 WorkerThread "GC Thread#9"                     [id=39176, stack(0x0000000757000000,0x0000000757100000) (1024K)]
  0x0000012c96c57290 ConcurrentGCThread "G1 Main Marker"            [id=29956, stack(0x0000000755600000,0x0000000755700000) (1024K)]
  0x0000012c96c59300 WorkerThread "G1 Conc#0"                       [id=34768, stack(0x0000000755700000,0x0000000755800000) (1024K)]
  0x0000012cfd6e5080 WorkerThread "G1 Conc#1"                       [id=32584, stack(0x0000000757e00000,0x0000000757f00000) (1024K)]
  0x0000012cfd6e5430 WorkerThread "G1 Conc#2"                       [id=36968, stack(0x0000000757f00000,0x0000000758000000) (1024K)]
  0x0000012cb5bcd5a0 ConcurrentGCThread "G1 Refine#0"               [id=21696, stack(0x0000000755800000,0x0000000755900000) (1024K)]
  0x0000012cb5bcddd0 ConcurrentGCThread "G1 Service"                [id=29776, stack(0x0000000755900000,0x0000000755a00000) (1024K)]
Total: 18

Threads with active compile tasks:
C1 CompilerThread0     5531 5197       3       org.objectweb.asm.ClassReader::readCode (5117 bytes)
C2 CompilerThread2     5531 4990   !   4       sun.reflect.annotation.AnnotationParser::parseAnnotations (37 bytes)
Total: 2

VM state: not at safepoint (normal execution)

VM Mutex/Monitor currently owned by a thread: None

Heap address: 0x00000004d5400000, size: 4096 MB, Compressed Oops mode: Zero based, Oop shift amount: 3

CDS archive(s) mapped at: [0x0000012cb7000000-0x0000012cb7cf0000-0x0000012cb7cf0000), size 13565952, SharedBaseAddress: 0x0000012cb7000000, ArchiveRelocationMode: 1.
Compressed class space mapped at: 0x0000012cb8000000-0x0000012cf8000000, reserved size: 1073741824
Narrow klass base: 0x0000012cb7000000, Narrow klass shift: 0, Narrow klass range: 0x100000000

GC Precious Log:
 CardTable entry size: 512
 Card Set container configuration: InlinePtr #cards 4 size 8 Array Of Cards #cards 16 size 48 Howl #buckets 8 coarsen threshold 3686 Howl Bitmap #cards 512 size 80 coarsen threshold 460 Card regions per heap region 1 cards per card region 4096
 CPUs: 12 total, 12 available
 Memory: 32361M
 Large Page Support: Disabled
 NUMA Support: Disabled
 Compressed Oops: Enabled (Zero based)
 Heap Region Size: 2M
 Heap Min Capacity: 8M
 Heap Initial Capacity: 506M
 Heap Max Capacity: 4G
 Pre-touch: Disabled
 Parallel Workers: 10
 Concurrent Workers: 3
 Concurrent Refinement Workers: 10
 Periodic GC: Disabled

Heap:
 garbage-first heap   total 305152K, used 112324K [0x00000004d5400000, 0x00000005d5400000)
  region size 2048K, 42 young (86016K), 3 survivors (6144K)
 Metaspace       used 51819K, committed 53568K, reserved 1114112K
  class space    used 7384K, committed 8256K, reserved 1048576K

Heap Regions: E=young(eden), S=young(survivor), O=old, HS=humongous(starts), HC=humongous(continues), CS=collection set, F=free, TAMS=top-at-mark-start, PB=parsable bottom
|   0|0x00000004d5400000, 0x00000004d5600000, 0x00000004d5600000|100%|HS|  |TAMS 0x00000004d5400000| PB 0x00000004d5400000| Complete 
|   1|0x00000004d5600000, 0x00000004d5800000, 0x00000004d5800000|100%|HC|  |TAMS 0x00000004d5600000| PB 0x00000004d5600000| Complete 
|   2|0x00000004d5800000, 0x00000004d5a00000, 0x00000004d5a00000|100%| O|  |TAMS 0x00000004d5800000| PB 0x00000004d5800000| Untracked 
|   3|0x00000004d5a00000, 0x00000004d5c00000, 0x00000004d5c00000|100%| O|  |TAMS 0x00000004d5a00000| PB 0x00000004d5a00000| Untracked 
|   4|0x00000004d5c00000, 0x00000004d5e00000, 0x00000004d5e00000|100%| O|  |TAMS 0x00000004d5c00000| PB 0x00000004d5c00000| Untracked 
|   5|0x00000004d5e00000, 0x00000004d6000000, 0x00000004d6000000|100%| O|  |TAMS 0x00000004d5e00000| PB 0x00000004d5e00000| Untracked 
|   6|0x00000004d6000000, 0x00000004d6200000, 0x00000004d6200000|100%| O|  |TAMS 0x00000004d6000000| PB 0x00000004d6000000| Untracked 
|   7|0x00000004d6200000, 0x00000004d6400000, 0x00000004d6400000|100%| O|  |TAMS 0x00000004d6200000| PB 0x00000004d6200000| Untracked 
|   8|0x00000004d6400000, 0x00000004d6600000, 0x00000004d6600000|100%| O|  |TAMS 0x00000004d6400000| PB 0x00000004d6400000| Untracked 
|   9|0x00000004d6600000, 0x00000004d6800000, 0x00000004d6800000|100%| O|  |TAMS 0x00000004d6600000| PB 0x00000004d6600000| Untracked 
|  10|0x00000004d6800000, 0x00000004d6a00000, 0x00000004d6a00000|100%| O|  |TAMS 0x00000004d6800000| PB 0x00000004d6800000| Untracked 
|  11|0x00000004d6a00000, 0x00000004d6c00000, 0x00000004d6c00000|100%| O|  |TAMS 0x00000004d6a00000| PB 0x00000004d6a00000| Untracked 
|  12|0x00000004d6c00000, 0x00000004d6c00000, 0x00000004d6e00000|  0%| F|  |TAMS 0x00000004d6c00000| PB 0x00000004d6c00000| Untracked 
|  13|0x00000004d6e00000, 0x00000004d7000000, 0x00000004d7000000|100%| O|  |TAMS 0x00000004d6e00000| PB 0x00000004d6e00000| Untracked 
|  14|0x00000004d7000000, 0x00000004d7200000, 0x00000004d7200000|100%| O|  |TAMS 0x00000004d7000000| PB 0x00000004d7000000| Untracked 
|  15|0x00000004d7200000, 0x00000004d724b9b0, 0x00000004d7400000| 14%| O|  |TAMS 0x00000004d7200000| PB 0x00000004d7200000| Untracked 
|  16|0x00000004d7400000, 0x00000004d7400000, 0x00000004d7600000|  0%| F|  |TAMS 0x00000004d7400000| PB 0x00000004d7400000| Untracked 
|  17|0x00000004d7600000, 0x00000004d7765910, 0x00000004d7800000| 69%| S|CS|TAMS 0x00000004d7600000| PB 0x00000004d7600000| Complete 
|  18|0x00000004d7800000, 0x00000004d7800000, 0x00000004d7a00000|  0%| F|  |TAMS 0x00000004d7800000| PB 0x00000004d7800000| Untracked 
|  19|0x00000004d7a00000, 0x00000004d7a00000, 0x00000004d7c00000|  0%| F|  |TAMS 0x00000004d7a00000| PB 0x00000004d7a00000| Untracked 
|  20|0x00000004d7c00000, 0x00000004d7e00000, 0x00000004d7e00000|100%| S|CS|TAMS 0x00000004d7c00000| PB 0x00000004d7c00000| Complete 
|  21|0x00000004d7e00000, 0x00000004d8000000, 0x00000004d8000000|100%| S|CS|TAMS 0x00000004d7e00000| PB 0x00000004d7e00000| Complete 
|  22|0x00000004d8000000, 0x00000004d8000000, 0x00000004d8200000|  0%| F|  |TAMS 0x00000004d8000000| PB 0x00000004d8000000| Untracked 
|  23|0x00000004d8200000, 0x00000004d8200000, 0x00000004d8400000|  0%| F|  |TAMS 0x00000004d8200000| PB 0x00000004d8200000| Untracked 
|  24|0x00000004d8400000, 0x00000004d8400000, 0x00000004d8600000|  0%| F|  |TAMS 0x00000004d8400000| PB 0x00000004d8400000| Untracked 
|  25|0x00000004d8600000, 0x00000004d8600000, 0x00000004d8800000|  0%| F|  |TAMS 0x00000004d8600000| PB 0x00000004d8600000| Untracked 
|  26|0x00000004d8800000, 0x00000004d8800000, 0x00000004d8a00000|  0%| F|  |TAMS 0x00000004d8800000| PB 0x00000004d8800000| Untracked 
|  27|0x00000004d8a00000, 0x00000004d8a00000, 0x00000004d8c00000|  0%| F|  |TAMS 0x00000004d8a00000| PB 0x00000004d8a00000| Untracked 
|  28|0x00000004d8c00000, 0x00000004d8c00000, 0x00000004d8e00000|  0%| F|  |TAMS 0x00000004d8c00000| PB 0x00000004d8c00000| Untracked 
|  29|0x00000004d8e00000, 0x00000004d8e00000, 0x00000004d9000000|  0%| F|  |TAMS 0x00000004d8e00000| PB 0x00000004d8e00000| Untracked 
|  30|0x00000004d9000000, 0x00000004d9000000, 0x00000004d9200000|  0%| F|  |TAMS 0x00000004d9000000| PB 0x00000004d9000000| Untracked 
|  31|0x00000004d9200000, 0x00000004d9200000, 0x00000004d9400000|  0%| F|  |TAMS 0x00000004d9200000| PB 0x00000004d9200000| Untracked 
|  32|0x00000004d9400000, 0x00000004d9400000, 0x00000004d9600000|  0%| F|  |TAMS 0x00000004d9400000| PB 0x00000004d9400000| Untracked 
|  33|0x00000004d9600000, 0x00000004d9600000, 0x00000004d9800000|  0%| F|  |TAMS 0x00000004d9600000| PB 0x00000004d9600000| Untracked 
|  34|0x00000004d9800000, 0x00000004d9800000, 0x00000004d9a00000|  0%| F|  |TAMS 0x00000004d9800000| PB 0x00000004d9800000| Untracked 
|  35|0x00000004d9a00000, 0x00000004d9a00000, 0x00000004d9c00000|  0%| F|  |TAMS 0x00000004d9a00000| PB 0x00000004d9a00000| Untracked 
|  36|0x00000004d9c00000, 0x00000004d9c00000, 0x00000004d9e00000|  0%| F|  |TAMS 0x00000004d9c00000| PB 0x00000004d9c00000| Untracked 
|  37|0x00000004d9e00000, 0x00000004d9e00000, 0x00000004da000000|  0%| F|  |TAMS 0x00000004d9e00000| PB 0x00000004d9e00000| Untracked 
|  38|0x00000004da000000, 0x00000004da000000, 0x00000004da200000|  0%| F|  |TAMS 0x00000004da000000| PB 0x00000004da000000| Untracked 
|  39|0x00000004da200000, 0x00000004da200000, 0x00000004da400000|  0%| F|  |TAMS 0x00000004da200000| PB 0x00000004da200000| Untracked 
|  40|0x00000004da400000, 0x00000004da400000, 0x00000004da600000|  0%| F|  |TAMS 0x00000004da400000| PB 0x00000004da400000| Untracked 
|  41|0x00000004da600000, 0x00000004da600000, 0x00000004da800000|  0%| F|  |TAMS 0x00000004da600000| PB 0x00000004da600000| Untracked 
|  42|0x00000004da800000, 0x00000004da800000, 0x00000004daa00000|  0%| F|  |TAMS 0x00000004da800000| PB 0x00000004da800000| Untracked 
|  43|0x00000004daa00000, 0x00000004daa00000, 0x00000004dac00000|  0%| F|  |TAMS 0x00000004daa00000| PB 0x00000004daa00000| Untracked 
|  44|0x00000004dac00000, 0x00000004dac00000, 0x00000004dae00000|  0%| F|  |TAMS 0x00000004dac00000| PB 0x00000004dac00000| Untracked 
|  45|0x00000004dae00000, 0x00000004dae00000, 0x00000004db000000|  0%| F|  |TAMS 0x00000004dae00000| PB 0x00000004dae00000| Untracked 
|  46|0x00000004db000000, 0x00000004db000000, 0x00000004db200000|  0%| F|  |TAMS 0x00000004db000000| PB 0x00000004db000000| Untracked 
|  47|0x00000004db200000, 0x00000004db200000, 0x00000004db400000|  0%| F|  |TAMS 0x00000004db200000| PB 0x00000004db200000| Untracked 
|  48|0x00000004db400000, 0x00000004db400000, 0x00000004db600000|  0%| F|  |TAMS 0x00000004db400000| PB 0x00000004db400000| Untracked 
|  49|0x00000004db600000, 0x00000004db600000, 0x00000004db800000|  0%| F|  |TAMS 0x00000004db600000| PB 0x00000004db600000| Untracked 
|  50|0x00000004db800000, 0x00000004db800000, 0x00000004dba00000|  0%| F|  |TAMS 0x00000004db800000| PB 0x00000004db800000| Untracked 
|  51|0x00000004dba00000, 0x00000004dba00000, 0x00000004dbc00000|  0%| F|  |TAMS 0x00000004dba00000| PB 0x00000004dba00000| Untracked 
|  52|0x00000004dbc00000, 0x00000004dbc00000, 0x00000004dbe00000|  0%| F|  |TAMS 0x00000004dbc00000| PB 0x00000004dbc00000| Untracked 
|  53|0x00000004dbe00000, 0x00000004dbe00000, 0x00000004dc000000|  0%| F|  |TAMS 0x00000004dbe00000| PB 0x00000004dbe00000| Untracked 
|  54|0x00000004dc000000, 0x00000004dc000000, 0x00000004dc200000|  0%| F|  |TAMS 0x00000004dc000000| PB 0x00000004dc000000| Untracked 
|  55|0x00000004dc200000, 0x00000004dc200000, 0x00000004dc400000|  0%| F|  |TAMS 0x00000004dc200000| PB 0x00000004dc200000| Untracked 
|  56|0x00000004dc400000, 0x00000004dc400000, 0x00000004dc600000|  0%| F|  |TAMS 0x00000004dc400000| PB 0x00000004dc400000| Untracked 
|  57|0x00000004dc600000, 0x00000004dc600000, 0x00000004dc800000|  0%| F|  |TAMS 0x00000004dc600000| PB 0x00000004dc600000| Untracked 
|  58|0x00000004dc800000, 0x00000004dc800000, 0x00000004dca00000|  0%| F|  |TAMS 0x00000004dc800000| PB 0x00000004dc800000| Untracked 
|  59|0x00000004dca00000, 0x00000004dca00000, 0x00000004dcc00000|  0%| F|  |TAMS 0x00000004dca00000| PB 0x00000004dca00000| Untracked 
|  60|0x00000004dcc00000, 0x00000004dcc00000, 0x00000004dce00000|  0%| F|  |TAMS 0x00000004dcc00000| PB 0x00000004dcc00000| Untracked 
|  61|0x00000004dce00000, 0x00000004dce00000, 0x00000004dd000000|  0%| F|  |TAMS 0x00000004dce00000| PB 0x00000004dce00000| Untracked 
|  62|0x00000004dd000000, 0x00000004dd000000, 0x00000004dd200000|  0%| F|  |TAMS 0x00000004dd000000| PB 0x00000004dd000000| Untracked 
|  63|0x00000004dd200000, 0x00000004dd200000, 0x00000004dd400000|  0%| F|  |TAMS 0x00000004dd200000| PB 0x00000004dd200000| Untracked 
|  64|0x00000004dd400000, 0x00000004dd400000, 0x00000004dd600000|  0%| F|  |TAMS 0x00000004dd400000| PB 0x00000004dd400000| Untracked 
|  65|0x00000004dd600000, 0x00000004dd600000, 0x00000004dd800000|  0%| F|  |TAMS 0x00000004dd600000| PB 0x00000004dd600000| Untracked 
|  66|0x00000004dd800000, 0x00000004dd800000, 0x00000004dda00000|  0%| F|  |TAMS 0x00000004dd800000| PB 0x00000004dd800000| Untracked 
|  67|0x00000004dda00000, 0x00000004dda00000, 0x00000004ddc00000|  0%| F|  |TAMS 0x00000004dda00000| PB 0x00000004dda00000| Untracked 
|  68|0x00000004ddc00000, 0x00000004ddc00000, 0x00000004dde00000|  0%| F|  |TAMS 0x00000004ddc00000| PB 0x00000004ddc00000| Untracked 
|  69|0x00000004dde00000, 0x00000004dde00000, 0x00000004de000000|  0%| F|  |TAMS 0x00000004dde00000| PB 0x00000004dde00000| Untracked 
|  70|0x00000004de000000, 0x00000004de000000, 0x00000004de200000|  0%| F|  |TAMS 0x00000004de000000| PB 0x00000004de000000| Untracked 
|  71|0x00000004de200000, 0x00000004de200000, 0x00000004de400000|  0%| F|  |TAMS 0x00000004de200000| PB 0x00000004de200000| Untracked 
|  72|0x00000004de400000, 0x00000004de400000, 0x00000004de600000|  0%| F|  |TAMS 0x00000004de400000| PB 0x00000004de400000| Untracked 
|  73|0x00000004de600000, 0x00000004de600000, 0x00000004de800000|  0%| F|  |TAMS 0x00000004de600000| PB 0x00000004de600000| Untracked 
|  74|0x00000004de800000, 0x00000004de800000, 0x00000004dea00000|  0%| F|  |TAMS 0x00000004de800000| PB 0x00000004de800000| Untracked 
|  75|0x00000004dea00000, 0x00000004dea00000, 0x00000004dec00000|  0%| F|  |TAMS 0x00000004dea00000| PB 0x00000004dea00000| Untracked 
|  76|0x00000004dec00000, 0x00000004dec00000, 0x00000004dee00000|  0%| F|  |TAMS 0x00000004dec00000| PB 0x00000004dec00000| Untracked 
|  77|0x00000004dee00000, 0x00000004dee00000, 0x00000004df000000|  0%| F|  |TAMS 0x00000004dee00000| PB 0x00000004dee00000| Untracked 
|  78|0x00000004df000000, 0x00000004df000000, 0x00000004df200000|  0%| F|  |TAMS 0x00000004df000000| PB 0x00000004df000000| Untracked 
|  79|0x00000004df200000, 0x00000004df200000, 0x00000004df400000|  0%| F|  |TAMS 0x00000004df200000| PB 0x00000004df200000| Untracked 
|  80|0x00000004df400000, 0x00000004df400000, 0x00000004df600000|  0%| F|  |TAMS 0x00000004df400000| PB 0x00000004df400000| Untracked 
|  81|0x00000004df600000, 0x00000004df600000, 0x00000004df800000|  0%| F|  |TAMS 0x00000004df600000| PB 0x00000004df600000| Untracked 
|  82|0x00000004df800000, 0x00000004df800000, 0x00000004dfa00000|  0%| F|  |TAMS 0x00000004df800000| PB 0x00000004df800000| Untracked 
|  83|0x00000004dfa00000, 0x00000004dfa00000, 0x00000004dfc00000|  0%| F|  |TAMS 0x00000004dfa00000| PB 0x00000004dfa00000| Untracked 
|  84|0x00000004dfc00000, 0x00000004dfc00000, 0x00000004dfe00000|  0%| F|  |TAMS 0x00000004dfc00000| PB 0x00000004dfc00000| Untracked 
|  85|0x00000004dfe00000, 0x00000004dfe00000, 0x00000004e0000000|  0%| F|  |TAMS 0x00000004dfe00000| PB 0x00000004dfe00000| Untracked 
|  86|0x00000004e0000000, 0x00000004e0000000, 0x00000004e0200000|  0%| F|  |TAMS 0x00000004e0000000| PB 0x00000004e0000000| Untracked 
|  87|0x00000004e0200000, 0x00000004e0200000, 0x00000004e0400000|  0%| F|  |TAMS 0x00000004e0200000| PB 0x00000004e0200000| Untracked 
|  88|0x00000004e0400000, 0x00000004e0400000, 0x00000004e0600000|  0%| F|  |TAMS 0x00000004e0400000| PB 0x00000004e0400000| Untracked 
|  89|0x00000004e0600000, 0x00000004e0600000, 0x00000004e0800000|  0%| F|  |TAMS 0x00000004e0600000| PB 0x00000004e0600000| Untracked 
|  90|0x00000004e0800000, 0x00000004e0800000, 0x00000004e0a00000|  0%| F|  |TAMS 0x00000004e0800000| PB 0x00000004e0800000| Untracked 
|  91|0x00000004e0a00000, 0x00000004e0a00000, 0x00000004e0c00000|  0%| F|  |TAMS 0x00000004e0a00000| PB 0x00000004e0a00000| Untracked 
|  92|0x00000004e0c00000, 0x00000004e0c00000, 0x00000004e0e00000|  0%| F|  |TAMS 0x00000004e0c00000| PB 0x00000004e0c00000| Untracked 
|  93|0x00000004e0e00000, 0x00000004e0e00000, 0x00000004e1000000|  0%| F|  |TAMS 0x00000004e0e00000| PB 0x00000004e0e00000| Untracked 
|  94|0x00000004e1000000, 0x00000004e1000000, 0x00000004e1200000|  0%| F|  |TAMS 0x00000004e1000000| PB 0x00000004e1000000| Untracked 
|  95|0x00000004e1200000, 0x00000004e1200000, 0x00000004e1400000|  0%| F|  |TAMS 0x00000004e1200000| PB 0x00000004e1200000| Untracked 
|  96|0x00000004e1400000, 0x00000004e1400000, 0x00000004e1600000|  0%| F|  |TAMS 0x00000004e1400000| PB 0x00000004e1400000| Untracked 
|  97|0x00000004e1600000, 0x00000004e1600000, 0x00000004e1800000|  0%| F|  |TAMS 0x00000004e1600000| PB 0x00000004e1600000| Untracked 
|  98|0x00000004e1800000, 0x00000004e1800000, 0x00000004e1a00000|  0%| F|  |TAMS 0x00000004e1800000| PB 0x00000004e1800000| Untracked 
|  99|0x00000004e1a00000, 0x00000004e1a00000, 0x00000004e1c00000|  0%| F|  |TAMS 0x00000004e1a00000| PB 0x00000004e1a00000| Untracked 
| 100|0x00000004e1c00000, 0x00000004e1c00000, 0x00000004e1e00000|  0%| F|  |TAMS 0x00000004e1c00000| PB 0x00000004e1c00000| Untracked 
| 101|0x00000004e1e00000, 0x00000004e1e00000, 0x00000004e2000000|  0%| F|  |TAMS 0x00000004e1e00000| PB 0x00000004e1e00000| Untracked 
| 102|0x00000004e2000000, 0x00000004e2000000, 0x00000004e2200000|  0%| F|  |TAMS 0x00000004e2000000| PB 0x00000004e2000000| Untracked 
| 103|0x00000004e2200000, 0x00000004e2200000, 0x00000004e2400000|  0%| F|  |TAMS 0x00000004e2200000| PB 0x00000004e2200000| Untracked 
| 104|0x00000004e2400000, 0x00000004e2400000, 0x00000004e2600000|  0%| F|  |TAMS 0x00000004e2400000| PB 0x00000004e2400000| Untracked 
| 105|0x00000004e2600000, 0x00000004e2600000, 0x00000004e2800000|  0%| F|  |TAMS 0x00000004e2600000| PB 0x00000004e2600000| Untracked 
| 106|0x00000004e2800000, 0x00000004e2800000, 0x00000004e2a00000|  0%| F|  |TAMS 0x00000004e2800000| PB 0x00000004e2800000| Untracked 
| 107|0x00000004e2a00000, 0x00000004e2a00000, 0x00000004e2c00000|  0%| F|  |TAMS 0x00000004e2a00000| PB 0x00000004e2a00000| Untracked 
| 108|0x00000004e2c00000, 0x00000004e2c00000, 0x00000004e2e00000|  0%| F|  |TAMS 0x00000004e2c00000| PB 0x00000004e2c00000| Untracked 
| 109|0x00000004e2e00000, 0x00000004e2e00000, 0x00000004e3000000|  0%| F|  |TAMS 0x00000004e2e00000| PB 0x00000004e2e00000| Untracked 
| 110|0x00000004e3000000, 0x00000004e316f710, 0x00000004e3200000| 71%| E|  |TAMS 0x00000004e3000000| PB 0x00000004e3000000| Complete 
| 111|0x00000004e3200000, 0x00000004e3400000, 0x00000004e3400000|100%| E|CS|TAMS 0x00000004e3200000| PB 0x00000004e3200000| Complete 
| 112|0x00000004e3400000, 0x00000004e3600000, 0x00000004e3600000|100%| E|CS|TAMS 0x00000004e3400000| PB 0x00000004e3400000| Complete 
| 113|0x00000004e3600000, 0x00000004e3800000, 0x00000004e3800000|100%| E|CS|TAMS 0x00000004e3600000| PB 0x00000004e3600000| Complete 
| 114|0x00000004e3800000, 0x00000004e3a00000, 0x00000004e3a00000|100%| E|CS|TAMS 0x00000004e3800000| PB 0x00000004e3800000| Complete 
| 115|0x00000004e3a00000, 0x00000004e3c00000, 0x00000004e3c00000|100%| E|CS|TAMS 0x00000004e3a00000| PB 0x00000004e3a00000| Complete 
| 116|0x00000004e3c00000, 0x00000004e3e00000, 0x00000004e3e00000|100%| E|CS|TAMS 0x00000004e3c00000| PB 0x00000004e3c00000| Complete 
| 117|0x00000004e3e00000, 0x00000004e4000000, 0x00000004e4000000|100%| E|CS|TAMS 0x00000004e3e00000| PB 0x00000004e3e00000| Complete 
| 118|0x00000004e4000000, 0x00000004e4200000, 0x00000004e4200000|100%| E|CS|TAMS 0x00000004e4000000| PB 0x00000004e4000000| Complete 
| 119|0x00000004e4200000, 0x00000004e4400000, 0x00000004e4400000|100%| E|CS|TAMS 0x00000004e4200000| PB 0x00000004e4200000| Complete 
| 120|0x00000004e4400000, 0x00000004e4600000, 0x00000004e4600000|100%| E|CS|TAMS 0x00000004e4400000| PB 0x00000004e4400000| Complete 
| 121|0x00000004e4600000, 0x00000004e4800000, 0x00000004e4800000|100%| E|CS|TAMS 0x00000004e4600000| PB 0x00000004e4600000| Complete 
| 122|0x00000004e4800000, 0x00000004e4a00000, 0x00000004e4a00000|100%| E|CS|TAMS 0x00000004e4800000| PB 0x00000004e4800000| Complete 
| 123|0x00000004e4a00000, 0x00000004e4c00000, 0x00000004e4c00000|100%| E|CS|TAMS 0x00000004e4a00000| PB 0x00000004e4a00000| Complete 
| 124|0x00000004e4c00000, 0x00000004e4e00000, 0x00000004e4e00000|100%| E|CS|TAMS 0x00000004e4c00000| PB 0x00000004e4c00000| Complete 
| 125|0x00000004e4e00000, 0x00000004e5000000, 0x00000004e5000000|100%| E|CS|TAMS 0x00000004e4e00000| PB 0x00000004e4e00000| Complete 
| 126|0x00000004e5000000, 0x00000004e5200000, 0x00000004e5200000|100%| E|CS|TAMS 0x00000004e5000000| PB 0x00000004e5000000| Complete 
| 127|0x00000004e5200000, 0x00000004e5400000, 0x00000004e5400000|100%| E|CS|TAMS 0x00000004e5200000| PB 0x00000004e5200000| Complete 
| 128|0x00000004e5400000, 0x00000004e5600000, 0x00000004e5600000|100%| E|CS|TAMS 0x00000004e5400000| PB 0x00000004e5400000| Complete 
| 129|0x00000004e5600000, 0x00000004e5800000, 0x00000004e5800000|100%| E|CS|TAMS 0x00000004e5600000| PB 0x00000004e5600000| Complete 
| 130|0x00000004e5800000, 0x00000004e5a00000, 0x00000004e5a00000|100%| E|CS|TAMS 0x00000004e5800000| PB 0x00000004e5800000| Complete 
| 131|0x00000004e5a00000, 0x00000004e5c00000, 0x00000004e5c00000|100%| E|CS|TAMS 0x00000004e5a00000| PB 0x00000004e5a00000| Complete 
| 132|0x00000004e5c00000, 0x00000004e5e00000, 0x00000004e5e00000|100%| E|CS|TAMS 0x00000004e5c00000| PB 0x00000004e5c00000| Complete 
| 133|0x00000004e5e00000, 0x00000004e6000000, 0x00000004e6000000|100%| E|CS|TAMS 0x00000004e5e00000| PB 0x00000004e5e00000| Complete 
| 134|0x00000004e6000000, 0x00000004e6200000, 0x00000004e6200000|100%| E|CS|TAMS 0x00000004e6000000| PB 0x00000004e6000000| Complete 
| 135|0x00000004e6200000, 0x00000004e6400000, 0x00000004e6400000|100%| E|CS|TAMS 0x00000004e6200000| PB 0x00000004e6200000| Complete 
| 136|0x00000004e6400000, 0x00000004e6600000, 0x00000004e6600000|100%| E|CS|TAMS 0x00000004e6400000| PB 0x00000004e6400000| Complete 
| 137|0x00000004e6600000, 0x00000004e6800000, 0x00000004e6800000|100%| E|CS|TAMS 0x00000004e6600000| PB 0x00000004e6600000| Complete 
| 138|0x00000004e6800000, 0x00000004e6a00000, 0x00000004e6a00000|100%| E|CS|TAMS 0x00000004e6800000| PB 0x00000004e6800000| Complete 
| 139|0x00000004e6a00000, 0x00000004e6c00000, 0x00000004e6c00000|100%| E|CS|TAMS 0x00000004e6a00000| PB 0x00000004e6a00000| Complete 
| 140|0x00000004e6c00000, 0x00000004e6e00000, 0x00000004e6e00000|100%| E|CS|TAMS 0x00000004e6c00000| PB 0x00000004e6c00000| Complete 
| 141|0x00000004e6e00000, 0x00000004e7000000, 0x00000004e7000000|100%| E|CS|TAMS 0x00000004e6e00000| PB 0x00000004e6e00000| Complete 
| 209|0x00000004ef600000, 0x00000004ef800000, 0x00000004ef800000|100%| E|CS|TAMS 0x00000004ef600000| PB 0x00000004ef600000| Complete 
| 210|0x00000004ef800000, 0x00000004efa00000, 0x00000004efa00000|100%| E|CS|TAMS 0x00000004ef800000| PB 0x00000004ef800000| Complete 
| 211|0x00000004efa00000, 0x00000004efc00000, 0x00000004efc00000|100%| E|CS|TAMS 0x00000004efa00000| PB 0x00000004efa00000| Complete 
| 212|0x00000004efc00000, 0x00000004efe00000, 0x00000004efe00000|100%| E|CS|TAMS 0x00000004efc00000| PB 0x00000004efc00000| Complete 
| 213|0x00000004efe00000, 0x00000004f0000000, 0x00000004f0000000|100%| E|CS|TAMS 0x00000004efe00000| PB 0x00000004efe00000| Complete 
| 219|0x00000004f0a00000, 0x00000004f0c00000, 0x00000004f0c00000|100%| E|CS|TAMS 0x00000004f0a00000| PB 0x00000004f0a00000| Complete 
| 252|0x00000004f4c00000, 0x00000004f4e00000, 0x00000004f4e00000|100%| E|CS|TAMS 0x00000004f4c00000| PB 0x00000004f4c00000| Complete 

Card table byte_map: [0x0000012caf0b0000,0x0000012caf8b0000] _byte_map_base: 0x0000012caca06000

Marking Bits: (CMBitMap*) 0x0000012c96c45520
 Bits: [0x0000012caf8b0000, 0x0000012cb38b0000)

Polling page: 0x0000012c94b20000

Metaspace:

Usage:
  Non-class:     43.43 MB used.
      Class:      7.22 MB used.
       Both:     50.64 MB used.

Virtual space:
  Non-class space:       64.00 MB reserved,      44.25 MB ( 69%) committed,  1 nodes.
      Class space:        1.00 GB reserved,       8.06 MB ( <1%) committed,  1 nodes.
             Both:        1.06 GB reserved,      52.31 MB (  5%) committed. 

Chunk freelists:
   Non-Class:  2.81 MB
       Class:  7.81 MB
        Both:  10.62 MB

MaxMetaspaceSize: unlimited
CompressedClassSpaceSize: 1.00 GB
Initial GC threshold: 21.00 MB
Current GC threshold: 58.75 MB
CDS: on
 - commit_granule_bytes: 65536.
 - commit_granule_words: 8192.
 - virtual_space_node_default_size: 8388608.
 - enlarge_chunks_in_place: 1.
 - use_allocation_guard: 0.


Internal statistics:

num_allocs_failed_limit: 6.
num_arena_births: 3232.
num_arena_deaths: 0.
num_vsnodes_births: 2.
num_vsnodes_deaths: 0.
num_space_committed: 837.
num_space_uncommitted: 0.
num_chunks_returned_to_freelist: 6.
num_chunks_taken_from_freelist: 5736.
num_chunk_merges: 6.
num_chunk_splits: 3758.
num_chunks_enlarged: 2333.
num_inconsistent_stats: 0.

CodeHeap 'non-profiled nmethods': size=120000Kb used=3083Kb max_used=3083Kb free=116916Kb
 bounds [0x0000012ca6e30000, 0x0000012ca7140000, 0x0000012cae360000]
CodeHeap 'profiled nmethods': size=120000Kb used=9009Kb max_used=9009Kb free=110990Kb
 bounds [0x0000012c9f360000, 0x0000012c9fc30000, 0x0000012ca6890000]
CodeHeap 'non-nmethods': size=5760Kb used=2220Kb max_used=2247Kb free=3539Kb
 bounds [0x0000012ca6890000, 0x0000012ca6b00000, 0x0000012ca6e30000]
 total_blobs=5445 nmethods=4693 adapters=656
 compilation: enabled
              stopped_count=0, restarted_count=0
 full_count=0

Compilation events (20 events):
Event: 4.496 Thread 0x0000012cb65d81b0 nmethod 5189 0x0000012c9fc2b110 code [0x0000012c9fc2b360, 0x0000012c9fc2bde0]
Event: 4.496 Thread 0x0000012cb5cca630 nmethod 5187 0x0000012ca712c610 code [0x0000012ca712c7a0, 0x0000012ca712c8a0]
Event: 4.496 Thread 0x0000012cb5cca630 5186       4       org.objectweb.asm.MethodWriter::visitMethodInsn (191 bytes)
Event: 4.497 Thread 0x0000012cb65d81b0 5190       3       org.gradle.internal.event.DefaultListenerManager$EventBroadcast$ListenerDispatch::<init> (16 bytes)
Event: 4.497 Thread 0x0000012cb65d81b0 nmethod 5190 0x0000012c9fc2c090 code [0x0000012c9fc2c240, 0x0000012c9fc2c4d8]
Event: 4.504 Thread 0x0000012cb5cca630 nmethod 5186 0x0000012ca712c990 code [0x0000012ca712cc60, 0x0000012ca712de58]
Event: 4.510 Thread 0x0000012cb65d8f50 nmethod 5181 0x0000012ca712ec10 code [0x0000012ca712ef60, 0x0000012ca71309d0]
Event: 4.510 Thread 0x0000012cb65d81b0 5191       1       org.objectweb.asm.Handle::getTag (5 bytes)
Event: 4.510 Thread 0x0000012cb65d81b0 nmethod 5191 0x0000012ca7131a10 code [0x0000012ca7131ba0, 0x0000012ca7131c68]
Event: 4.510 Thread 0x0000012cb65d81b0 5192       1       org.objectweb.asm.Handle::getOwner (5 bytes)
Event: 4.510 Thread 0x0000012cb5cca630 5196       4       org.objectweb.asm.ByteVector::putShort (52 bytes)
Event: 4.510 Thread 0x0000012cb65d81b0 nmethod 5192 0x0000012ca7131d10 code [0x0000012ca7131ea0, 0x0000012ca7131f70]
Event: 4.510 Thread 0x0000012cb65d81b0 5193       1       org.objectweb.asm.Handle::getName (5 bytes)
Event: 4.510 Thread 0x0000012cb65d81b0 nmethod 5193 0x0000012ca7132010 code [0x0000012ca71321a0, 0x0000012ca7132270]
Event: 4.511 Thread 0x0000012cb65d81b0 5194       1       org.objectweb.asm.Handle::getDesc (5 bytes)
Event: 4.511 Thread 0x0000012cb65d81b0 nmethod 5194 0x0000012ca7132310 code [0x0000012ca71324a0, 0x0000012ca7132570]
Event: 4.511 Thread 0x0000012cb65d81b0 5195       1       org.objectweb.asm.Handle::isInterface (5 bytes)
Event: 4.511 Thread 0x0000012cb65d81b0 nmethod 5195 0x0000012ca7132610 code [0x0000012ca71327a0, 0x0000012ca7132870]
Event: 4.511 Thread 0x0000012cb5cca630 nmethod 5196 0x0000012ca7132910 code [0x0000012ca7132ac0, 0x0000012ca7132c88]
Event: 4.512 Thread 0x0000012cb65d81b0 5197       3       org.objectweb.asm.ClassReader::readCode (5117 bytes)

GC Heap History (18 events):
Event: 0.169 GC heap before
{Heap before GC invocations=0 (full 0):
 garbage-first heap   total 518144K, used 24576K [0x00000004d5400000, 0x00000005d5400000)
  region size 2048K, 12 young (24576K), 0 survivors (0K)
 Metaspace       used 896K, committed 1024K, reserved 1114112K
  class space    used 70K, committed 128K, reserved 1048576K
}
Event: 0.170 GC heap after
{Heap after GC invocations=1 (full 0):
 garbage-first heap   total 518144K, used 1610K [0x00000004d5400000, 0x00000005d5400000)
  region size 2048K, 1 young (2048K), 1 survivors (2048K)
 Metaspace       used 896K, committed 1024K, reserved 1114112K
  class space    used 70K, committed 128K, reserved 1048576K
}
Event: 0.514 GC heap before
{Heap before GC invocations=1 (full 0):
 garbage-first heap   total 518144K, used 50762K [0x00000004d5400000, 0x00000005d5400000)
  region size 2048K, 24 young (49152K), 1 survivors (2048K)
 Metaspace       used 4694K, committed 4928K, reserved 1114112K
  class space    used 574K, committed 704K, reserved 1048576K
}
Event: 0.515 GC heap after
{Heap after GC invocations=2 (full 0):
 garbage-first heap   total 518144K, used 11664K [0x00000004d5400000, 0x00000005d5400000)
  region size 2048K, 3 young (6144K), 3 survivors (6144K)
 Metaspace       used 4694K, committed 4928K, reserved 1114112K
  class space    used 574K, committed 704K, reserved 1048576K
}
Event: 1.014 GC heap before
{Heap before GC invocations=2 (full 0):
 garbage-first heap   total 518144K, used 73104K [0x00000004d5400000, 0x00000005d5400000)
  region size 2048K, 34 young (69632K), 3 survivors (6144K)
 Metaspace       used 10789K, committed 11136K, reserved 1114112K
  class space    used 1371K, committed 1536K, reserved 1048576K
}
Event: 1.017 GC heap after
{Heap after GC invocations=3 (full 0):
 garbage-first heap   total 518144K, used 20318K [0x00000004d5400000, 0x00000005d5400000)
  region size 2048K, 5 young (10240K), 5 survivors (10240K)
 Metaspace       used 10789K, committed 11136K, reserved 1114112K
  class space    used 1371K, committed 1536K, reserved 1048576K
}
Event: 1.534 GC heap before
{Heap before GC invocations=3 (full 0):
 garbage-first heap   total 518144K, used 83806K [0x00000004d5400000, 0x00000005d5400000)
  region size 2048K, 38 young (77824K), 5 survivors (10240K)
 Metaspace       used 20947K, committed 21504K, reserved 1114112K
  class space    used 2755K, committed 3008K, reserved 1048576K
}
Event: 1.536 GC heap after
{Heap after GC invocations=4 (full 0):
 garbage-first heap   total 518144K, used 23601K [0x00000004d5400000, 0x00000005d5400000)
  region size 2048K, 6 young (12288K), 6 survivors (12288K)
 Metaspace       used 20947K, committed 21504K, reserved 1114112K
  class space    used 2755K, committed 3008K, reserved 1048576K
}
Event: 1.816 GC heap before
{Heap before GC invocations=5 (full 0):
 garbage-first heap   total 90112K, used 62513K [0x00000004d5400000, 0x00000005d5400000)
  region size 2048K, 26 young (53248K), 6 survivors (12288K)
 Metaspace       used 25963K, committed 26816K, reserved 1114112K
  class space    used 3563K, committed 3968K, reserved 1048576K
}
Event: 1.819 GC heap after
{Heap after GC invocations=6 (full 0):
 garbage-first heap   total 90112K, used 26434K [0x00000004d5400000, 0x00000005d5400000)
  region size 2048K, 4 young (8192K), 4 survivors (8192K)
 Metaspace       used 25963K, committed 26816K, reserved 1114112K
  class space    used 3563K, committed 3968K, reserved 1048576K
}
Event: 2.138 GC heap before
{Heap before GC invocations=6 (full 0):
 garbage-first heap   total 90112K, used 71490K [0x00000004d5400000, 0x00000005d5400000)
  region size 2048K, 26 young (53248K), 4 survivors (8192K)
 Metaspace       used 31599K, committed 32832K, reserved 1114112K
  class space    used 4471K, committed 5120K, reserved 1048576K
}
Event: 2.141 GC heap after
{Heap after GC invocations=7 (full 0):
 garbage-first heap   total 90112K, used 28299K [0x00000004d5400000, 0x00000005d5400000)
  region size 2048K, 3 young (6144K), 3 survivors (6144K)
 Metaspace       used 31599K, committed 32832K, reserved 1114112K
  class space    used 4471K, committed 5120K, reserved 1048576K
}
Event: 2.257 GC heap before
{Heap before GC invocations=7 (full 0):
 garbage-first heap   total 90112K, used 42635K [0x00000004d5400000, 0x00000005d5400000)
  region size 2048K, 12 young (24576K), 3 survivors (6144K)
 Metaspace       used 34623K, committed 35968K, reserved 1114112K
  class space    used 4787K, committed 5504K, reserved 1048576K
}
Event: 2.258 GC heap after
{Heap after GC invocations=8 (full 0):
 garbage-first heap   total 90112K, used 29697K [0x00000004d5400000, 0x00000005d5400000)
  region size 2048K, 2 young (4096K), 2 survivors (4096K)
 Metaspace       used 34623K, committed 35968K, reserved 1114112K
  class space    used 4787K, committed 5504K, reserved 1048576K
}
Event: 2.438 GC heap before
{Heap before GC invocations=9 (full 0):
 garbage-first heap   total 90112K, used 72705K [0x00000004d5400000, 0x00000005d5400000)
  region size 2048K, 24 young (49152K), 2 survivors (4096K)
 Metaspace       used 37361K, committed 38784K, reserved 1114112K
  class space    used 5179K, committed 5888K, reserved 1048576K
}
Event: 2.440 GC heap after
{Heap after GC invocations=10 (full 0):
 garbage-first heap   total 90112K, used 32255K [0x00000004d5400000, 0x00000005d5400000)
  region size 2048K, 2 young (4096K), 2 survivors (4096K)
 Metaspace       used 37361K, committed 38784K, reserved 1114112K
  class space    used 5179K, committed 5888K, reserved 1048576K
}
Event: 2.806 GC heap before
{Heap before GC invocations=10 (full 0):
 garbage-first heap   total 90112K, used 77311K [0x00000004d5400000, 0x00000005d5400000)
  region size 2048K, 24 young (49152K), 2 survivors (4096K)
 Metaspace       used 42691K, committed 44288K, reserved 1114112K
  class space    used 6030K, committed 6848K, reserved 1048576K
}
Event: 2.809 GC heap after
{Heap after GC invocations=11 (full 0):
 garbage-first heap   total 305152K, used 34500K [0x00000004d5400000, 0x00000005d5400000)
  region size 2048K, 3 young (6144K), 3 survivors (6144K)
 Metaspace       used 42691K, committed 44288K, reserved 1114112K
  class space    used 6030K, committed 6848K, reserved 1048576K
}

Dll operation events (15 events):
Event: 0.006 Loaded shared library C:\Program Files\Zulu\zulu-21\bin\java.dll
Event: 0.023 Loaded shared library C:\Program Files\Zulu\zulu-21\bin\jsvml.dll
Event: 0.042 Loaded shared library C:\Program Files\Zulu\zulu-21\bin\zip.dll
Event: 0.044 Loaded shared library C:\Program Files\Zulu\zulu-21\bin\instrument.dll
Event: 0.046 Loaded shared library C:\Program Files\Zulu\zulu-21\bin\net.dll
Event: 0.047 Loaded shared library C:\Program Files\Zulu\zulu-21\bin\nio.dll
Event: 0.049 Loaded shared library C:\Program Files\Zulu\zulu-21\bin\zip.dll
Event: 0.171 Loaded shared library C:\Program Files\Zulu\zulu-21\bin\jimage.dll
Event: 0.264 Loaded shared library C:\Program Files\Zulu\zulu-21\bin\verify.dll
Event: 0.278 Loaded shared library C:\Users\yolki\.gradle\native\660c5614fbf4a5f2a75b1949f50a0caf5cd603558e7d8a26e50b933a0cfb79d1\windows-amd64\native-platform.dll
Event: 0.284 Loaded shared library C:\Users\yolki\.gradle\native\0.2.8\x86_64-windows-gnu\gradle-fileevents.dll
Event: 0.820 Loaded shared library C:\Program Files\Zulu\zulu-21\bin\management.dll
Event: 0.821 Loaded shared library C:\Program Files\Zulu\zulu-21\bin\management_ext.dll
Event: 0.889 Loaded shared library C:\Program Files\Zulu\zulu-21\bin\extnet.dll
Event: 0.992 Loaded shared library C:\Program Files\Zulu\zulu-21\bin\sunmscapi.dll

Deoptimization events (20 events):
Event: 4.457 Thread 0x0000012cfdbe9280 DEOPT PACKING pc=0x0000012ca711ec24 sp=0x00000007577f8450
Event: 4.457 Thread 0x0000012cfdbe9280 DEOPT UNPACKING pc=0x0000012ca68e7da2 sp=0x00000007577f8370 mode 2
Event: 4.459 Thread 0x0000012cfdbe9280 Uncommon trap: trap_request=0xffffff45 fr.pc=0x0000012ca7109cec relative=0x00000000000003ec
Event: 4.459 Thread 0x0000012cfdbe9280 Uncommon trap: reason=unstable_if action=reinterpret pc=0x0000012ca7109cec method=org.gradle.internal.reflect.PropertyAccessorType.isGetGetterName(Ljava/lang/String;)Z @ 14 c2
Event: 4.459 Thread 0x0000012cfdbe9280 DEOPT PACKING pc=0x0000012ca7109cec sp=0x00000007577f85e0
Event: 4.459 Thread 0x0000012cfdbe9280 DEOPT UNPACKING pc=0x0000012ca68e7da2 sp=0x00000007577f8538 mode 2
Event: 4.469 Thread 0x0000012cfdbe9280 DEOPT PACKING pc=0x0000012c9f813ed1 sp=0x00000007577f8520
Event: 4.469 Thread 0x0000012cfdbe9280 DEOPT UNPACKING pc=0x0000012ca68e88e2 sp=0x00000007577f7a20 mode 0
Event: 4.471 Thread 0x0000012cfdbe9280 Uncommon trap: trap_request=0xffffff45 fr.pc=0x0000012ca7124b04 relative=0x0000000000000984
Event: 4.471 Thread 0x0000012cfdbe9280 Uncommon trap: reason=unstable_if action=reinterpret pc=0x0000012ca7124b04 method=org.objectweb.asm.MethodWriter.visitLabel(Lorg/objectweb/asm/Label;)V @ 37 c2
Event: 4.471 Thread 0x0000012cfdbe9280 DEOPT PACKING pc=0x0000012ca7124b04 sp=0x00000007577f8320
Event: 4.471 Thread 0x0000012cfdbe9280 DEOPT UNPACKING pc=0x0000012ca68e7da2 sp=0x00000007577f8320 mode 2
Event: 4.471 Thread 0x0000012cfdbe9280 Uncommon trap: trap_request=0xffffff45 fr.pc=0x0000012ca710a91c relative=0x000000000000041c
Event: 4.471 Thread 0x0000012cfdbe9280 Uncommon trap: reason=unstable_if action=reinterpret pc=0x0000012ca710a91c method=org.objectweb.asm.MethodWriter.visitVarInsn(II)V @ 108 c2
Event: 4.471 Thread 0x0000012cfdbe9280 DEOPT PACKING pc=0x0000012ca710a91c sp=0x00000007577f83d0
Event: 4.471 Thread 0x0000012cfdbe9280 DEOPT UNPACKING pc=0x0000012ca68e7da2 sp=0x00000007577f8388 mode 2
Event: 4.472 Thread 0x0000012cfdbe9280 Uncommon trap: trap_request=0xffffff45 fr.pc=0x0000012ca703a8b0 relative=0x0000000000000110
Event: 4.472 Thread 0x0000012cfdbe9280 Uncommon trap: reason=unstable_if action=reinterpret pc=0x0000012ca703a8b0 method=org.objectweb.asm.ByteVector.putShort(I)Lorg/objectweb/asm/ByteVector; @ 13 c2
Event: 4.472 Thread 0x0000012cfdbe9280 DEOPT PACKING pc=0x0000012ca703a8b0 sp=0x00000007577f8340
Event: 4.472 Thread 0x0000012cfdbe9280 DEOPT UNPACKING pc=0x0000012ca68e7da2 sp=0x00000007577f82d8 mode 2

Classes loaded (20 events):
Event: 2.968 Loading class java/util/stream/SortedOps$OfRef
Event: 2.968 Loading class java/util/stream/SortedOps$OfRef done
Event: 2.968 Loading class java/util/stream/SortedOps$SizedRefSortingSink
Event: 2.968 Loading class java/util/stream/SortedOps$AbstractRefSortingSink
Event: 2.968 Loading class java/util/stream/SortedOps$AbstractRefSortingSink done
Event: 2.968 Loading class java/util/stream/SortedOps$SizedRefSortingSink done
Event: 3.040 Loading class java/util/concurrent/atomic/AtomicIntegerArray
Event: 3.040 Loading class java/util/concurrent/atomic/AtomicIntegerArray done
Event: 3.040 Loading class java/util/concurrent/atomic/AtomicLongArray
Event: 3.040 Loading class java/util/concurrent/atomic/AtomicLongArray done
Event: 3.240 Loading class java/lang/ThreadDeath
Event: 3.240 Loading class java/lang/ThreadDeath done
Event: 3.240 Loading class sun/misc/SharedSecrets
Event: 3.240 Loading class sun/misc/SharedSecrets done
Event: 4.457 Loading class java/util/function/LongUnaryOperator
Event: 4.457 Loading class java/util/function/LongUnaryOperator done
Event: 4.463 Loading class java/util/TreeMap$KeySpliterator
Event: 4.463 Loading class java/util/TreeMap$TreeMapSpliterator
Event: 4.463 Loading class java/util/TreeMap$TreeMapSpliterator done
Event: 4.463 Loading class java/util/TreeMap$KeySpliterator done

Classes unloaded (0 events):
No events

Classes redefined (0 events):
No events

Internal exceptions (20 events):
Event: 2.783 Thread 0x0000012cfdbe9280 Exception <a 'java/lang/NoSuchMethodError'{0x00000004d82aa800}: 'java.lang.Object java.lang.invoke.DirectMethodHandle$Holder.invokeSpecial(java.lang.Object, java.lang.Object, java.lang.Object, int, java.lang.Object)'> (0x00000004d82aa800) 
thrown [s\src\hotspot\share\interpreter\linkResolver.cpp, line 773]
Event: 2.783 Thread 0x0000012cfdbe9280 Exception <a 'java/lang/NoSuchMethodError'{0x00000004d82b2d68}: 'java.lang.Object java.lang.invoke.DirectMethodHandle$Holder.newInvokeSpecial(java.lang.Object, java.lang.Object, java.lang.Object, int)'> (0x00000004d82b2d68) 
thrown [s\src\hotspot\share\interpreter\linkResolver.cpp, line 773]
Event: 2.783 Thread 0x0000012cfdbe9280 Exception <a 'java/lang/NoSuchMethodError'{0x00000004d82b7ad0}: 'java.lang.Object java.lang.invoke.DirectMethodHandle$Holder.invokeSpecial(java.lang.Object, java.lang.Object, java.lang.Object, java.lang.Object, int)'> (0x00000004d82b7ad0) 
thrown [s\src\hotspot\share\interpreter\linkResolver.cpp, line 773]
Event: 2.783 Thread 0x0000012cfdbe9280 Exception <a 'java/lang/NoSuchMethodError'{0x00000004d82bbed0}: 'java.lang.Object java.lang.invoke.Invokers$Holder.linkToTargetMethod(java.lang.Object, java.lang.Object, int, java.lang.Object)'> (0x00000004d82bbed0) 
thrown [s\src\hotspot\share\interpreter\linkResolver.cpp, line 773]
Event: 2.799 Thread 0x0000012cfdbe9280 Exception <a 'java/lang/NoSuchMethodError'{0x00000004d8101988}: 'int java.lang.invoke.DirectMethodHandle$Holder.invokeSpecialIFC(java.lang.Object, java.lang.Object, java.lang.Object)'> (0x00000004d8101988) 
thrown [s\src\hotspot\share\interpreter\linkResolver.cpp, line 773]
Event: 2.836 Thread 0x0000012cfdbe9280 Exception <a 'java/lang/NoSuchMethodError'{0x00000004f0ba54c8}: 'java.lang.Object java.lang.invoke.DirectMethodHandle$Holder.newInvokeSpecial(java.lang.Object, java.lang.Object, long, java.lang.Object)'> (0x00000004f0ba54c8) 
thrown [s\src\hotspot\share\interpreter\linkResolver.cpp, line 773]
Event: 2.836 Thread 0x0000012cfdbe9280 Exception <a 'java/lang/NoSuchMethodError'{0x00000004f0baa240}: 'java.lang.Object java.lang.invoke.DirectMethodHandle$Holder.invokeSpecial(java.lang.Object, java.lang.Object, java.lang.Object, long, java.lang.Object)'> (0x00000004f0baa240) 
thrown [s\src\hotspot\share\interpreter\linkResolver.cpp, line 773]
Event: 2.836 Thread 0x0000012cfdbe9280 Exception <a 'java/lang/NoSuchMethodError'{0x00000004f0bae918}: 'java.lang.Object java.lang.invoke.Invokers$Holder.linkToTargetMethod(java.lang.Object, long, java.lang.Object, java.lang.Object)'> (0x00000004f0bae918) 
thrown [s\src\hotspot\share\interpreter\linkResolver.cpp, line 773]
Event: 2.837 Thread 0x0000012cfdbe9280 Exception <a 'java/lang/NoSuchMethodError'{0x00000004f0bd5468}: 'void java.lang.invoke.DirectMethodHandle$Holder.invokeStatic(java.lang.Object, java.lang.Object, java.lang.Object, int, java.lang.Object)'> (0x00000004f0bd5468) 
thrown [s\src\hotspot\share\interpreter\linkResolver.cpp, line 773]
Event: 2.845 Thread 0x0000012cfdbe9280 Exception <a 'java/lang/NoSuchMethodError'{0x00000004eff82038}: 'int java.lang.invoke.DirectMethodHandle$Holder.invokeInterface(java.lang.Object, java.lang.Object, java.lang.Object, java.lang.Object, java.lang.Object)'> (0x00000004eff82038) 
thrown [s\src\hotspot\share\interpreter\linkResolver.cpp, line 773]
Event: 2.863 Thread 0x0000012cfdbe9280 Exception <a 'java/lang/NoSuchMethodError'{0x00000004efa10900}: 'java.lang.Object java.lang.invoke.DirectMethodHandle$Holder.invokeSpecial(java.lang.Object, java.lang.Object, long, java.lang.Object, java.lang.Object)'> (0x00000004efa10900) 
thrown [s\src\hotspot\share\interpreter\linkResolver.cpp, line 773]
Event: 2.895 Thread 0x0000012cfdbe9280 Exception <a 'java/lang/NoSuchMethodError'{0x00000004ef6f2c88}: 'java.lang.Object java.lang.invoke.DirectMethodHandle$Holder.newInvokeSpecial(java.lang.Object, java.lang.Object, java.lang.Object, java.lang.Object, int, java.lang.Object)'> (0x00000004ef6f2c88) 
thrown [s\src\hotspot\share\interpreter\linkResolver.cpp, line 773]
Event: 2.895 Thread 0x0000012cfdbe9280 Exception <a 'java/lang/NoSuchMethodError'{0x00000004ef6f7ce0}: 'java.lang.Object java.lang.invoke.DirectMethodHandle$Holder.invokeSpecial(java.lang.Object, java.lang.Object, java.lang.Object, java.lang.Object, java.lang.Object, int, java.lang.Object)'> (0x00000004ef6f7ce0) 
thrown [s\src\hotspot\share\interpreter\linkResolver.cpp, line 773]
Event: 2.895 Thread 0x0000012cfdbe9280 Exception <a 'java/lang/NoSuchMethodError'{0x00000004ef6fc5b8}: 'java.lang.Object java.lang.invoke.Invokers$Holder.linkToTargetMethod(java.lang.Object, java.lang.Object, java.lang.Object, int, java.lang.Object, java.lang.Object)'> (0x00000004ef6fc5b8) 
thrown [s\src\hotspot\share\interpreter\linkResolver.cpp, line 773]
Event: 2.936 Thread 0x0000012cfdbe9280 Exception <a 'java/lang/NoSuchMethodError'{0x00000004e6d8b110}: 'java.lang.Object java.lang.invoke.DirectMethodHandle$Holder.invokeSpecialIFC(java.lang.Object, java.lang.Object, java.lang.Object)'> (0x00000004e6d8b110) 
thrown [s\src\hotspot\share\interpreter\linkResolver.cpp, line 773]
Event: 3.008 Thread 0x0000012cfdbe9280 Exception <a 'java/lang/NoSuchMethodError'{0x00000004e64481f8}: 'long java.lang.invoke.DirectMethodHandle$Holder.invokeStatic(java.lang.Object, java.lang.Object)'> (0x00000004e64481f8) 
thrown [s\src\hotspot\share\interpreter\linkResolver.cpp, line 773]
Event: 3.240 Thread 0x0000012cfdbe9280 Exception <a 'java/lang/ClassNotFoundException'{0x00000004e4ad2e08}: sun/misc/SharedSecrets> (0x00000004e4ad2e08) 
thrown [s\src\hotspot\share\classfile\systemDictionary.cpp, line 315]
Event: 3.342 Thread 0x0000012cfdbe9280 Exception <a 'java/lang/NoSuchMethodError'{0x00000004e4110860}: 'java.lang.Object java.lang.invoke.Invokers$Holder.invoker(java.lang.Object, java.lang.Object, java.lang.Object, java.lang.Object, java.lang.Object)'> (0x00000004e4110860) 
thrown [s\src\hotspot\share\interpreter\linkResolver.cpp, line 773]
Event: 4.457 Thread 0x0000012cfdbe9280 Exception <a 'java/lang/NoSuchMethodError'{0x00000004e3681480}: 'long java.lang.invoke.DirectMethodHandle$Holder.invokeStatic(java.lang.Object, long)'> (0x00000004e3681480) 
thrown [s\src\hotspot\share\interpreter\linkResolver.cpp, line 773]
Event: 4.471 Thread 0x0000012cfdbe9280 Implicit null exception at 0x0000012ca710a5ce to 0x0000012ca710a910

ZGC Phase Switch (0 events):
No events

VM Operations (20 events):
Event: 2.417 Executing VM operation: HandshakeAllThreads (Deoptimize) done
Event: 2.438 Executing VM operation: G1CollectForAllocation (G1 Evacuation Pause)
Event: 2.440 Executing VM operation: G1CollectForAllocation (G1 Evacuation Pause) done
Event: 2.478 Executing VM operation: HandshakeAllThreads (Deoptimize)
Event: 2.478 Executing VM operation: HandshakeAllThreads (Deoptimize) done
Event: 2.478 Executing VM operation: HandshakeAllThreads (Deoptimize)
Event: 2.478 Executing VM operation: HandshakeAllThreads (Deoptimize) done
Event: 2.512 Executing VM operation: HandshakeAllThreads (Deoptimize)
Event: 2.512 Executing VM operation: HandshakeAllThreads (Deoptimize) done
Event: 2.539 Executing VM operation: HandshakeAllThreads (Deoptimize)
Event: 2.539 Executing VM operation: HandshakeAllThreads (Deoptimize) done
Event: 2.806 Executing VM operation: G1CollectForAllocation (G1 Evacuation Pause)
Event: 2.809 Executing VM operation: G1CollectForAllocation (G1 Evacuation Pause) done
Event: 2.860 Executing VM operation: HandshakeAllThreads (Deoptimize)
Event: 2.860 Executing VM operation: HandshakeAllThreads (Deoptimize) done
Event: 3.234 Executing VM operation: ICBufferFull
Event: 3.234 Executing VM operation: ICBufferFull done
Event: 4.247 Executing VM operation: Cleanup
Event: 4.371 Executing VM operation: Cleanup done
Event: 5.372 Executing VM operation: Cleanup

Events (20 events):
Event: 2.265 Thread 0x0000012cb5c95bf0 flushing nmethod 0x0000012ca6e5f490
Event: 2.265 Thread 0x0000012cb5c95bf0 flushing nmethod 0x0000012ca6e7f090
Event: 2.265 Thread 0x0000012cb5c95bf0 flushing nmethod 0x0000012ca6e5e790
Event: 2.265 Thread 0x0000012cb5c95bf0 flushing nmethod 0x0000012ca6e70110
Event: 2.265 Thread 0x0000012cb5c95bf0 flushing nmethod 0x0000012ca6e5da90
Event: 2.265 Thread 0x0000012cb5c95bf0 flushing nmethod 0x0000012ca6e69c10
Event: 2.265 Thread 0x0000012cb5c95bf0 flushing nmethod 0x0000012ca6e65a90
Event: 2.265 Thread 0x0000012cb5c95bf0 flushing nmethod 0x0000012ca6e68d10
Event: 2.265 Thread 0x0000012cb5c95bf0 flushing nmethod 0x0000012ca6e4c110
Event: 2.265 Thread 0x0000012cb5c95bf0 flushing nmethod 0x0000012ca6e54410
Event: 2.265 Thread 0x0000012cb5c95bf0 flushing nmethod 0x0000012ca6e4b210
Event: 2.265 Thread 0x0000012cb5c95bf0 flushing nmethod 0x0000012ca6e5a390
Event: 2.265 Thread 0x0000012cb5c95bf0 flushing nmethod 0x0000012ca6e53790
Event: 2.265 Thread 0x0000012cb5c95bf0 flushing nmethod 0x0000012ca6e4c690
Event: 2.881 Thread 0x0000012cfef68300 Thread added: 0x0000012cfef68300
Event: 2.881 Thread 0x0000012cfef6a3d0 Thread added: 0x0000012cfef6a3d0
Event: 2.912 Thread 0x0000012cfef6aa60 Thread added: 0x0000012cfef6aa60
Event: 2.913 Thread 0x0000012c804172d0 Thread added: 0x0000012c804172d0
Event: 2.936 Thread 0x0000012c80418680 Thread added: 0x0000012c80418680
Event: 2.937 Thread 0x0000012c80418d10 Thread added: 0x0000012c80418d10


Dynamic libraries:
0x00007ff6274a0000 - 0x00007ff6274ae000 	C:\Program Files\Zulu\zulu-21\bin\java.exe
0x00007ff82e060000 - 0x00007ff82e2c7000 	C:\WINDOWS\SYSTEM32\ntdll.dll
0x00007ff82c580000 - 0x00007ff82c649000 	C:\WINDOWS\System32\KERNEL32.DLL
0x00007ff82b7a0000 - 0x00007ff82bb8f000 	C:\WINDOWS\System32\KERNELBASE.dll
0x00007ff82b370000 - 0x00007ff82b4bb000 	C:\WINDOWS\System32\ucrtbase.dll
0x00007ff8228c0000 - 0x00007ff8228d9000 	C:\Program Files\Zulu\zulu-21\bin\jli.dll
0x00007ff808e20000 - 0x00007ff808e3b000 	C:\Program Files\Zulu\zulu-21\bin\VCRUNTIME140.dll
0x00007ff82c650000 - 0x00007ff82c815000 	C:\WINDOWS\System32\USER32.dll
0x00007ff80c130000 - 0x00007ff80c3c3000 	C:\WINDOWS\WinSxS\amd64_microsoft.windows.common-controls_6595b64144ccf1df_6.0.26100.7309_none_3e05feeae336a044\COMCTL32.dll
0x00007ff82bc50000 - 0x00007ff82bc77000 	C:\WINDOWS\System32\win32u.dll
0x00007ff82cb50000 - 0x00007ff82cbf9000 	C:\WINDOWS\System32\msvcrt.dll
0x00007ff82be10000 - 0x00007ff82be3b000 	C:\WINDOWS\System32\GDI32.dll
0x00007ff82b240000 - 0x00007ff82b36c000 	C:\WINDOWS\System32\gdi32full.dll
0x00007ff82b6f0000 - 0x00007ff82b793000 	C:\WINDOWS\System32\msvcp_win.dll
0x00007ff82d650000 - 0x00007ff82d681000 	C:\WINDOWS\System32\IMM32.DLL
0x00007ff825cc0000 - 0x00007ff825ccc000 	C:\Program Files\Zulu\zulu-21\bin\vcruntime140_1.dll
0x00007fffd2a70000 - 0x00007fffd2afe000 	C:\Program Files\Zulu\zulu-21\bin\msvcp140.dll
0x00007fff17340000 - 0x00007fff180d4000 	C:\Program Files\Zulu\zulu-21\bin\server\jvm.dll
0x00007ff82d500000 - 0x00007ff82d5b4000 	C:\WINDOWS\System32\ADVAPI32.dll
0x00007ff82c4d0000 - 0x00007ff82c576000 	C:\WINDOWS\System32\sechost.dll
0x00007ff82cde0000 - 0x00007ff82cef8000 	C:\WINDOWS\System32\RPCRT4.dll
0x00007ff82d6e0000 - 0x00007ff82d754000 	C:\WINDOWS\System32\WS2_32.dll
0x00007ff82b010000 - 0x00007ff82b06e000 	C:\WINDOWS\SYSTEM32\POWRPROF.dll
0x00007ff81bf60000 - 0x00007ff81bf95000 	C:\WINDOWS\SYSTEM32\WINMM.dll
0x00007ff8238c0000 - 0x00007ff8238cb000 	C:\WINDOWS\SYSTEM32\VERSION.dll
0x00007ff82aff0000 - 0x00007ff82b004000 	C:\WINDOWS\SYSTEM32\UMPDC.dll
0x00007ff829f20000 - 0x00007ff829f3b000 	C:\WINDOWS\SYSTEM32\kernel.appcore.dll
0x00007ff811320000 - 0x00007ff81132a000 	C:\Program Files\Zulu\zulu-21\bin\jimage.dll
0x00007ff812560000 - 0x00007ff8127a2000 	C:\WINDOWS\SYSTEM32\DBGHELP.DLL
0x00007ff82c010000 - 0x00007ff82c395000 	C:\WINDOWS\System32\combase.dll
0x00007ff82d420000 - 0x00007ff82d4f6000 	C:\WINDOWS\System32\OLEAUT32.dll
0x00007ff810990000 - 0x00007ff8109cc000 	C:\WINDOWS\SYSTEM32\dbgcore.DLL
0x00007ff82bba0000 - 0x00007ff82bc45000 	C:\WINDOWS\System32\bcryptPrimitives.dll
0x00007ffff8bd0000 - 0x00007ffff8bdf000 	C:\Program Files\Zulu\zulu-21\bin\instrument.dll
0x00007ff808e00000 - 0x00007ff808e1f000 	C:\Program Files\Zulu\zulu-21\bin\java.dll
0x00007ff82d820000 - 0x00007ff82df73000 	C:\WINDOWS\System32\SHELL32.dll
0x00007ff82b4c0000 - 0x00007ff82b62a000 	C:\WINDOWS\System32\wintypes.dll
0x00007ff8288e0000 - 0x00007ff82913e000 	C:\WINDOWS\SYSTEM32\windows.storage.dll
0x00007ff82c8b0000 - 0x00007ff82c9a5000 	C:\WINDOWS\System32\SHCORE.dll
0x00007ff82cf00000 - 0x00007ff82cf66000 	C:\WINDOWS\System32\shlwapi.dll
0x00007ff82b0d0000 - 0x00007ff82b0f9000 	C:\WINDOWS\SYSTEM32\profapi.dll
0x00007fffd0ad0000 - 0x00007fffd0ba7000 	C:\Program Files\Zulu\zulu-21\bin\jsvml.dll
0x00007ffff3dd0000 - 0x00007ffff3de8000 	C:\Program Files\Zulu\zulu-21\bin\zip.dll
0x00007ff811300000 - 0x00007ff811310000 	C:\Program Files\Zulu\zulu-21\bin\net.dll
0x00007ff822900000 - 0x00007ff822a28000 	C:\WINDOWS\SYSTEM32\WINHTTP.dll
0x00007ff82a470000 - 0x00007ff82a4db000 	C:\WINDOWS\system32\mswsock.dll
0x00007ffff3ea0000 - 0x00007ffff3eb6000 	C:\Program Files\Zulu\zulu-21\bin\nio.dll
0x00007ff80e800000 - 0x00007ff80e810000 	C:\Program Files\Zulu\zulu-21\bin\verify.dll
0x00007fffb9490000 - 0x00007fffb94b7000 	C:\Users\yolki\.gradle\native\660c5614fbf4a5f2a75b1949f50a0caf5cd603558e7d8a26e50b933a0cfb79d1\windows-amd64\native-platform.dll
0x00007fffb3be0000 - 0x00007fffb3c57000 	C:\Users\yolki\.gradle\native\0.2.8\x86_64-windows-gnu\gradle-fileevents.dll
0x00007ffffa960000 - 0x00007ffffa96a000 	C:\Program Files\Zulu\zulu-21\bin\management.dll
0x00007ffff9b10000 - 0x00007ffff9b1b000 	C:\Program Files\Zulu\zulu-21\bin\management_ext.dll
0x00007ff82be00000 - 0x00007ff82be08000 	C:\WINDOWS\System32\PSAPI.DLL
0x00007ff829460000 - 0x00007ff829494000 	C:\WINDOWS\SYSTEM32\IPHLPAPI.DLL
0x00007ff82cf80000 - 0x00007ff82cf8a000 	C:\WINDOWS\System32\NSI.dll
0x00007ffff8cd0000 - 0x00007ffff8cd9000 	C:\Program Files\Zulu\zulu-21\bin\extnet.dll
0x00007ff82a860000 - 0x00007ff82a87b000 	C:\WINDOWS\SYSTEM32\CRYPTSP.dll
0x00007ff829e80000 - 0x00007ff829eba000 	C:\WINDOWS\system32\rsaenh.dll
0x00007ff82a520000 - 0x00007ff82a54b000 	C:\WINDOWS\SYSTEM32\USERENV.dll
0x00007ff82b0a0000 - 0x00007ff82b0ca000 	C:\WINDOWS\SYSTEM32\bcrypt.dll
0x00007ff82a6c0000 - 0x00007ff82a6cc000 	C:\WINDOWS\SYSTEM32\CRYPTBASE.dll
0x00007ffff60f0000 - 0x00007ffff60fe000 	C:\Program Files\Zulu\zulu-21\bin\sunmscapi.dll
0x00007ff82bc80000 - 0x00007ff82bdf7000 	C:\WINDOWS\System32\CRYPT32.dll
0x00007ff82a9b0000 - 0x00007ff82a9e0000 	C:\WINDOWS\SYSTEM32\ncrypt.dll
0x00007ff82a960000 - 0x00007ff82a99f000 	C:\WINDOWS\SYSTEM32\NTASN1.dll
0x00007fff7c440000 - 0x00007fff7c448000 	C:\WINDOWS\system32\wshunix.dll

dbghelp: loaded successfully - version: 4.0.5 - missing functions: none
symbol engine: initialized successfully - sym options: 0x614 - pdb path: .;C:\Program Files\Zulu\zulu-21\bin;C:\WINDOWS\SYSTEM32;C:\WINDOWS\WinSxS\amd64_microsoft.windows.common-controls_6595b64144ccf1df_6.0.26100.7309_none_3e05feeae336a044;C:\Program Files\Zulu\zulu-21\bin\server;C:\Users\yolki\.gradle\native\660c5614fbf4a5f2a75b1949f50a0caf5cd603558e7d8a26e50b933a0cfb79d1\windows-amd64;C:\Users\yolki\.gradle\native\0.2.8\x86_64-windows-gnu

VM Arguments:
jvm_args: --add-opens=java.base/java.lang=ALL-UNNAMED --add-opens=java.base/java.lang.invoke=ALL-UNNAMED --add-opens=java.base/java.util=ALL-UNNAMED --add-opens=java.prefs/java.util.prefs=ALL-UNNAMED --add-exports=jdk.compiler/com.sun.tools.javac.api=ALL-UNNAMED --add-exports=jdk.compiler/com.sun.tools.javac.util=ALL-UNNAMED --add-opens=java.base/java.util=ALL-UNNAMED --add-opens=java.prefs/java.util.prefs=ALL-UNNAMED --add-opens=java.base/java.nio.charset=ALL-UNNAMED --add-opens=java.base/java.net=ALL-UNNAMED --add-opens=java.base/java.util.concurrent=ALL-UNNAMED --add-opens=java.base/java.util.concurrent.atomic=ALL-UNNAMED --add-opens=java.xml/javax.xml.namespace=ALL-UNNAMED --add-opens=java.base/java.time=ALL-UNNAMED -Xmx4G -Dfile.encoding=UTF-8 -Duser.country=RU -Duser.language=ru -Duser.variant -javaagent:C:\Users\yolki\.gradle\wrapper\dists\gradle-9.2.1-bin\2t0n5ozlw9xmuyvbp7dnzaxug\gradle-9.2.1\lib\agents\gradle-instrumentation-agent-9.2.1.jar 
java_command: org.gradle.launcher.daemon.bootstrap.GradleDaemon 9.2.1
java_class_path (initial): C:\Users\yolki\.gradle\wrapper\dists\gradle-9.2.1-bin\2t0n5ozlw9xmuyvbp7dnzaxug\gradle-9.2.1\lib\gradle-daemon-main-9.2.1.jar
Launcher Type: SUN_STANDARD

[Global flags]
     intx CICompilerCount                          = 4                                         {product} {ergonomic}
     uint ConcGCThreads                            = 3                                         {product} {ergonomic}
     uint G1ConcRefinementThreads                  = 10                                        {product} {ergonomic}
   size_t G1HeapRegionSize                         = 2097152                                   {product} {ergonomic}
    uintx GCDrainStackTargetSize                   = 64                                        {product} {ergonomic}
   size_t InitialHeapSize                          = 530579456                                 {product} {ergonomic}
   size_t MarkStackSize                            = 4194304                                   {product} {ergonomic}
   size_t MaxHeapSize                              = 4294967296                                {product} {command line}
   size_t MaxNewSize                               = 2575302656                                {product} {ergonomic}
   size_t MinHeapDeltaBytes                        = 2097152                                   {product} {ergonomic}
   size_t MinHeapSize                              = 8388608                                   {product} {ergonomic}
    uintx NonNMethodCodeHeapSize                   = 5839372                                {pd product} {ergonomic}
    uintx NonProfiledCodeHeapSize                  = 122909434                              {pd product} {ergonomic}
    uintx ProfiledCodeHeapSize                     = 122909434                              {pd product} {ergonomic}
    uintx ReservedCodeCacheSize                    = 251658240                              {pd product} {ergonomic}
     bool SegmentedCodeCache                       = true                                      {product} {ergonomic}
   size_t SoftMaxHeapSize                          = 4294967296                             {manageable} {ergonomic}
     bool UseCompressedOops                        = true                           {product lp64_product} {ergonomic}
     bool UseG1GC                                  = true                                      {product} {ergonomic}
     bool UseLargePagesIndividualAllocation        = false                                  {pd product} {ergonomic}

Logging:
Log output configuration:
 #0: stdout all=warning uptime,level,tags foldmultilines=false
 #1: stderr all=off uptime,level,tags foldmultilines=false

Environment Variables:
JAVA_HOME=C:\Program Files\Zulu\zulu-21
PATH=C:\Users\yolki\bin;C:\Program Files\Git\mingw64\bin;C:\Program Files\Git\usr\local\bin;C:\Program Files\Git\usr\bin;C:\Program Files\Git\usr\bin;C:\Program Files\Git\mingw64\bin;C:\Program Files\Git\usr\bin;C:\Users\yolki\bin;C:\Program Files\Zulu\zulu-25\bin;C:\Program Files\Zulu\zulu-24\bin;C:\Program Files\NVIDIA\CUDNN\v9.9\bin;C:\Program Files (x86)\VMware\VMware Workstation\bin;C:\Program Files\Zulu\zulu-21\bin;C:\Program Files\Python312\Scripts;C:\Program Files\Python312;C:\Program Files\NVIDIA GPU Computing Toolkit\CUDA\v12.3\bin;C:\Program Files\NVIDIA GPU Computing Toolkit\CUDA\v12.3\libnvvp;C:\Program Files (x86)\Common Files\Intel\Shared Libraries\redist\intel64\compiler;C:\Program Files\Microsoft MPI\Bin;C:\WINDOWS\system32;C:\WINDOWS;C:\WINDOWS\System32\Wbem;C:\WINDOWS\System32\WindowsPowerShell\v1.0;C:\WINDOWS\System32\OpenSSH;C:\Program Files (x86)\NVIDIA Corporation\PhysX\Common;C:\Program Files\WireGuard;C:\Program Files\dotnet;C:\Program Files (x86)\NetSarang\Xshell 7;C:\Program Files\NVIDIA Corporation\Nsight Compute 2023.3.1;C:\Program Files (x86)\Windows Kits\10\Windows Performance Toolkit;C:\Program Files\Git\cmd;C:\Program Files\NVIDIA Corporation\NVIDIA app\NvDLISR;C:\Program Files\PuTTY;C:\Program Files (x86)\NetSarang\Xshell 8;C:\Program Files (x86)\NetSarang\Xftp 8;Ñ;C:\Program Files\Git\Program Files (x86)\Nmap;C:\ProgramData\chocolatey\bin;C:\Program Files\OpenSSL-Win64\bin;C:\Program Files\WezTerm;C:\Program Files\kotlin-lsp;C:\Program Files\nodejs;C:\Program Files\Warp\bin;C:\Program Files\fd;C:\Users\yolki\Desktop\mpv;C:\Program Files\GitHub CLI;C:\Program Files\Docker\Docker\resources\bin;C:\Program Files\CMake\bin;C:\Program Files\NASM;C:\Strawberry\c\bin;C:\Strawberry\perl\site\bin;C:\Strawberry\perl\bin;C:\Users\yolki\.cargo\bin;C:\Program Files\NVIDIA GPU Computing Toolkit\CUDA\v12.3\extras\CUPTI\lib64;C:\Program Files\Zulu\zulu-25\bin;C:\Program Files\Zulu\zulu-24\bin;C:\Program Files\NVIDIA\CUDNN\v9.9\bin;C:\Program Files (x86)\VMware\VMware Workstation\bin;C:\Program Files\Zulu\zulu-21\bin;C:\Program Files\Python312\Scripts;C:\Program Files\Python312;C:\Program Files\NVIDIA GPU Computing Toolkit\CUDA\v12.3\bin;C:\Program Files\NVIDIA GPU Computing Toolkit\CUDA\v12.3\libnvvp;C:\Program Files (x86)\Common Files\Intel\Shared Libraries\redist\intel64\compiler;C:\Program Files\Microsoft MPI\Bin;C:\WINDOWS\system32;C:\WINDOWS;C:\WINDOWS\System32\Wbem;C:\WINDOWS\System32\WindowsPowerShell\v1.0;C:\WINDOWS\System32\OpenSSH;C:\Program Files (x86)\NVIDIA Corporation\PhysX\Common;C:\Program Files\WireGuard;C:\Program Files\dotnet;C:\Program Files (x86)\NetSarang\Xshell 7;C:\Program Files\NVIDIA Corporation\Nsight Compute 2023.3.1;C:\Program Files (x86)\Windows Kits\10\Windows Performance Toolkit;C:\Program Files\Git\cmd;C:\Users\yolki\.bun\bin;C:\Users\yolki\AppData\Local\Programs\Zed\bin;C:\Users\yolki\AppData\Local\Programs\Microsoft VS Code\bin;C:\Users\yolki\AppData\Local\GitHubDesktop\bin;C:\Users\yolki\AppData\Local\Programs\Antigravity\bin;C:\Users\yolki\AppData\Roaming\npm;C:\Program Files\Graphviz\bin;C:\Users\yolki\.local\bin;C:\Users\yolki\.cache\lm-studio\bin;C:\Program Files\Git\usr\bin\vendor_perl;C:\Program Files\Git\usr\bin\core_perl
USERNAME=yolki
SHELL=C:\Program Files\Git\usr\bin\bash.exe
DISPLAY=needs-to-be-defined
LANG=ru_RU.UTF-8
TERM=xterm-256color
TMPDIR=C:\Users\yolki\AppData\Local\Temp
OS=Windows_NT
PROCESSOR_IDENTIFIER=AMD64 Family 25 Model 97 Stepping 2, AuthenticAMD
TMP=C:\Users\yolki\AppData\Local\Temp
TEMP=C:\Users\yolki\AppData\Local\Temp




Periodic native trim disabled

---------------  S Y S T E M  ---------------

OS:
 Windows 11 , 64 bit Build 26100 (10.0.26100.7309)
OS uptime: 0 days 4:17 hours
Hyper-V role detected

CPU: total 12 (initial active 12) (12 cores per cpu, 2 threads per core) family 25 model 97 stepping 2 microcode 0xa60120c, cx8, cmov, fxsr, ht, mmx, 3dnowpref, sse, sse2, sse3, ssse3, sse4a, sse4.1, sse4.2, popcnt, lzcnt, tsc, tscinvbit, avx, avx2, aes, erms, clmul, bmi1, bmi2, adx, avx512f, avx512dq, avx512cd, avx512bw, avx512vl, sha, fma, vzeroupper, avx512_vpopcntdq, avx512_vpclmulqdq, avx512_vaes, avx512_vnni, clflush, clflushopt, avx512_vbmi2, avx512_vbmi, hv, rdtscp, rdpid, fsrm, gfni, avx512_bitalg, f16c, cet_ss, avx512_ifma
Processor Information for all 12 processors :
  Max Mhz: 3701, Current Mhz: 3701, Mhz Limit: 3701

Memory: 4k page, system-wide physical 32361M (2497M free)
TotalPageFile size 52841M (AvailPageFile size 27M)
current process WorkingSet (physical memory assigned to process): 328M, peak: 359M
current process commit charge ("private bytes"): 532M, peak: 722M

vm_info: OpenJDK 64-Bit Server VM (21.0.3+9-LTS) for windows-amd64 JRE (21.0.3+9-LTS) (Zulu21.34+19-CA), built on 2024-04-09T07:26:03Z by "zulu_re" with MS VC++ 17.1 (VS2022)

END.
