#
# There is insufficient memory for the Java Runtime Environment to continue.
# Native memory allocation (mmap) failed to map 71303168 bytes. Error detail: G1 virtual space
# Possible reasons:
#   The system is out of physical RAM or swap space
#   This process is running with CompressedOops enabled, and the Java Heap may be blocking the growth of the native heap
# Possible solutions:
#   Reduce memory load on the system
#   Increase physical memory or swap space
#   Check if swap backing store is full
#   Decrease Java heap size (-Xmx/-Xms)
#   Decrease number of Java threads
#   Decrease Java thread stack sizes (-Xss)
#   Set larger code cache with -XX:ReservedCodeCacheSize=
#   JVM is running with Zero Based Compressed Oops mode in which the Java heap is
#     placed in the first 32GB address space. The Java Heap base address is the
#     maximum limit for the native heap growth. Please use -XX:HeapBaseMinAddress
#     to set the Java Heap base and to place the Java Heap above 32GB virtual address.
# This output file may be truncated or incomplete.
#
#  Out of Memory Error (os_windows.cpp:3603), pid=41048, tid=37672
#
# JRE version: OpenJDK Runtime Environment Zulu21.34+19-CA (21.0.3+9) (build 21.0.3+9-LTS)
# Java VM: OpenJDK 64-Bit Server VM Zulu21.34+19-CA (21.0.3+9-LTS, mixed mode, sharing, tiered, compressed oops, compressed class ptrs, g1 gc, windows-amd64)
# No core dump will be written. Minidumps are not enabled by default on client versions of Windows
#

---------------  S U M M A R Y ------------

Command Line: --add-opens=java.base/java.lang=ALL-UNNAMED --add-opens=java.base/java.lang.invoke=ALL-UNNAMED --add-opens=java.base/java.util=ALL-UNNAMED --add-opens=java.prefs/java.util.prefs=ALL-UNNAMED --add-exports=jdk.compiler/com.sun.tools.javac.api=ALL-UNNAMED --add-exports=jdk.compiler/com.sun.tools.javac.util=ALL-UNNAMED --add-opens=java.base/java.util=ALL-UNNAMED --add-opens=java.prefs/java.util.prefs=ALL-UNNAMED --add-opens=java.base/java.nio.charset=ALL-UNNAMED --add-opens=java.base/java.net=ALL-UNNAMED --add-opens=java.base/java.util.concurrent=ALL-UNNAMED --add-opens=java.base/java.util.concurrent.atomic=ALL-UNNAMED --add-opens=java.xml/javax.xml.namespace=ALL-UNNAMED --add-opens=java.base/java.time=ALL-UNNAMED -Xmx4G -Dfile.encoding=UTF-8 -Duser.country=RU -Duser.language=ru -Duser.variant -javaagent:C:\Users\yolki\.gradle\wrapper\dists\gradle-9.2.1-bin\2t0n5ozlw9xmuyvbp7dnzaxug\gradle-9.2.1\lib\agents\gradle-instrumentation-agent-9.2.1.jar org.gradle.launcher.daemon.bootstrap.GradleDaemon 9.2.1

Host: AMD Ryzen 5 7500F 6-Core Processor             , 12 cores, 31G,  Windows 11 , 64 bit Build 26100 (10.0.26100.7309)
Time: Wed Jan 14 10:58:43 2026 RTZ 2 (s 11 , 64 bit Build 26100 (10.0.26100.7309) elapsed time: 12.433353 seconds (0d 0h 0m 12s)

---------------  T H R E A D  ---------------

Current thread (0x000001ae2fdbe410):  VMThread "VM Thread"          [id=37672, stack(0x000000736f700000,0x000000736f800000) (1024K)]

Stack: [0x000000736f700000,0x000000736f800000]
Native frames: (J=compiled Java code, j=interpreted, Vv=VM code, C=native code)
V  [jvm.dll+0x6d3919]
V  [jvm.dll+0x8ae6d1]
V  [jvm.dll+0x8b0a3e]
V  [jvm.dll+0x8b1123]
V  [jvm.dll+0x286316]
V  [jvm.dll+0x6cfff5]
V  [jvm.dll+0x6c49ea]
V  [jvm.dll+0x35b7da]
V  [jvm.dll+0x3633b6]
V  [jvm.dll+0x3b4b4e]
V  [jvm.dll+0x3b4df8]
V  [jvm.dll+0x32f12c]
V  [jvm.dll+0x3319d6]
V  [jvm.dll+0x33b9ee]
V  [jvm.dll+0x371cd5]
V  [jvm.dll+0x8b6c28]
V  [jvm.dll+0x8b7d24]
V  [jvm.dll+0x8b8260]
V  [jvm.dll+0x8b8503]
V  [jvm.dll+0x857848]
V  [jvm.dll+0x6d206d]
C  [ucrtbase.dll+0x37b0]
C  [KERNEL32.DLL+0x2e8d7]
C  [ntdll.dll+0x8c53c]

VM_Operation (0x000000736f2ff870): G1PauseRemark, mode: safepoint, requested by thread 0x000001ae10705bb0


---------------  P R O C E S S  ---------------

Threads class SMR info:
_java_thread_list=0x000001ae7e0d53a0, length=75, elements={
0x000001ae0e3b4140, 0x000001ae71086150, 0x000001ae710867c0, 0x000001ae7108b300,
0x000001ae2fddb9c0, 0x000001ae7108fe60, 0x000001ae2fdde040, 0x000001ae2fdde7e0,
0x000001ae710b1100, 0x000001ae2fdadea0, 0x000001ae713578f0, 0x000001ae76fff280,
0x000001ae770fbe10, 0x000001ae76237470, 0x000001ae76fb7770, 0x000001ae76fb7de0,
0x000001ae771409d0, 0x000001ae7714bdb0, 0x000001ae77160e50, 0x000001ae771614e0,
0x000001ae77162f20, 0x000001ae77162200, 0x000001ae77161b70, 0x000001ae77162890,
0x000001ae79b60ab0, 0x000001ae79b61140, 0x000001ae79b5f700, 0x000001ae79b617d0,
0x000001ae79b5fd90, 0x000001ae79b60420, 0x000001ae79b645c0, 0x000001ae79b63210,
0x000001ae7ddfbba0, 0x000001ae7ddfa730, 0x000001ae79590b50, 0x000001ae79591f00,
0x000001ae79592590, 0x000001ae79591870, 0x000001ae79592c20, 0x000001ae795911e0,
0x000001ae795904c0, 0x000001ae79595380, 0x000001ae79596730, 0x000001ae79596dc0,
0x000001ae79593940, 0x000001ae79593fd0, 0x000001ae7c3b9c10, 0x000001ae7c3b6e20,
0x000001ae7b229610, 0x000001ae79b65970, 0x000001ae7ecc87c0, 0x000001ae7ecc8e50,
0x000001ae7ecc94e0, 0x000001ae7ecc6d80, 0x000001ae7ecc6060, 0x000001ae7ecc8130,
0x000001ae7ecc9b70, 0x000001ae7ecc7410, 0x000001ae7ecc7aa0, 0x000001ae7ecc66f0,
0x000001ae7ecca890, 0x000001ae7eccc960, 0x000001ae7eccd680, 0x000001ae7ecccff0,
0x000001ae7eccbc40, 0x000001ae7eccb5b0, 0x000001ae7eccc2d0, 0x000001ae7ecca200,
0x000001ae77593da0, 0x000001ae77594430, 0x000001ae77594ac0, 0x000001ae77595150,
0x000001ae77596500, 0x000001ae775957e0, 0x000001ae7e471f70
}

Java Threads: ( => current thread )
  0x000001ae0e3b4140 JavaThread "main"                              [_thread_blocked, id=6160, stack(0x000000736f000000,0x000000736f100000) (1024K)]
  0x000001ae71086150 JavaThread "Reference Handler"          daemon [_thread_blocked, id=38672, stack(0x000000736f800000,0x000000736f900000) (1024K)]
  0x000001ae710867c0 JavaThread "Finalizer"                  daemon [_thread_blocked, id=36124, stack(0x000000736f900000,0x000000736fa00000) (1024K)]
  0x000001ae7108b300 JavaThread "Signal Dispatcher"          daemon [_thread_blocked, id=25288, stack(0x000000736fa00000,0x000000736fb00000) (1024K)]
  0x000001ae2fddb9c0 JavaThread "Attach Listener"            daemon [_thread_blocked, id=7428, stack(0x000000736fb00000,0x000000736fc00000) (1024K)]
  0x000001ae7108fe60 JavaThread "Service Thread"             daemon [_thread_blocked, id=12520, stack(0x000000736fc00000,0x000000736fd00000) (1024K)]
  0x000001ae2fdde040 JavaThread "Monitor Deflation Thread"   daemon [_thread_blocked, id=33304, stack(0x000000736fd00000,0x000000736fe00000) (1024K)]
  0x000001ae2fdde7e0 JavaThread "C2 CompilerThread0"         daemon [_thread_blocked, id=8716, stack(0x000000736fe00000,0x000000736ff00000) (1024K)]
  0x000001ae710b1100 JavaThread "C1 CompilerThread0"         daemon [_thread_blocked, id=920, stack(0x000000736ff00000,0x0000007370000000) (1024K)]
  0x000001ae2fdadea0 JavaThread "Common-Cleaner"             daemon [_thread_blocked, id=41060, stack(0x0000007370000000,0x0000007370100000) (1024K)]
  0x000001ae713578f0 JavaThread "Notification Thread"        daemon [_thread_blocked, id=38244, stack(0x0000007370100000,0x0000007370200000) (1024K)]
  0x000001ae76fff280 JavaThread "Daemon health stats"               [_thread_blocked, id=18952, stack(0x0000007370c00000,0x0000007370d00000) (1024K)]
  0x000001ae770fbe10 JavaThread "Incoming local TCP Connector on port 1140"        [_thread_in_native, id=24284, stack(0x0000007370d00000,0x0000007370e00000) (1024K)]
  0x000001ae76237470 JavaThread "Daemon periodic checks"            [_thread_blocked, id=39376, stack(0x0000007370e00000,0x0000007370f00000) (1024K)]
  0x000001ae76fb7770 JavaThread "Daemon"                            [_thread_blocked, id=41248, stack(0x0000007370f00000,0x0000007371000000) (1024K)]
  0x000001ae76fb7de0 JavaThread "Handler for socket connection from /127.0.0.1:1140 to /127.0.0.1:7799"        [_thread_in_native, id=34656, stack(0x0000007371000000,0x0000007371100000) (1024K)]
  0x000001ae771409d0 JavaThread "Cancel handler"                    [_thread_blocked, id=38560, stack(0x0000007371100000,0x0000007371200000) (1024K)]
  0x000001ae7714bdb0 JavaThread "Daemon worker"                     [_thread_blocked, id=39268, stack(0x0000007371200000,0x0000007371300000) (1024K)]
  0x000001ae77160e50 JavaThread "Asynchronous log dispatcher for DefaultDaemonConnection: socket connection from /127.0.0.1:1140 to /127.0.0.1:7799"        [_thread_blocked, id=6736, stack(0x0000007371300000,0x0000007371400000) (1024K)]
  0x000001ae771614e0 JavaThread "Stdin handler"                     [_thread_blocked, id=34696, stack(0x0000007371400000,0x0000007371500000) (1024K)]
  0x000001ae77162f20 JavaThread "Daemon client event forwarder"        [_thread_blocked, id=31092, stack(0x0000007371500000,0x0000007371600000) (1024K)]
  0x000001ae77162200 JavaThread "Cache worker for journal cache (C:\Users\yolki\.gradle\caches\journal-1)"        [_thread_blocked, id=34952, stack(0x0000007371600000,0x0000007371700000) (1024K)]
  0x000001ae77161b70 JavaThread "File lock request listener"        [_thread_in_native, id=17052, stack(0x0000007371700000,0x0000007371800000) (1024K)]
  0x000001ae77162890 JavaThread "Cache worker for file hash cache (C:\Users\yolki\.gradle\caches\9.2.1\fileHashes)"        [_thread_blocked, id=35856, stack(0x0000007371800000,0x0000007371900000) (1024K)]
  0x000001ae79b60ab0 JavaThread "Cache worker for file hash cache (C:\Users\yolki\IdeaProjects\Origins-Reborn-Enhanced\.gradle\9.2.1\fileHashes)"        [_thread_blocked, id=41716, stack(0x0000007371c00000,0x0000007371d00000) (1024K)]
  0x000001ae79b61140 JavaThread "Cache worker for Build Output Cleanup Cache (C:\Users\yolki\IdeaProjects\Origins-Reborn-Enhanced\.gradle\buildOutputCleanup)"        [_thread_blocked, id=35288, stack(0x0000007371d00000,0x0000007371e00000) (1024K)]
  0x000001ae79b5f700 JavaThread "File watcher server"        daemon [_thread_in_native, id=30432, stack(0x0000007371e00000,0x0000007371f00000) (1024K)]
  0x000001ae79b617d0 JavaThread "File watcher consumer"      daemon [_thread_blocked, id=24760, stack(0x0000007371f00000,0x0000007372000000) (1024K)]
  0x000001ae79b5fd90 JavaThread "Cache worker for checksums cache (C:\Users\yolki\IdeaProjects\Origins-Reborn-Enhanced\.gradle\9.2.1\checksums)"        [_thread_blocked, id=38364, stack(0x0000007372000000,0x0000007372100000) (1024K)]
  0x000001ae79b60420 JavaThread "Cache worker for file content cache (C:\Users\yolki\.gradle\caches\9.2.1\fileContent)"        [_thread_blocked, id=26312, stack(0x0000007372100000,0x0000007372200000) (1024K)]
  0x000001ae79b645c0 JavaThread "Cache worker for cache directory md-supplier (C:\Users\yolki\.gradle\caches\9.2.1\md-supplier)"        [_thread_blocked, id=38332, stack(0x0000007372200000,0x0000007372300000) (1024K)]
  0x000001ae79b63210 JavaThread "Cache worker for cache directory md-rule (C:\Users\yolki\.gradle\caches\9.2.1\md-rule)"        [_thread_blocked, id=40728, stack(0x0000007372300000,0x0000007372400000) (1024K)]
  0x000001ae7ddfbba0 JavaThread "C2 CompilerThread1"         daemon [_thread_blocked, id=37968, stack(0x0000007370200000,0x0000007370300000) (1024K)]
  0x000001ae7ddfa730 JavaThread "C2 CompilerThread2"         daemon [_thread_blocked, id=39224, stack(0x0000007371900000,0x0000007371a00000) (1024K)]
  0x000001ae79590b50 JavaThread "Unconstrained build operations"        [_thread_blocked, id=31568, stack(0x0000007372400000,0x0000007372500000) (1024K)]
  0x000001ae79591f00 JavaThread "Unconstrained build operations Thread 2"        [_thread_blocked, id=7880, stack(0x0000007372500000,0x0000007372600000) (1024K)]
  0x000001ae79592590 JavaThread "Unconstrained build operations Thread 3"        [_thread_blocked, id=40672, stack(0x0000007372600000,0x0000007372700000) (1024K)]
  0x000001ae79591870 JavaThread "Unconstrained build operations Thread 4"        [_thread_blocked, id=37068, stack(0x0000007372700000,0x0000007372800000) (1024K)]
  0x000001ae79592c20 JavaThread "Unconstrained build operations Thread 5"        [_thread_blocked, id=35680, stack(0x0000007372800000,0x0000007372900000) (1024K)]
  0x000001ae795911e0 JavaThread "Unconstrained build operations Thread 6"        [_thread_blocked, id=34112, stack(0x0000007372900000,0x0000007372a00000) (1024K)]
  0x000001ae795904c0 JavaThread "Unconstrained build operations Thread 7"        [_thread_blocked, id=32384, stack(0x0000007372a00000,0x0000007372b00000) (1024K)]
  0x000001ae79595380 JavaThread "Unconstrained build operations Thread 8"        [_thread_blocked, id=6428, stack(0x0000007372b00000,0x0000007372c00000) (1024K)]
  0x000001ae79596730 JavaThread "Unconstrained build operations Thread 9"        [_thread_blocked, id=32156, stack(0x0000007372c00000,0x0000007372d00000) (1024K)]
  0x000001ae79596dc0 JavaThread "Unconstrained build operations Thread 10"        [_thread_blocked, id=26272, stack(0x0000007372d00000,0x0000007372e00000) (1024K)]
  0x000001ae79593940 JavaThread "Unconstrained build operations Thread 11"        [_thread_blocked, id=31804, stack(0x0000007372e00000,0x0000007372f00000) (1024K)]
  0x000001ae79593fd0 JavaThread "Unconstrained build operations Thread 12"        [_thread_blocked, id=11376, stack(0x0000007372f00000,0x0000007373000000) (1024K)]
  0x000001ae7c3b9c10 JavaThread "Unconstrained build operations Thread 13"        [_thread_blocked, id=28736, stack(0x0000007373000000,0x0000007373100000) (1024K)]
  0x000001ae7c3b6e20 JavaThread "Unconstrained build operations Thread 14"        [_thread_blocked, id=34296, stack(0x0000007373100000,0x0000007373200000) (1024K)]
  0x000001ae7b229610 JavaThread "Unconstrained build operations Thread 15"        [_thread_blocked, id=39096, stack(0x0000007373200000,0x0000007373300000) (1024K)]
  0x000001ae79b65970 JavaThread "Unconstrained build operations Thread 16"        [_thread_blocked, id=32728, stack(0x0000007373300000,0x0000007373400000) (1024K)]
  0x000001ae7ecc87c0 JavaThread "Unconstrained build operations Thread 17"        [_thread_blocked, id=23484, stack(0x0000007373400000,0x0000007373500000) (1024K)]
  0x000001ae7ecc8e50 JavaThread "Unconstrained build operations Thread 18"        [_thread_blocked, id=38192, stack(0x0000007373500000,0x0000007373600000) (1024K)]
  0x000001ae7ecc94e0 JavaThread "Unconstrained build operations Thread 19"        [_thread_blocked, id=41212, stack(0x0000007373600000,0x0000007373700000) (1024K)]
  0x000001ae7ecc6d80 JavaThread "Unconstrained build operations Thread 20"        [_thread_blocked, id=42860, stack(0x0000007373700000,0x0000007373800000) (1024K)]
  0x000001ae7ecc6060 JavaThread "Unconstrained build operations Thread 21"        [_thread_blocked, id=31672, stack(0x0000007373800000,0x0000007373900000) (1024K)]
  0x000001ae7ecc8130 JavaThread "Unconstrained build operations Thread 22"        [_thread_blocked, id=39332, stack(0x0000007373900000,0x0000007373a00000) (1024K)]
  0x000001ae7ecc9b70 JavaThread "Unconstrained build operations Thread 23"        [_thread_blocked, id=15416, stack(0x0000007373a00000,0x0000007373b00000) (1024K)]
  0x000001ae7ecc7410 JavaThread "Unconstrained build operations Thread 24"        [_thread_blocked, id=26776, stack(0x0000007373b00000,0x0000007373c00000) (1024K)]
  0x000001ae7ecc7aa0 JavaThread "Unconstrained build operations Thread 25"        [_thread_blocked, id=5560, stack(0x0000007373c00000,0x0000007373d00000) (1024K)]
  0x000001ae7ecc66f0 JavaThread "Unconstrained build operations Thread 26"        [_thread_blocked, id=40276, stack(0x0000007373d00000,0x0000007373e00000) (1024K)]
  0x000001ae7ecca890 JavaThread "Unconstrained build operations Thread 27"        [_thread_blocked, id=39644, stack(0x0000007373e00000,0x0000007373f00000) (1024K)]
  0x000001ae7eccc960 JavaThread "Unconstrained build operations Thread 28"        [_thread_blocked, id=32420, stack(0x0000007373f00000,0x0000007374000000) (1024K)]
  0x000001ae7eccd680 JavaThread "Unconstrained build operations Thread 29"        [_thread_blocked, id=41516, stack(0x0000007374000000,0x0000007374100000) (1024K)]
  0x000001ae7ecccff0 JavaThread "Unconstrained build operations Thread 30"        [_thread_blocked, id=29232, stack(0x0000007374100000,0x0000007374200000) (1024K)]
  0x000001ae7eccbc40 JavaThread "Unconstrained build operations Thread 31"        [_thread_blocked, id=6888, stack(0x0000007374200000,0x0000007374300000) (1024K)]
  0x000001ae7eccb5b0 JavaThread "Unconstrained build operations Thread 32"        [_thread_blocked, id=31800, stack(0x0000007374300000,0x0000007374400000) (1024K)]
  0x000001ae7eccc2d0 JavaThread "Unconstrained build operations Thread 33"        [_thread_blocked, id=29812, stack(0x0000007374400000,0x0000007374500000) (1024K)]
  0x000001ae7ecca200 JavaThread "Unconstrained build operations Thread 34"        [_thread_blocked, id=39060, stack(0x0000007374500000,0x0000007374600000) (1024K)]
  0x000001ae77593da0 JavaThread "Unconstrained build operations Thread 35"        [_thread_blocked, id=31408, stack(0x0000007374600000,0x0000007374700000) (1024K)]
  0x000001ae77594430 JavaThread "Unconstrained build operations Thread 36"        [_thread_blocked, id=37912, stack(0x0000007374700000,0x0000007374800000) (1024K)]
  0x000001ae77594ac0 JavaThread "Unconstrained build operations Thread 37"        [_thread_blocked, id=37736, stack(0x0000007374800000,0x0000007374900000) (1024K)]
  0x000001ae77595150 JavaThread "Unconstrained build operations Thread 38"        [_thread_blocked, id=31372, stack(0x0000007374900000,0x0000007374a00000) (1024K)]
  0x000001ae77596500 JavaThread "Unconstrained build operations Thread 39"        [_thread_blocked, id=37312, stack(0x0000007374a00000,0x0000007374b00000) (1024K)]
  0x000001ae775957e0 JavaThread "Memory manager"                    [_thread_blocked, id=15184, stack(0x0000007374b00000,0x0000007374c00000) (1024K)]
  0x000001ae7e471f70 JavaThread "build event listener"              [_thread_blocked, id=42952, stack(0x0000007374c00000,0x0000007374d00000) (1024K)]
Total: 75

Other Threads:
=>0x000001ae2fdbe410 VMThread "VM Thread"                           [id=37672, stack(0x000000736f700000,0x000000736f800000) (1024K)]
  0x000001ae71081920 WatcherThread "VM Periodic Task Thread"        [id=36996, stack(0x000000736f600000,0x000000736f700000) (1024K)]
  0x000001ae106f4cb0 WorkerThread "GC Thread#0"                     [id=11412, stack(0x000000736f100000,0x000000736f200000) (1024K)]
  0x000001ae713e8640 WorkerThread "GC Thread#1"                     [id=30824, stack(0x0000007370300000,0x0000007370400000) (1024K)]
  0x000001ae7158a7b0 WorkerThread "GC Thread#2"                     [id=39188, stack(0x0000007370400000,0x0000007370500000) (1024K)]
  0x000001ae7158af60 WorkerThread "GC Thread#3"                     [id=12672, stack(0x0000007370500000,0x0000007370600000) (1024K)]
  0x000001ae7157fd20 WorkerThread "GC Thread#4"                     [id=31300, stack(0x0000007370600000,0x0000007370700000) (1024K)]
  0x000001ae715800d0 WorkerThread "GC Thread#5"                     [id=31856, stack(0x0000007370700000,0x0000007370800000) (1024K)]
  0x000001ae71580480 WorkerThread "GC Thread#6"                     [id=41852, stack(0x0000007370800000,0x0000007370900000) (1024K)]
  0x000001ae71580830 WorkerThread "GC Thread#7"                     [id=38976, stack(0x0000007370900000,0x0000007370a00000) (1024K)]
  0x000001ae71580be0 WorkerThread "GC Thread#8"                     [id=16432, stack(0x0000007370a00000,0x0000007370b00000) (1024K)]
  0x000001ae71737b90 WorkerThread "GC Thread#9"                     [id=25964, stack(0x0000007370b00000,0x0000007370c00000) (1024K)]
  0x000001ae10705bb0 ConcurrentGCThread "G1 Main Marker"            [id=41792, stack(0x000000736f200000,0x000000736f300000) (1024K)]
  0x000001ae10708300 WorkerThread "G1 Conc#0"                       [id=36964, stack(0x000000736f300000,0x000000736f400000) (1024K)]
  0x000001ae76fefd30 WorkerThread "G1 Conc#1"                       [id=35880, stack(0x0000007371a00000,0x0000007371b00000) (1024K)]
  0x000001ae76ff0490 WorkerThread "G1 Conc#2"                       [id=30192, stack(0x0000007371b00000,0x0000007371c00000) (1024K)]
  0x000001ae2fd01c80 ConcurrentGCThread "G1 Refine#0"               [id=38696, stack(0x000000736f400000,0x000000736f500000) (1024K)]
  0x000001ae2fd020c0 ConcurrentGCThread "G1 Service"                [id=32100, stack(0x000000736f500000,0x000000736f600000) (1024K)]
Total: 18

Threads with active compile tasks:
C1 CompilerThread0    12451 15028       3       org.jetbrains.kotlin.com.intellij.lang.ASTFactory::leaf (100 bytes)
Total: 1

VM state: at safepoint (normal execution)

VM Mutex/Monitor currently owned by a thread:  ([mutex/lock_event])
[0x00007fff17ff3948] Threads_lock - owner thread: 0x000001ae2fdbe410
[0x00007fff17ff3a48] Heap_lock - owner thread: 0x000001ae10705bb0

Heap address: 0x0000000700000000, size: 4096 MB, Compressed Oops mode: Zero based, Oop shift amount: 3

CDS archive(s) mapped at: [0x000001ae30000000-0x000001ae30cf0000-0x000001ae30cf0000), size 13565952, SharedBaseAddress: 0x000001ae30000000, ArchiveRelocationMode: 1.
Compressed class space mapped at: 0x000001ae31000000-0x000001ae71000000, reserved size: 1073741824
Narrow klass base: 0x000001ae30000000, Narrow klass shift: 0, Narrow klass range: 0x100000000

GC Precious Log:
 CardTable entry size: 512
 Card Set container configuration: InlinePtr #cards 4 size 8 Array Of Cards #cards 16 size 48 Howl #buckets 8 coarsen threshold 3686 Howl Bitmap #cards 512 size 80 coarsen threshold 460 Card regions per heap region 1 cards per card region 4096
 CPUs: 12 total, 12 available
 Memory: 32361M
 Large Page Support: Disabled
 NUMA Support: Disabled
 Compressed Oops: Enabled (Zero based)
 Heap Region Size: 2M
 Heap Min Capacity: 8M
 Heap Initial Capacity: 506M
 Heap Max Capacity: 4G
 Pre-touch: Disabled
 Parallel Workers: 10
 Concurrent Workers: 3
 Concurrent Refinement Workers: 10
 Periodic GC: Disabled

Heap:
 garbage-first heap   total 292864K, used 214043K [0x0000000700000000, 0x0000000800000000)
  region size 2048K, 31 young (63488K), 7 survivors (14336K)
 Metaspace       used 138069K, committed 140288K, reserved 1179648K
  class space    used 17464K, committed 18560K, reserved 1048576K

Heap Regions: E=young(eden), S=young(survivor), O=old, HS=humongous(starts), HC=humongous(continues), CS=collection set, F=free, TAMS=top-at-mark-start, PB=parsable bottom
|   0|0x0000000700000000, 0x0000000700200000, 0x0000000700200000|100%|HS|  |TAMS 0x0000000700200000| PB 0x0000000700000000| Complete 
|   1|0x0000000700200000, 0x0000000700400000, 0x0000000700400000|100%|HC|  |TAMS 0x0000000700400000| PB 0x0000000700200000| Complete 
|   2|0x0000000700400000, 0x0000000700600000, 0x0000000700600000|100%| O|  |TAMS 0x0000000700600000| PB 0x0000000700600000| Untracked 
|   3|0x0000000700600000, 0x0000000700800000, 0x0000000700800000|100%| O|  |TAMS 0x0000000700800000| PB 0x0000000700800000| Untracked 
|   4|0x0000000700800000, 0x0000000700a00000, 0x0000000700a00000|100%| O|  |TAMS 0x0000000700a00000| PB 0x0000000700a00000| Untracked 
|   5|0x0000000700a00000, 0x0000000700c00000, 0x0000000700c00000|100%| O|  |TAMS 0x0000000700c00000| PB 0x0000000700c00000| Updating 
|   6|0x0000000700c00000, 0x0000000700e00000, 0x0000000700e00000|100%| O|  |TAMS 0x0000000700e00000| PB 0x0000000700e00000| Untracked 
|   7|0x0000000700e00000, 0x0000000701000000, 0x0000000701000000|100%| O|  |TAMS 0x0000000701000000| PB 0x0000000701000000| Untracked 
|   8|0x0000000701000000, 0x0000000701200000, 0x0000000701200000|100%| O|  |TAMS 0x0000000701200000| PB 0x0000000701200000| Untracked 
|   9|0x0000000701200000, 0x0000000701400000, 0x0000000701400000|100%| O|  |TAMS 0x0000000701400000| PB 0x0000000701400000| Untracked 
|  10|0x0000000701400000, 0x0000000701600000, 0x0000000701600000|100%| O|  |TAMS 0x0000000701600000| PB 0x0000000701600000| Untracked 
|  11|0x0000000701600000, 0x0000000701800000, 0x0000000701800000|100%| O|  |TAMS 0x0000000701800000| PB 0x0000000701800000| Untracked 
|  12|0x0000000701800000, 0x0000000701a00000, 0x0000000701a00000|100%| O|  |TAMS 0x0000000701a00000| PB 0x0000000701a00000| Untracked 
|  13|0x0000000701a00000, 0x0000000701c00000, 0x0000000701c00000|100%| O|  |TAMS 0x0000000701c00000| PB 0x0000000701c00000| Untracked 
|  14|0x0000000701c00000, 0x0000000701e00000, 0x0000000701e00000|100%| O|  |TAMS 0x0000000701e00000| PB 0x0000000701e00000| Untracked 
|  15|0x0000000701e00000, 0x0000000702000000, 0x0000000702000000|100%| O|  |TAMS 0x0000000702000000| PB 0x0000000702000000| Untracked 
|  16|0x0000000702000000, 0x0000000702200000, 0x0000000702200000|100%| O|  |TAMS 0x0000000702200000| PB 0x0000000702200000| Untracked 
|  17|0x0000000702200000, 0x0000000702400000, 0x0000000702400000|100%| O|  |TAMS 0x0000000702400000| PB 0x0000000702400000| Untracked 
|  18|0x0000000702400000, 0x0000000702600000, 0x0000000702600000|100%| O|  |TAMS 0x0000000702600000| PB 0x0000000702600000| Updating 
|  19|0x0000000702600000, 0x0000000702800000, 0x0000000702800000|100%| O|  |TAMS 0x0000000702800000| PB 0x0000000702800000| Updating 
|  20|0x0000000702800000, 0x0000000702a00000, 0x0000000702a00000|100%| O|  |TAMS 0x0000000702800000| PB 0x0000000702800000| Untracked 
|  21|0x0000000702a00000, 0x0000000702c00000, 0x0000000702c00000|100%| O|  |TAMS 0x0000000702a00000| PB 0x0000000702a00000| Untracked 
|  22|0x0000000702c00000, 0x0000000702e00000, 0x0000000702e00000|100%| O|  |TAMS 0x0000000702e00000| PB 0x0000000702e00000| Updating 
|  23|0x0000000702e00000, 0x0000000703000000, 0x0000000703000000|100%| O|  |TAMS 0x0000000703000000| PB 0x0000000703000000| Updating 
|  24|0x0000000703000000, 0x0000000703200000, 0x0000000703200000|100%| O|  |TAMS 0x0000000703200000| PB 0x0000000703200000| Untracked 
|  25|0x0000000703200000, 0x0000000703400000, 0x0000000703400000|100%| O|  |TAMS 0x0000000703400000| PB 0x0000000703400000| Untracked 
|  26|0x0000000703400000, 0x0000000703600000, 0x0000000703600000|100%| O|  |TAMS 0x0000000703600000| PB 0x0000000703600000| Untracked 
|  27|0x0000000703600000, 0x0000000703800000, 0x0000000703800000|100%| O|  |TAMS 0x0000000703800000| PB 0x0000000703800000| Untracked 
|  28|0x0000000703800000, 0x0000000703a00000, 0x0000000703a00000|100%| O|  |TAMS 0x0000000703a00000| PB 0x0000000703a00000| Updating 
|  29|0x0000000703a00000, 0x0000000703c00000, 0x0000000703c00000|100%| O|  |TAMS 0x0000000703c00000| PB 0x0000000703c00000| Updating 
|  30|0x0000000703c00000, 0x0000000703e00000, 0x0000000703e00000|100%| O|  |TAMS 0x0000000703e00000| PB 0x0000000703e00000| Updating 
|  31|0x0000000703e00000, 0x0000000704000000, 0x0000000704000000|100%| O|  |TAMS 0x0000000704000000| PB 0x0000000704000000| Updating 
|  32|0x0000000704000000, 0x0000000704200000, 0x0000000704200000|100%| O|  |TAMS 0x0000000704000000| PB 0x0000000704000000| Untracked 
|  33|0x0000000704200000, 0x0000000704400000, 0x0000000704400000|100%| O|  |TAMS 0x0000000704400000| PB 0x0000000704400000| Updating 
|  34|0x0000000704400000, 0x0000000704600000, 0x0000000704600000|100%| O|  |TAMS 0x0000000704600000| PB 0x0000000704600000| Untracked 
|  35|0x0000000704600000, 0x0000000704800000, 0x0000000704800000|100%| O|  |TAMS 0x0000000704800000| PB 0x0000000704800000| Updating 
|  36|0x0000000704800000, 0x0000000704a00000, 0x0000000704a00000|100%| O|  |TAMS 0x0000000704a00000| PB 0x0000000704a00000| Updating 
|  37|0x0000000704a00000, 0x0000000704c00000, 0x0000000704c00000|100%| O|  |TAMS 0x0000000704c00000| PB 0x0000000704c00000| Updating 
|  38|0x0000000704c00000, 0x0000000704e00000, 0x0000000704e00000|100%| O|  |TAMS 0x0000000704e00000| PB 0x0000000704e00000| Updating 
|  39|0x0000000704e00000, 0x0000000705000000, 0x0000000705000000|100%| O|  |TAMS 0x0000000705000000| PB 0x0000000705000000| Updating 
|  40|0x0000000705000000, 0x0000000705200000, 0x0000000705200000|100%| O|  |TAMS 0x0000000705200000| PB 0x0000000705200000| Untracked 
|  41|0x0000000705200000, 0x0000000705400000, 0x0000000705400000|100%| O|  |TAMS 0x0000000705200000| PB 0x0000000705200000| Untracked 
|  42|0x0000000705400000, 0x0000000705600000, 0x0000000705600000|100%| O|  |TAMS 0x0000000705600000| PB 0x0000000705600000| Updating 
|  43|0x0000000705600000, 0x0000000705800000, 0x0000000705800000|100%| O|  |TAMS 0x0000000705800000| PB 0x0000000705800000| Untracked 
|  44|0x0000000705800000, 0x0000000705a00000, 0x0000000705a00000|100%| O|  |TAMS 0x0000000705a00000| PB 0x0000000705a00000| Untracked 
|  45|0x0000000705a00000, 0x0000000705c00000, 0x0000000705c00000|100%| O|  |TAMS 0x0000000705c00000| PB 0x0000000705c00000| Untracked 
|  46|0x0000000705c00000, 0x0000000705e00000, 0x0000000705e00000|100%| O|  |TAMS 0x0000000705e00000| PB 0x0000000705e00000| Untracked 
|  47|0x0000000705e00000, 0x0000000706000000, 0x0000000706000000|100%| O|  |TAMS 0x0000000706000000| PB 0x0000000706000000| Untracked 
|  48|0x0000000706000000, 0x0000000706200000, 0x0000000706200000|100%| O|  |TAMS 0x0000000706200000| PB 0x0000000706200000| Untracked 
|  49|0x0000000706200000, 0x0000000706400000, 0x0000000706400000|100%| O|  |TAMS 0x0000000706400000| PB 0x0000000706400000| Untracked 
|  50|0x0000000706400000, 0x0000000706600000, 0x0000000706600000|100%| O|  |TAMS 0x0000000706600000| PB 0x0000000706600000| Updating 
|  51|0x0000000706600000, 0x0000000706800000, 0x0000000706800000|100%| O|  |TAMS 0x0000000706600000| PB 0x0000000706600000| Untracked 
|  52|0x0000000706800000, 0x0000000706a00000, 0x0000000706a00000|100%| O|  |TAMS 0x0000000706800000| PB 0x0000000706800000| Untracked 
|  53|0x0000000706a00000, 0x0000000706c00000, 0x0000000706c00000|100%| O|  |TAMS 0x0000000706a00000| PB 0x0000000706a00000| Untracked 
|  54|0x0000000706c00000, 0x0000000706e00000, 0x0000000706e00000|100%| O|  |TAMS 0x0000000706e00000| PB 0x0000000706e00000| Untracked 
|  55|0x0000000706e00000, 0x0000000707000000, 0x0000000707000000|100%| O|  |TAMS 0x0000000707000000| PB 0x0000000707000000| Updating 
|  56|0x0000000707000000, 0x0000000707200000, 0x0000000707200000|100%| O|  |TAMS 0x0000000707200000| PB 0x0000000707200000| Untracked 
|  57|0x0000000707200000, 0x0000000707400000, 0x0000000707400000|100%| O|  |TAMS 0x0000000707400000| PB 0x0000000707400000| Untracked 
|  58|0x0000000707400000, 0x0000000707600000, 0x0000000707600000|100%| O|  |TAMS 0x0000000707600000| PB 0x0000000707600000| Untracked 
|  59|0x0000000707600000, 0x0000000707800000, 0x0000000707800000|100%| O|  |TAMS 0x0000000707800000| PB 0x0000000707800000| Untracked 
|  60|0x0000000707800000, 0x0000000707a00000, 0x0000000707a00000|100%| O|  |TAMS 0x0000000707a00000| PB 0x0000000707a00000| Updating 
|  61|0x0000000707a00000, 0x0000000707c00000, 0x0000000707c00000|100%| O|  |TAMS 0x0000000707c00000| PB 0x0000000707c00000| Untracked 
|  62|0x0000000707c00000, 0x0000000707e00000, 0x0000000707e00000|100%| O|  |TAMS 0x0000000707e00000| PB 0x0000000707e00000| Updating 
|  63|0x0000000707e00000, 0x0000000708000000, 0x0000000708000000|100%| O|  |TAMS 0x0000000708000000| PB 0x0000000708000000| Updating 
|  64|0x0000000708000000, 0x0000000708200000, 0x0000000708200000|100%| O|  |TAMS 0x0000000708200000| PB 0x0000000708200000| Untracked 
|  65|0x0000000708200000, 0x0000000708400000, 0x0000000708400000|100%| O|  |TAMS 0x0000000708400000| PB 0x0000000708400000| Updating 
|  66|0x0000000708400000, 0x0000000708600000, 0x0000000708600000|100%|HS|  |TAMS 0x0000000708600000| PB 0x0000000708400000| Complete 
|  67|0x0000000708600000, 0x0000000708800000, 0x0000000708800000|100%|HS|  |TAMS 0x0000000708800000| PB 0x0000000708600000| Complete 
|  68|0x0000000708800000, 0x0000000708a00000, 0x0000000708a00000|100%| O|  |TAMS 0x0000000708a00000| PB 0x0000000708a00000| Updating 
|  69|0x0000000708a00000, 0x0000000708c00000, 0x0000000708c00000|100%| O|  |TAMS 0x0000000708c00000| PB 0x0000000708c00000| Untracked 
|  70|0x0000000708c00000, 0x0000000708e00000, 0x0000000708e00000|100%| O|  |TAMS 0x0000000708e00000| PB 0x0000000708e00000| Updating 
|  71|0x0000000708e00000, 0x0000000709000000, 0x0000000709000000|100%| O|  |TAMS 0x0000000708e00000| PB 0x0000000708e00000| Untracked 
|  72|0x0000000709000000, 0x0000000709200000, 0x0000000709200000|100%| O|  |TAMS 0x0000000709000000| PB 0x0000000709000000| Untracked 
|  73|0x0000000709200000, 0x0000000709306ec0, 0x0000000709400000| 51%| O|  |TAMS 0x0000000709200000| PB 0x0000000709200000| Updating 
|  74|0x0000000709400000, 0x0000000709400000, 0x0000000709600000|  0%| F|  |TAMS 0x0000000709400000| PB 0x0000000709400000| Untracked 
|  75|0x0000000709600000, 0x0000000709600000, 0x0000000709800000|  0%| F|  |TAMS 0x0000000709600000| PB 0x0000000709600000| Untracked 
|  76|0x0000000709800000, 0x0000000709800000, 0x0000000709a00000|  0%| F|  |TAMS 0x0000000709800000| PB 0x0000000709800000| Untracked 
|  77|0x0000000709a00000, 0x0000000709a00000, 0x0000000709c00000|  0%| F|  |TAMS 0x0000000709a00000| PB 0x0000000709a00000| Untracked 
|  78|0x0000000709c00000, 0x0000000709c00000, 0x0000000709e00000|  0%| F|  |TAMS 0x0000000709c00000| PB 0x0000000709c00000| Untracked 
|  79|0x0000000709e00000, 0x0000000709e00000, 0x000000070a000000|  0%| F|  |TAMS 0x0000000709e00000| PB 0x0000000709e00000| Untracked 
|  80|0x000000070a000000, 0x000000070a000000, 0x000000070a200000|  0%| F|  |TAMS 0x000000070a000000| PB 0x000000070a000000| Untracked 
|  81|0x000000070a200000, 0x000000070a200000, 0x000000070a400000|  0%| F|  |TAMS 0x000000070a200000| PB 0x000000070a200000| Untracked 
|  82|0x000000070a400000, 0x000000070a400000, 0x000000070a600000|  0%| F|  |TAMS 0x000000070a400000| PB 0x000000070a400000| Untracked 
|  83|0x000000070a600000, 0x000000070a600000, 0x000000070a800000|  0%| F|  |TAMS 0x000000070a600000| PB 0x000000070a600000| Untracked 
|  84|0x000000070a800000, 0x000000070a800000, 0x000000070aa00000|  0%| F|  |TAMS 0x000000070a800000| PB 0x000000070a800000| Untracked 
|  85|0x000000070aa00000, 0x000000070ac00000, 0x000000070ac00000|100%| S|CS|TAMS 0x000000070aa00000| PB 0x000000070aa00000| Complete 
|  86|0x000000070ac00000, 0x000000070ae00000, 0x000000070ae00000|100%| S|CS|TAMS 0x000000070ac00000| PB 0x000000070ac00000| Complete 
|  87|0x000000070ae00000, 0x000000070ae00000, 0x000000070b000000|  0%| F|  |TAMS 0x000000070ae00000| PB 0x000000070ae00000| Untracked 
|  88|0x000000070b000000, 0x000000070b000000, 0x000000070b200000|  0%| F|  |TAMS 0x000000070b000000| PB 0x000000070b000000| Untracked 
|  89|0x000000070b200000, 0x000000070b200000, 0x000000070b400000|  0%| F|  |TAMS 0x000000070b200000| PB 0x000000070b200000| Untracked 
|  90|0x000000070b400000, 0x000000070b400000, 0x000000070b600000|  0%| F|  |TAMS 0x000000070b400000| PB 0x000000070b400000| Untracked 
|  91|0x000000070b600000, 0x000000070b600000, 0x000000070b800000|  0%| F|  |TAMS 0x000000070b600000| PB 0x000000070b600000| Untracked 
|  92|0x000000070b800000, 0x000000070b800000, 0x000000070ba00000|  0%| F|  |TAMS 0x000000070b800000| PB 0x000000070b800000| Untracked 
|  93|0x000000070ba00000, 0x000000070ba00000, 0x000000070bc00000|  0%| F|  |TAMS 0x000000070ba00000| PB 0x000000070ba00000| Untracked 
|  94|0x000000070bc00000, 0x000000070be00000, 0x000000070be00000|100%| S|CS|TAMS 0x000000070bc00000| PB 0x000000070bc00000| Complete 
|  95|0x000000070be00000, 0x000000070c000000, 0x000000070c000000|100%| S|CS|TAMS 0x000000070be00000| PB 0x000000070be00000| Complete 
|  96|0x000000070c000000, 0x000000070c200000, 0x000000070c200000|100%| S|CS|TAMS 0x000000070c000000| PB 0x000000070c000000| Complete 
|  97|0x000000070c200000, 0x000000070c400000, 0x000000070c400000|100%| S|CS|TAMS 0x000000070c200000| PB 0x000000070c200000| Complete 
|  98|0x000000070c400000, 0x000000070c600000, 0x000000070c600000|100%| S|CS|TAMS 0x000000070c400000| PB 0x000000070c400000| Complete 
|  99|0x000000070c600000, 0x000000070c600000, 0x000000070c800000|  0%| F|  |TAMS 0x000000070c600000| PB 0x000000070c600000| Untracked 
| 100|0x000000070c800000, 0x000000070c800000, 0x000000070ca00000|  0%| F|  |TAMS 0x000000070c800000| PB 0x000000070c800000| Untracked 
| 101|0x000000070ca00000, 0x000000070ca00000, 0x000000070cc00000|  0%| F|  |TAMS 0x000000070ca00000| PB 0x000000070ca00000| Untracked 
| 102|0x000000070cc00000, 0x000000070cc00000, 0x000000070ce00000|  0%| F|  |TAMS 0x000000070cc00000| PB 0x000000070cc00000| Untracked 
| 103|0x000000070ce00000, 0x000000070ce00000, 0x000000070d000000|  0%| F|  |TAMS 0x000000070ce00000| PB 0x000000070ce00000| Untracked 
| 104|0x000000070d000000, 0x000000070d000000, 0x000000070d200000|  0%| F|  |TAMS 0x000000070d000000| PB 0x000000070d000000| Untracked 
| 105|0x000000070d200000, 0x000000070d200000, 0x000000070d400000|  0%| F|  |TAMS 0x000000070d200000| PB 0x000000070d200000| Untracked 
| 106|0x000000070d400000, 0x000000070d400000, 0x000000070d600000|  0%| F|  |TAMS 0x000000070d400000| PB 0x000000070d400000| Untracked 
| 107|0x000000070d600000, 0x000000070d600000, 0x000000070d800000|  0%| F|  |TAMS 0x000000070d600000| PB 0x000000070d600000| Untracked 
| 108|0x000000070d800000, 0x000000070d800000, 0x000000070da00000|  0%| F|  |TAMS 0x000000070d800000| PB 0x000000070d800000| Untracked 
| 109|0x000000070da00000, 0x000000070da00000, 0x000000070dc00000|  0%| F|  |TAMS 0x000000070da00000| PB 0x000000070da00000| Untracked 
| 110|0x000000070dc00000, 0x000000070dc00000, 0x000000070de00000|  0%| F|  |TAMS 0x000000070dc00000| PB 0x000000070dc00000| Untracked 
| 111|0x000000070de00000, 0x000000070de00000, 0x000000070e000000|  0%| F|  |TAMS 0x000000070de00000| PB 0x000000070de00000| Untracked 
| 112|0x000000070e000000, 0x000000070e000000, 0x000000070e200000|  0%| F|  |TAMS 0x000000070e000000| PB 0x000000070e000000| Untracked 
| 113|0x000000070e200000, 0x000000070e200000, 0x000000070e400000|  0%| F|  |TAMS 0x000000070e200000| PB 0x000000070e200000| Untracked 
| 114|0x000000070e400000, 0x000000070e400000, 0x000000070e600000|  0%| F|  |TAMS 0x000000070e400000| PB 0x000000070e400000| Untracked 
| 115|0x000000070e600000, 0x000000070e600000, 0x000000070e800000|  0%| F|  |TAMS 0x000000070e600000| PB 0x000000070e600000| Untracked 
| 116|0x000000070e800000, 0x000000070e800000, 0x000000070ea00000|  0%| F|  |TAMS 0x000000070e800000| PB 0x000000070e800000| Untracked 
| 117|0x000000070ea00000, 0x000000070ea00000, 0x000000070ec00000|  0%| F|  |TAMS 0x000000070ea00000| PB 0x000000070ea00000| Untracked 
| 118|0x000000070ec00000, 0x000000070ed00800, 0x000000070ee00000| 50%| E|  |TAMS 0x000000070ec00000| PB 0x000000070ec00000| Complete 
| 119|0x000000070ee00000, 0x000000070f000000, 0x000000070f000000|100%| E|CS|TAMS 0x000000070ee00000| PB 0x000000070ee00000| Complete 
| 120|0x000000070f000000, 0x000000070f200000, 0x000000070f200000|100%| E|CS|TAMS 0x000000070f000000| PB 0x000000070f000000| Complete 
| 121|0x000000070f200000, 0x000000070f400000, 0x000000070f400000|100%| E|CS|TAMS 0x000000070f200000| PB 0x000000070f200000| Complete 
| 122|0x000000070f400000, 0x000000070f600000, 0x000000070f600000|100%| E|CS|TAMS 0x000000070f400000| PB 0x000000070f400000| Complete 
| 123|0x000000070f600000, 0x000000070f800000, 0x000000070f800000|100%| E|CS|TAMS 0x000000070f600000| PB 0x000000070f600000| Complete 
| 124|0x000000070f800000, 0x000000070fa00000, 0x000000070fa00000|100%| E|CS|TAMS 0x000000070f800000| PB 0x000000070f800000| Complete 
| 125|0x000000070fa00000, 0x000000070fc00000, 0x000000070fc00000|100%| E|CS|TAMS 0x000000070fa00000| PB 0x000000070fa00000| Complete 
| 126|0x000000070fc00000, 0x000000070fe00000, 0x000000070fe00000|100%| E|CS|TAMS 0x000000070fc00000| PB 0x000000070fc00000| Complete 
| 127|0x000000070fe00000, 0x0000000710000000, 0x0000000710000000|100%| E|CS|TAMS 0x000000070fe00000| PB 0x000000070fe00000| Complete 
| 128|0x0000000710000000, 0x0000000710200000, 0x0000000710200000|100%| E|CS|TAMS 0x0000000710000000| PB 0x0000000710000000| Complete 
| 129|0x0000000710200000, 0x0000000710400000, 0x0000000710400000|100%| E|CS|TAMS 0x0000000710200000| PB 0x0000000710200000| Complete 
| 130|0x0000000710400000, 0x0000000710600000, 0x0000000710600000|100%| E|CS|TAMS 0x0000000710400000| PB 0x0000000710400000| Complete 
| 131|0x0000000710600000, 0x0000000710800000, 0x0000000710800000|100%| E|CS|TAMS 0x0000000710600000| PB 0x0000000710600000| Complete 
| 132|0x0000000710800000, 0x0000000710a00000, 0x0000000710a00000|100%| E|CS|TAMS 0x0000000710800000| PB 0x0000000710800000| Complete 
| 133|0x0000000710a00000, 0x0000000710c00000, 0x0000000710c00000|100%| E|CS|TAMS 0x0000000710a00000| PB 0x0000000710a00000| Complete 
| 252|0x000000071f800000, 0x000000071fa00000, 0x000000071fa00000|100%| E|CS|TAMS 0x000000071f800000| PB 0x000000071f800000| Complete 
|2040|0x00000007ff000000, 0x00000007ff200000, 0x00000007ff200000|100%| E|CS|TAMS 0x00000007ff000000| PB 0x00000007ff000000| Complete 
|2041|0x00000007ff200000, 0x00000007ff400000, 0x00000007ff400000|100%| E|CS|TAMS 0x00000007ff200000| PB 0x00000007ff200000| Complete 
|2042|0x00000007ff400000, 0x00000007ff600000, 0x00000007ff600000|100%| E|CS|TAMS 0x00000007ff400000| PB 0x00000007ff400000| Complete 
|2043|0x00000007ff600000, 0x00000007ff800000, 0x00000007ff800000|100%| E|CS|TAMS 0x00000007ff600000| PB 0x00000007ff600000| Complete 
|2044|0x00000007ff800000, 0x00000007ffa00000, 0x00000007ffa00000|100%| E|CS|TAMS 0x00000007ff800000| PB 0x00000007ff800000| Complete 
|2045|0x00000007ffa00000, 0x00000007ffc00000, 0x00000007ffc00000|100%| O|  |TAMS 0x00000007ffc00000| PB 0x00000007ffc00000| Updating 
|2046|0x00000007ffc00000, 0x00000007ffe00000, 0x00000007ffe00000|100%| E|CS|TAMS 0x00000007ffc00000| PB 0x00000007ffc00000| Complete 
|2047|0x00000007ffe00000, 0x0000000800000000, 0x0000000800000000|100%| E|CS|TAMS 0x00000007ffe00000| PB 0x00000007ffe00000| Complete 

Card table byte_map: [0x000001ae28b60000,0x000001ae29360000] _byte_map_base: 0x000001ae25360000

Marking Bits: (CMBitMap*) 0x000001ae106f52d0
 Bits: [0x000001ae29360000, 0x000001ae2d360000)

Polling page: 0x000001ae0e350000

Metaspace:

Usage:
  Non-class:    117.78 MB used.
      Class:     17.06 MB used.
       Both:    134.83 MB used.

Virtual space:
  Non-class space:      128.00 MB reserved,     118.88 MB ( 93%) committed,  2 nodes.
      Class space:        1.00 GB reserved,      18.12 MB (  2%) committed,  1 nodes.
             Both:        1.12 GB reserved,     137.00 MB ( 12%) committed. 

Chunk freelists:
   Non-Class:  8.44 MB
       Class:  13.72 MB
        Both:  22.15 MB

MaxMetaspaceSize: unlimited
CompressedClassSpaceSize: 1.00 GB
Initial GC threshold: 21.00 MB
Current GC threshold: 199.81 MB
CDS: on
 - commit_granule_bytes: 65536.
 - commit_granule_words: 8192.
 - virtual_space_node_default_size: 8388608.
 - enlarge_chunks_in_place: 1.
 - use_allocation_guard: 0.


Internal statistics:

num_allocs_failed_limit: 15.
num_arena_births: 3888.
num_arena_deaths: 0.
num_vsnodes_births: 3.
num_vsnodes_deaths: 0.
num_space_committed: 2190.
num_space_uncommitted: 0.
num_chunks_returned_to_freelist: 15.
num_chunks_taken_from_freelist: 9600.
num_chunk_merges: 15.
num_chunk_splits: 6782.
num_chunks_enlarged: 4867.
num_inconsistent_stats: 0.

CodeHeap 'non-profiled nmethods': size=120000Kb used=8019Kb max_used=8079Kb free=111980Kb
 bounds [0x000001ae208e0000, 0x000001ae210d0000, 0x000001ae27e10000]
CodeHeap 'profiled nmethods': size=120000Kb used=30546Kb max_used=31723Kb free=89453Kb
 bounds [0x000001ae18e10000, 0x000001ae1ad10000, 0x000001ae20340000]
CodeHeap 'non-nmethods': size=5760Kb used=2757Kb max_used=2794Kb free=3002Kb
 bounds [0x000001ae20340000, 0x000001ae20610000, 0x000001ae208e0000]
 total_blobs=14363 nmethods=13276 adapters=989
 compilation: enabled
              stopped_count=0, restarted_count=0
 full_count=0

Compilation events (20 events):
Event: 10.413 Thread 0x000001ae7ddfa730 15017       4       java.nio.HeapByteBuffer::<init> (23 bytes)
Event: 10.413 Thread 0x000001ae2fdde7e0 15018   !   4       java.nio.ByteBuffer::wrap (21 bytes)
Event: 10.413 Thread 0x000001ae710b1100 15019       3       org.jetbrains.kotlin.utils.WrappedValues::unescapeThrowable (44 bytes)
Event: 10.414 Thread 0x000001ae710b1100 nmethod 15019 0x000001ae1ad07f10 code [0x000001ae1ad08100, 0x000001ae1ad08698]
Event: 10.415 Thread 0x000001ae2fdde7e0 nmethod 15018 0x000001ae210c2490 code [0x000001ae210c2640, 0x000001ae210c2940]
Event: 10.415 Thread 0x000001ae7ddfbba0 nmethod 15016 0x000001ae210c2c90 code [0x000001ae210c2e40, 0x000001ae210c3188]
Event: 10.415 Thread 0x000001ae7ddfa730 nmethod 15017 0x000001ae210c3390 code [0x000001ae210c3540, 0x000001ae210c3958]
Event: 10.417 Thread 0x000001ae710b1100 15023       3       org.jetbrains.kotlin.com.intellij.openapi.util.text.Strings::stringHashCode (46 bytes)
Event: 10.417 Thread 0x000001ae710b1100 nmethod 15023 0x000001ae1ad08810 code [0x000001ae1ad089e0, 0x000001ae1ad08cf8]
Event: 10.417 Thread 0x000001ae710b1100 15020   !   3       org.jetbrains.kotlin.com.intellij.psi.impl.source.CharTableImpl::doIntern (108 bytes)
Event: 10.418 Thread 0x000001ae710b1100 nmethod 15020 0x000001ae1ad08e90 code [0x000001ae1ad09120, 0x000001ae1ad09a20]
Event: 10.418 Thread 0x000001ae710b1100 15021       3       org.jetbrains.kotlin.com.intellij.openapi.util.text.StringUtil::stringHashCode (16 bytes)
Event: 10.418 Thread 0x000001ae710b1100 nmethod 15021 0x000001ae1ad09d90 code [0x000001ae1ad09f60, 0x000001ae1ad0a1e0]
Event: 10.418 Thread 0x000001ae710b1100 15022       3       org.jetbrains.kotlin.com.intellij.openapi.util.text.Strings::stringHashCode (17 bytes)
Event: 10.418 Thread 0x000001ae710b1100 nmethod 15022 0x000001ae1ad0a310 code [0x000001ae1ad0a4c0, 0x000001ae1ad0a668]
Event: 10.418 Thread 0x000001ae710b1100 15024       3       org.jetbrains.kotlin.com.intellij.psi.impl.source.CharTableImpl$StringHashToCharSequencesMap::access$100 (10 bytes)
Event: 10.418 Thread 0x000001ae710b1100 nmethod 15024 0x000001ae1ad0a710 code [0x000001ae1ad0a8c0, 0x000001ae1ad0a9e0]
Event: 10.418 Thread 0x000001ae710b1100 15025       3       org.jetbrains.kotlin.com.intellij.psi.impl.source.tree.LeafPsiElement::acceptChildren (9 bytes)
Event: 10.418 Thread 0x000001ae710b1100 nmethod 15025 0x000001ae1ad0aa90 code [0x000001ae1ad0ac40, 0x000001ae1ad0adb0]
Event: 10.418 Thread 0x000001ae710b1100 15028       3       org.jetbrains.kotlin.com.intellij.lang.ASTFactory::leaf (100 bytes)

GC Heap History (20 events):
Event: 7.082 GC heap before
{Heap before GC invocations=22 (full 0):
 garbage-first heap   total 198656K, used 174198K [0x0000000700000000, 0x0000000800000000)
  region size 2048K, 42 young (86016K), 4 survivors (8192K)
 Metaspace       used 112279K, committed 114048K, reserved 1179648K
  class space    used 14225K, committed 15104K, reserved 1048576K
}
Event: 7.088 GC heap after
{Heap after GC invocations=23 (full 0):
 garbage-first heap   total 202752K, used 114688K [0x0000000700000000, 0x0000000800000000)
  region size 2048K, 6 young (12288K), 6 survivors (12288K)
 Metaspace       used 112279K, committed 114048K, reserved 1179648K
  class space    used 14225K, committed 15104K, reserved 1048576K
}
Event: 7.234 GC heap before
{Heap before GC invocations=23 (full 0):
 garbage-first heap   total 202752K, used 174080K [0x0000000700000000, 0x0000000800000000)
  region size 2048K, 35 young (71680K), 6 survivors (12288K)
 Metaspace       used 112878K, committed 114688K, reserved 1179648K
  class space    used 14253K, committed 15168K, reserved 1048576K
}
Event: 7.241 GC heap after
{Heap after GC invocations=24 (full 0):
 garbage-first heap   total 208896K, used 135401K [0x0000000700000000, 0x0000000800000000)
  region size 2048K, 5 young (10240K), 5 survivors (10240K)
 Metaspace       used 112878K, committed 114688K, reserved 1179648K
  class space    used 14253K, committed 15168K, reserved 1048576K
}
Event: 7.607 GC heap before
{Heap before GC invocations=25 (full 0):
 garbage-first heap   total 243712K, used 176361K [0x0000000700000000, 0x0000000800000000)
  region size 2048K, 25 young (51200K), 5 survivors (10240K)
 Metaspace       used 116064K, committed 117952K, reserved 1179648K
  class space    used 14735K, committed 15680K, reserved 1048576K
}
Event: 7.611 GC heap after
{Heap after GC invocations=26 (full 0):
 garbage-first heap   total 243712K, used 143929K [0x0000000700000000, 0x0000000800000000)
  region size 2048K, 4 young (8192K), 4 survivors (8192K)
 Metaspace       used 116064K, committed 117952K, reserved 1179648K
  class space    used 14735K, committed 15680K, reserved 1048576K
}
Event: 7.941 GC heap before
{Heap before GC invocations=26 (full 0):
 garbage-first heap   total 243712K, used 201273K [0x0000000700000000, 0x0000000800000000)
  region size 2048K, 33 young (67584K), 4 survivors (8192K)
 Metaspace       used 117390K, committed 119296K, reserved 1179648K
  class space    used 14833K, committed 15808K, reserved 1048576K
}
Event: 7.946 GC heap after
{Heap after GC invocations=27 (full 0):
 garbage-first heap   total 243712K, used 151815K [0x0000000700000000, 0x0000000800000000)
  region size 2048K, 5 young (10240K), 5 survivors (10240K)
 Metaspace       used 117390K, committed 119296K, reserved 1179648K
  class space    used 14833K, committed 15808K, reserved 1048576K
}
Event: 8.255 GC heap before
{Heap before GC invocations=27 (full 0):
 garbage-first heap   total 243712K, used 198919K [0x0000000700000000, 0x0000000800000000)
  region size 2048K, 29 young (59392K), 5 survivors (10240K)
 Metaspace       used 120656K, committed 122688K, reserved 1179648K
  class space    used 15366K, committed 16384K, reserved 1048576K
}
Event: 8.258 GC heap after
{Heap after GC invocations=28 (full 0):
 garbage-first heap   total 292864K, used 155697K [0x0000000700000000, 0x0000000800000000)
  region size 2048K, 4 young (8192K), 4 survivors (8192K)
 Metaspace       used 120656K, committed 122688K, reserved 1179648K
  class space    used 15366K, committed 16384K, reserved 1048576K
}
Event: 8.261 GC heap before
{Heap before GC invocations=28 (full 0):
 garbage-first heap   total 292864K, used 157745K [0x0000000700000000, 0x0000000800000000)
  region size 2048K, 5 young (10240K), 4 survivors (8192K)
 Metaspace       used 120656K, committed 122688K, reserved 1179648K
  class space    used 15366K, committed 16384K, reserved 1048576K
}
Event: 8.263 GC heap after
{Heap after GC invocations=29 (full 0):
 garbage-first heap   total 292864K, used 157446K [0x0000000700000000, 0x0000000800000000)
  region size 2048K, 3 young (6144K), 3 survivors (6144K)
 Metaspace       used 120656K, committed 122688K, reserved 1179648K
  class space    used 15366K, committed 16384K, reserved 1048576K
}
Event: 8.902 GC heap before
{Heap before GC invocations=30 (full 0):
 garbage-first heap   total 292864K, used 216838K [0x0000000700000000, 0x0000000800000000)
  region size 2048K, 49 young (100352K), 3 survivors (6144K)
 Metaspace       used 129072K, committed 131200K, reserved 1179648K
  class space    used 16487K, committed 17536K, reserved 1048576K
}
Event: 8.906 GC heap after
{Heap after GC invocations=31 (full 0):
 garbage-first heap   total 292864K, used 127810K [0x0000000700000000, 0x0000000800000000)
  region size 2048K, 6 young (12288K), 6 survivors (12288K)
 Metaspace       used 129072K, committed 131200K, reserved 1179648K
  class space    used 16487K, committed 17536K, reserved 1048576K
}
Event: 9.173 GC heap before
{Heap before GC invocations=31 (full 0):
 garbage-first heap   total 292864K, used 240450K [0x0000000700000000, 0x0000000800000000)
  region size 2048K, 61 young (124928K), 6 survivors (12288K)
 Metaspace       used 130521K, committed 132608K, reserved 1179648K
  class space    used 16665K, committed 17728K, reserved 1048576K
}
Event: 9.183 GC heap after
{Heap after GC invocations=32 (full 0):
 garbage-first heap   total 292864K, used 131434K [0x0000000700000000, 0x0000000800000000)
  region size 2048K, 8 young (16384K), 8 survivors (16384K)
 Metaspace       used 130521K, committed 132608K, reserved 1179648K
  class space    used 16665K, committed 17728K, reserved 1048576K
}
Event: 9.762 GC heap before
{Heap before GC invocations=32 (full 0):
 garbage-first heap   total 292864K, used 229738K [0x0000000700000000, 0x0000000800000000)
  region size 2048K, 56 young (114688K), 8 survivors (16384K)
 Metaspace       used 132759K, committed 134912K, reserved 1179648K
  class space    used 16815K, committed 17856K, reserved 1048576K
}
Event: 9.772 GC heap after
{Heap after GC invocations=33 (full 0):
 garbage-first heap   total 292864K, used 147456K [0x0000000700000000, 0x0000000800000000)
  region size 2048K, 7 young (14336K), 7 survivors (14336K)
 Metaspace       used 132759K, committed 134912K, reserved 1179648K
  class space    used 16815K, committed 17856K, reserved 1048576K
}
Event: 10.372 GC heap before
{Heap before GC invocations=33 (full 0):
 garbage-first heap   total 292864K, used 235520K [0x0000000700000000, 0x0000000800000000)
  region size 2048K, 50 young (102400K), 7 survivors (14336K)
 Metaspace       used 138039K, committed 140224K, reserved 1179648K
  class space    used 17464K, committed 18560K, reserved 1048576K
}
Event: 10.379 GC heap after
{Heap after GC invocations=34 (full 0):
 garbage-first heap   total 292864K, used 166939K [0x0000000700000000, 0x0000000800000000)
  region size 2048K, 7 young (14336K), 7 survivors (14336K)
 Metaspace       used 138039K, committed 140224K, reserved 1179648K
  class space    used 17464K, committed 18560K, reserved 1048576K
}

Dll operation events (15 events):
Event: 0.007 Loaded shared library C:\Program Files\Zulu\zulu-21\bin\java.dll
Event: 0.024 Loaded shared library C:\Program Files\Zulu\zulu-21\bin\jsvml.dll
Event: 0.042 Loaded shared library C:\Program Files\Zulu\zulu-21\bin\zip.dll
Event: 0.045 Loaded shared library C:\Program Files\Zulu\zulu-21\bin\instrument.dll
Event: 0.047 Loaded shared library C:\Program Files\Zulu\zulu-21\bin\net.dll
Event: 0.048 Loaded shared library C:\Program Files\Zulu\zulu-21\bin\nio.dll
Event: 0.050 Loaded shared library C:\Program Files\Zulu\zulu-21\bin\zip.dll
Event: 0.183 Loaded shared library C:\Program Files\Zulu\zulu-21\bin\jimage.dll
Event: 0.289 Loaded shared library C:\Program Files\Zulu\zulu-21\bin\verify.dll
Event: 0.303 Loaded shared library C:\Users\yolki\.gradle\native\660c5614fbf4a5f2a75b1949f50a0caf5cd603558e7d8a26e50b933a0cfb79d1\windows-amd64\native-platform.dll
Event: 0.315 Loaded shared library C:\Users\yolki\.gradle\native\0.2.8\x86_64-windows-gnu\gradle-fileevents.dll
Event: 0.878 Loaded shared library C:\Program Files\Zulu\zulu-21\bin\management.dll
Event: 0.879 Loaded shared library C:\Program Files\Zulu\zulu-21\bin\management_ext.dll
Event: 0.950 Loaded shared library C:\Program Files\Zulu\zulu-21\bin\extnet.dll
Event: 1.056 Loaded shared library C:\Program Files\Zulu\zulu-21\bin\sunmscapi.dll

Deoptimization events (20 events):
Event: 10.129 Thread 0x000001ae7714bdb0 Uncommon trap: trap_request=0xfffffff4 fr.pc=0x000001ae2107b514 relative=0x0000000000000074
Event: 10.129 Thread 0x000001ae7714bdb0 Uncommon trap: reason=null_check action=make_not_entrant pc=0x000001ae2107b514 method=java.lang.Class.isAnnotation()Z @ 1 c2
Event: 10.129 Thread 0x000001ae7714bdb0 DEOPT PACKING pc=0x000001ae2107b514 sp=0x00000073712f7c10
Event: 10.129 Thread 0x000001ae7714bdb0 DEOPT UNPACKING pc=0x000001ae20397da2 sp=0x00000073712f7ba0 mode 2
Event: 10.179 Thread 0x000001ae7714bdb0 Uncommon trap: trap_request=0xffffffc6 fr.pc=0x000001ae20a29728 relative=0x0000000000000088
Event: 10.179 Thread 0x000001ae7714bdb0 Uncommon trap: reason=bimorphic_or_optimized_type_check action=maybe_recompile pc=0x000001ae20a29728 method=java.util.Collections$UnmodifiableCollection.size()I @ 4 c2
Event: 10.179 Thread 0x000001ae7714bdb0 DEOPT PACKING pc=0x000001ae20a29728 sp=0x00000073712faf00
Event: 10.179 Thread 0x000001ae7714bdb0 DEOPT UNPACKING pc=0x000001ae20397da2 sp=0x00000073712fae90 mode 2
Event: 10.184 Thread 0x000001ae77162200 Uncommon trap: trap_request=0xffffffbe fr.pc=0x000001ae20e8f098 relative=0x00000000000002b8
Event: 10.184 Thread 0x000001ae77162200 Uncommon trap: reason=profile_predicate action=maybe_recompile pc=0x000001ae20e8f098 method=java.util.Collections.indexedBinarySearch(Ljava/util/List;Ljava/lang/Object;)I @ 13 c2
Event: 10.184 Thread 0x000001ae77162200 DEOPT PACKING pc=0x000001ae20e8f098 sp=0x00000073716fbfd0
Event: 10.184 Thread 0x000001ae77162200 DEOPT UNPACKING pc=0x000001ae20397da2 sp=0x00000073716fbf50 mode 2
Event: 10.202 Thread 0x000001ae7714bdb0 DEOPT PACKING pc=0x000001ae1a244a68 sp=0x00000073712f6430
Event: 10.202 Thread 0x000001ae7714bdb0 DEOPT UNPACKING pc=0x000001ae203988e2 sp=0x00000073712f59a0 mode 0
Event: 10.295 Thread 0x000001ae7714bdb0 DEOPT PACKING pc=0x000001ae18e12963 sp=0x00000073712f7540
Event: 10.295 Thread 0x000001ae7714bdb0 DEOPT UNPACKING pc=0x000001ae203988e2 sp=0x00000073712f6a20 mode 0
Event: 10.352 Thread 0x000001ae77162200 Uncommon trap: trap_request=0xffffffbe fr.pc=0x000001ae20e8f098 relative=0x00000000000002b8
Event: 10.352 Thread 0x000001ae77162200 Uncommon trap: reason=profile_predicate action=maybe_recompile pc=0x000001ae20e8f098 method=java.util.Collections.indexedBinarySearch(Ljava/util/List;Ljava/lang/Object;)I @ 13 c2
Event: 10.352 Thread 0x000001ae77162200 DEOPT PACKING pc=0x000001ae20e8f098 sp=0x00000073716fbfd0
Event: 10.352 Thread 0x000001ae77162200 DEOPT UNPACKING pc=0x000001ae20397da2 sp=0x00000073716fbf50 mode 2

Classes loaded (20 events):
Event: 10.038 Loading class sun/reflect/annotation/TypeAnnotation
Event: 10.038 Loading class sun/reflect/annotation/TypeAnnotation done
Event: 10.038 Loading class sun/reflect/annotation/AnnotatedTypeFactory
Event: 10.038 Loading class sun/reflect/annotation/AnnotatedTypeFactory done
Event: 10.038 Loading class sun/reflect/annotation/AnnotatedTypeFactory$AnnotatedTypeBaseImpl
Event: 10.038 Loading class sun/reflect/annotation/AnnotatedTypeFactory$AnnotatedTypeBaseImpl done
Event: 10.038 Loading class sun/reflect/annotation/TypeAnnotation$LocationInfo
Event: 10.039 Loading class sun/reflect/annotation/TypeAnnotation$LocationInfo done
Event: 10.039 Loading class sun/reflect/annotation/TypeAnnotation$LocationInfo$Location
Event: 10.039 Loading class sun/reflect/annotation/TypeAnnotation$LocationInfo$Location done
Event: 10.039 Loading class sun/reflect/annotation/TypeAnnotation$TypeAnnotationTargetInfo
Event: 10.039 Loading class sun/reflect/annotation/TypeAnnotation$TypeAnnotationTargetInfo done
Event: 10.088 Loading class java/util/stream/ReduceOps$5
Event: 10.088 Loading class java/util/stream/ReduceOps$5 done
Event: 10.088 Loading class java/util/stream/ReduceOps$CountingSink$OfRef
Event: 10.088 Loading class java/util/stream/ReduceOps$CountingSink
Event: 10.088 Loading class java/util/stream/ReduceOps$CountingSink done
Event: 10.088 Loading class java/util/stream/ReduceOps$CountingSink$OfRef done
Event: 10.266 Loading class java/util/Currency
Event: 10.267 Loading class java/util/Currency done

Classes unloaded (0 events):
No events

Classes redefined (0 events):
No events

Internal exceptions (20 events):
Event: 9.895 Thread 0x000001ae7714bdb0 Exception <a 'java/lang/NoSuchMethodError'{0x000000071f84fc70}: 'java.lang.Object java.lang.invoke.DirectMethodHandle$Holder.newInvokeSpecial(java.lang.Object, java.lang.Object, java.lang.Object, java.lang.Object, int, int, int, java.lang.Object)'> (0x000000071f84fc70) 
thrown [s\src\hotspot\share\interpreter\linkResolver.cpp, line 773]
Event: 9.966 Thread 0x000001ae7714bdb0 Exception <a 'java/lang/NoSuchMethodError'{0x0000000710439730}: 'java.lang.Object java.lang.invoke.DirectMethodHandle$Holder.invokeStatic(java.lang.Object, int, java.lang.Object)'> (0x0000000710439730) 
thrown [s\src\hotspot\share\interpreter\linkResolver.cpp, line 773]
Event: 9.993 Thread 0x000001ae7714bdb0 Exception <a 'java/lang/NoSuchMethodError'{0x000000071028fbd0}: 'java.lang.Object java.lang.invoke.DirectMethodHandle$Holder.invokeStatic(java.lang.Object, int, int, java.lang.Object)'> (0x000000071028fbd0) 
thrown [s\src\hotspot\share\interpreter\linkResolver.cpp, line 773]
Event: 10.008 Thread 0x000001ae7714bdb0 Exception <a 'sun/nio/fs/WindowsException'{0x00000007102fa258}> (0x00000007102fa258) 
thrown [s\src\hotspot\share\prims\jni.cpp, line 520]
Event: 10.008 Thread 0x000001ae7714bdb0 Exception <a 'sun/nio/fs/WindowsException'{0x00000007102fbe98}> (0x00000007102fbe98) 
thrown [s\src\hotspot\share\prims\jni.cpp, line 520]
Event: 10.009 Thread 0x000001ae7714bdb0 Exception <a 'sun/nio/fs/WindowsException'{0x0000000710305a98}> (0x0000000710305a98) 
thrown [s\src\hotspot\share\prims\jni.cpp, line 520]
Event: 10.010 Thread 0x000001ae7714bdb0 Exception <a 'sun/nio/fs/WindowsException'{0x0000000710310930}> (0x0000000710310930) 
thrown [s\src\hotspot\share\prims\jni.cpp, line 520]
Event: 10.011 Thread 0x000001ae7714bdb0 Exception <a 'sun/nio/fs/WindowsException'{0x0000000710317290}> (0x0000000710317290) 
thrown [s\src\hotspot\share\prims\jni.cpp, line 520]
Event: 10.012 Thread 0x000001ae7714bdb0 Exception <a 'sun/nio/fs/WindowsException'{0x0000000710326d38}> (0x0000000710326d38) 
thrown [s\src\hotspot\share\prims\jni.cpp, line 520]
Event: 10.013 Thread 0x000001ae7714bdb0 Exception <a 'sun/nio/fs/WindowsException'{0x000000071032f218}> (0x000000071032f218) 
thrown [s\src\hotspot\share\prims\jni.cpp, line 520]
Event: 10.014 Thread 0x000001ae7714bdb0 Exception <a 'sun/nio/fs/WindowsException'{0x0000000710337978}> (0x0000000710337978) 
thrown [s\src\hotspot\share\prims\jni.cpp, line 520]
Event: 10.015 Thread 0x000001ae7714bdb0 Exception <a 'sun/nio/fs/WindowsException'{0x0000000710340340}> (0x0000000710340340) 
thrown [s\src\hotspot\share\prims\jni.cpp, line 520]
Event: 10.016 Thread 0x000001ae7714bdb0 Exception <a 'sun/nio/fs/WindowsException'{0x00000007103687a8}> (0x00000007103687a8) 
thrown [s\src\hotspot\share\prims\jni.cpp, line 520]
Event: 10.018 Thread 0x000001ae7714bdb0 Exception <a 'sun/nio/fs/WindowsException'{0x000000071036fa60}> (0x000000071036fa60) 
thrown [s\src\hotspot\share\prims\jni.cpp, line 520]
Event: 10.118 Thread 0x000001ae7714bdb0 Exception <a 'java/lang/NoSuchMethodError'{0x000000070f434650}: 'int java.lang.invoke.DirectMethodHandle$Holder.invokeSpecialIFC(java.lang.Object, java.lang.Object, java.lang.Object, java.lang.Object, java.lang.Object)'> (0x000000070f434650) 
thrown [s\src\hotspot\share\interpreter\linkResolver.cpp, line 773]
Event: 10.190 Thread 0x000001ae7714bdb0 Exception <a 'sun/nio/fs/WindowsException'{0x000000070ef34390}> (0x000000070ef34390) 
thrown [s\src\hotspot\share\prims\jni.cpp, line 520]
Event: 10.190 Thread 0x000001ae7714bdb0 Exception <a 'sun/nio/fs/WindowsException'{0x000000070ef35d20}> (0x000000070ef35d20) 
thrown [s\src\hotspot\share\prims\jni.cpp, line 520]
Event: 10.191 Thread 0x000001ae7714bdb0 Exception <a 'sun/nio/fs/WindowsException'{0x000000070ef42558}> (0x000000070ef42558) 
thrown [s\src\hotspot\share\prims\jni.cpp, line 520]
Event: 10.358 Thread 0x000001ae7714bdb0 Exception <a 'sun/nio/fs/WindowsException'{0x000000070d8e1c88}> (0x000000070d8e1c88) 
thrown [s\src\hotspot\share\prims\jni.cpp, line 520]
Event: 10.358 Thread 0x000001ae7714bdb0 Exception <a 'sun/nio/fs/WindowsException'{0x000000070d8e3790}> (0x000000070d8e3790) 
thrown [s\src\hotspot\share\prims\jni.cpp, line 520]

ZGC Phase Switch (0 events):
No events

VM Operations (20 events):
Event: 9.772 Executing VM operation: G1CollectForAllocation (G1 Evacuation Pause) done
Event: 9.821 Executing VM operation: HandshakeAllThreads (Deoptimize)
Event: 9.821 Executing VM operation: HandshakeAllThreads (Deoptimize) done
Event: 9.842 Executing VM operation: ICBufferFull
Event: 9.842 Executing VM operation: ICBufferFull done
Event: 9.929 Executing VM operation: ICBufferFull
Event: 9.929 Executing VM operation: ICBufferFull done
Event: 9.939 Executing VM operation: HandshakeAllThreads (Deoptimize)
Event: 9.940 Executing VM operation: HandshakeAllThreads (Deoptimize) done
Event: 9.940 Executing VM operation: HandshakeAllThreads (Deoptimize)
Event: 9.940 Executing VM operation: HandshakeAllThreads (Deoptimize) done
Event: 9.990 Executing VM operation: ICBufferFull
Event: 9.990 Executing VM operation: ICBufferFull done
Event: 10.130 Executing VM operation: ICBufferFull
Event: 10.130 Executing VM operation: ICBufferFull done
Event: 10.358 Executing VM operation: ICBufferFull
Event: 10.358 Executing VM operation: ICBufferFull done
Event: 10.372 Executing VM operation: G1CollectForAllocation (G1 Evacuation Pause)
Event: 10.379 Executing VM operation: G1CollectForAllocation (G1 Evacuation Pause) done
Event: 10.418 Executing VM operation: G1PauseRemark

Events (20 events):
Event: 10.425 Thread 0x000001ae2fdbe410 flushing nmethod 0x000001ae20e22190
Event: 10.425 Thread 0x000001ae2fdbe410 flushing nmethod 0x000001ae20dfcc10
Event: 10.425 Thread 0x000001ae2fdbe410 flushing nmethod 0x000001ae20de4c10
Event: 10.425 Thread 0x000001ae2fdbe410 flushing nmethod 0x000001ae20d62990
Event: 10.425 Thread 0x000001ae2fdbe410 flushing nmethod 0x000001ae20c3fd10
Event: 10.425 Thread 0x000001ae2fdbe410 flushing nmethod 0x000001ae20c93890
Event: 10.425 Thread 0x000001ae2fdbe410 flushing nmethod 0x000001ae20b82e10
Event: 10.425 Thread 0x000001ae2fdbe410 flushing nmethod 0x000001ae20b81e10
Event: 10.425 Thread 0x000001ae2fdbe410 flushing nmethod 0x000001ae20b14690
Event: 10.425 Thread 0x000001ae2fdbe410 flushing nmethod 0x000001ae20aa3310
Event: 10.425 Thread 0x000001ae2fdbe410 flushing nmethod 0x000001ae20b13090
Event: 10.425 Thread 0x000001ae2fdbe410 flushing nmethod 0x000001ae20af3c90
Event: 10.425 Thread 0x000001ae2fdbe410 flushing nmethod 0x000001ae20ad4990
Event: 10.425 Thread 0x000001ae2fdbe410 flushing nmethod 0x000001ae20a92e90
Event: 10.425 Thread 0x000001ae2fdbe410 flushing nmethod 0x000001ae20a4f190
Event: 10.425 Thread 0x000001ae2fdbe410 flushing nmethod 0x000001ae209ef610
Event: 10.425 Thread 0x000001ae2fdbe410 flushing nmethod 0x000001ae2099e610
Event: 10.425 Thread 0x000001ae2fdbe410 flushing nmethod 0x000001ae209b0610
Event: 10.425 Thread 0x000001ae2fdbe410 flushing nmethod 0x000001ae20914f10
Event: 10.425 Thread 0x000001ae2fdbe410 flushing nmethod 0x000001ae2092c390


Dynamic libraries:
0x00007ff6274a0000 - 0x00007ff6274ae000 	C:\Program Files\Zulu\zulu-21\bin\java.exe
0x00007ff82e060000 - 0x00007ff82e2c7000 	C:\WINDOWS\SYSTEM32\ntdll.dll
0x00007ff82c580000 - 0x00007ff82c649000 	C:\WINDOWS\System32\KERNEL32.DLL
0x00007ff82b7a0000 - 0x00007ff82bb8f000 	C:\WINDOWS\System32\KERNELBASE.dll
0x00007ff82b370000 - 0x00007ff82b4bb000 	C:\WINDOWS\System32\ucrtbase.dll
0x00007ff808e20000 - 0x00007ff808e3b000 	C:\Program Files\Zulu\zulu-21\bin\VCRUNTIME140.dll
0x00007ff8228c0000 - 0x00007ff8228d9000 	C:\Program Files\Zulu\zulu-21\bin\jli.dll
0x00007ff82c650000 - 0x00007ff82c815000 	C:\WINDOWS\System32\USER32.dll
0x00007ff80c130000 - 0x00007ff80c3c3000 	C:\WINDOWS\WinSxS\amd64_microsoft.windows.common-controls_6595b64144ccf1df_6.0.26100.7309_none_3e05feeae336a044\COMCTL32.dll
0x00007ff82bc50000 - 0x00007ff82bc77000 	C:\WINDOWS\System32\win32u.dll
0x00007ff82cb50000 - 0x00007ff82cbf9000 	C:\WINDOWS\System32\msvcrt.dll
0x00007ff82be10000 - 0x00007ff82be3b000 	C:\WINDOWS\System32\GDI32.dll
0x00007ff82b240000 - 0x00007ff82b36c000 	C:\WINDOWS\System32\gdi32full.dll
0x00007ff82b6f0000 - 0x00007ff82b793000 	C:\WINDOWS\System32\msvcp_win.dll
0x00007ff82d650000 - 0x00007ff82d681000 	C:\WINDOWS\System32\IMM32.DLL
0x00007ff825cc0000 - 0x00007ff825ccc000 	C:\Program Files\Zulu\zulu-21\bin\vcruntime140_1.dll
0x00007fffd2a70000 - 0x00007fffd2afe000 	C:\Program Files\Zulu\zulu-21\bin\msvcp140.dll
0x00007fff17340000 - 0x00007fff180d4000 	C:\Program Files\Zulu\zulu-21\bin\server\jvm.dll
0x00007ff82d500000 - 0x00007ff82d5b4000 	C:\WINDOWS\System32\ADVAPI32.dll
0x00007ff82c4d0000 - 0x00007ff82c576000 	C:\WINDOWS\System32\sechost.dll
0x00007ff82cde0000 - 0x00007ff82cef8000 	C:\WINDOWS\System32\RPCRT4.dll
0x00007ff82d6e0000 - 0x00007ff82d754000 	C:\WINDOWS\System32\WS2_32.dll
0x00007ff82b010000 - 0x00007ff82b06e000 	C:\WINDOWS\SYSTEM32\POWRPROF.dll
0x00007ff8238c0000 - 0x00007ff8238cb000 	C:\WINDOWS\SYSTEM32\VERSION.dll
0x00007ff81bf60000 - 0x00007ff81bf95000 	C:\WINDOWS\SYSTEM32\WINMM.dll
0x00007ff82aff0000 - 0x00007ff82b004000 	C:\WINDOWS\SYSTEM32\UMPDC.dll
0x00007ff829f20000 - 0x00007ff829f3b000 	C:\WINDOWS\SYSTEM32\kernel.appcore.dll
0x00007ff811320000 - 0x00007ff81132a000 	C:\Program Files\Zulu\zulu-21\bin\jimage.dll
0x00007ff812560000 - 0x00007ff8127a2000 	C:\WINDOWS\SYSTEM32\DBGHELP.DLL
0x00007ff82c010000 - 0x00007ff82c395000 	C:\WINDOWS\System32\combase.dll
0x00007ff82d420000 - 0x00007ff82d4f6000 	C:\WINDOWS\System32\OLEAUT32.dll
0x00007ff810990000 - 0x00007ff8109cc000 	C:\WINDOWS\SYSTEM32\dbgcore.DLL
0x00007ff82bba0000 - 0x00007ff82bc45000 	C:\WINDOWS\System32\bcryptPrimitives.dll
0x00007ffff8bd0000 - 0x00007ffff8bdf000 	C:\Program Files\Zulu\zulu-21\bin\instrument.dll
0x00007ff808e00000 - 0x00007ff808e1f000 	C:\Program Files\Zulu\zulu-21\bin\java.dll
0x00007ff82d820000 - 0x00007ff82df73000 	C:\WINDOWS\System32\SHELL32.dll
0x00007ff82b4c0000 - 0x00007ff82b62a000 	C:\WINDOWS\System32\wintypes.dll
0x00007ff8288e0000 - 0x00007ff82913e000 	C:\WINDOWS\SYSTEM32\windows.storage.dll
0x00007ff82c8b0000 - 0x00007ff82c9a5000 	C:\WINDOWS\System32\SHCORE.dll
0x00007ff82cf00000 - 0x00007ff82cf66000 	C:\WINDOWS\System32\shlwapi.dll
0x00007ff82b0d0000 - 0x00007ff82b0f9000 	C:\WINDOWS\SYSTEM32\profapi.dll
0x00007fffd1130000 - 0x00007fffd1207000 	C:\Program Files\Zulu\zulu-21\bin\jsvml.dll
0x00007ffff3dd0000 - 0x00007ffff3de8000 	C:\Program Files\Zulu\zulu-21\bin\zip.dll
0x00007ff811300000 - 0x00007ff811310000 	C:\Program Files\Zulu\zulu-21\bin\net.dll
0x00007ff822900000 - 0x00007ff822a28000 	C:\WINDOWS\SYSTEM32\WINHTTP.dll
0x00007ff82a470000 - 0x00007ff82a4db000 	C:\WINDOWS\system32\mswsock.dll
0x00007ffff3ea0000 - 0x00007ffff3eb6000 	C:\Program Files\Zulu\zulu-21\bin\nio.dll
0x00007ff80e800000 - 0x00007ff80e810000 	C:\Program Files\Zulu\zulu-21\bin\verify.dll
0x00007fffb9490000 - 0x00007fffb94b7000 	C:\Users\yolki\.gradle\native\660c5614fbf4a5f2a75b1949f50a0caf5cd603558e7d8a26e50b933a0cfb79d1\windows-amd64\native-platform.dll
0x00007fffb3be0000 - 0x00007fffb3c57000 	C:\Users\yolki\.gradle\native\0.2.8\x86_64-windows-gnu\gradle-fileevents.dll
0x00007ffffa960000 - 0x00007ffffa96a000 	C:\Program Files\Zulu\zulu-21\bin\management.dll
0x00007ffff9b10000 - 0x00007ffff9b1b000 	C:\Program Files\Zulu\zulu-21\bin\management_ext.dll
0x00007ff82be00000 - 0x00007ff82be08000 	C:\WINDOWS\System32\PSAPI.DLL
0x00007ff829460000 - 0x00007ff829494000 	C:\WINDOWS\SYSTEM32\IPHLPAPI.DLL
0x00007ff82cf80000 - 0x00007ff82cf8a000 	C:\WINDOWS\System32\NSI.dll
0x00007ffff8cd0000 - 0x00007ffff8cd9000 	C:\Program Files\Zulu\zulu-21\bin\extnet.dll
0x00007ff82a860000 - 0x00007ff82a87b000 	C:\WINDOWS\SYSTEM32\CRYPTSP.dll
0x00007ff829e80000 - 0x00007ff829eba000 	C:\WINDOWS\system32\rsaenh.dll
0x00007ff82a520000 - 0x00007ff82a54b000 	C:\WINDOWS\SYSTEM32\USERENV.dll
0x00007ff82b0a0000 - 0x00007ff82b0ca000 	C:\WINDOWS\SYSTEM32\bcrypt.dll
0x00007ff82a6c0000 - 0x00007ff82a6cc000 	C:\WINDOWS\SYSTEM32\CRYPTBASE.dll
0x00007ffff60f0000 - 0x00007ffff60fe000 	C:\Program Files\Zulu\zulu-21\bin\sunmscapi.dll
0x00007ff82bc80000 - 0x00007ff82bdf7000 	C:\WINDOWS\System32\CRYPT32.dll
0x00007ff82a9b0000 - 0x00007ff82a9e0000 	C:\WINDOWS\SYSTEM32\ncrypt.dll
0x00007ff82a960000 - 0x00007ff82a99f000 	C:\WINDOWS\SYSTEM32\NTASN1.dll
0x00007fff7c440000 - 0x00007fff7c448000 	C:\WINDOWS\system32\wshunix.dll

dbghelp: loaded successfully - version: 4.0.5 - missing functions: none
symbol engine: initialized successfully - sym options: 0x614 - pdb path: .;C:\Program Files\Zulu\zulu-21\bin;C:\WINDOWS\SYSTEM32;C:\WINDOWS\WinSxS\amd64_microsoft.windows.common-controls_6595b64144ccf1df_6.0.26100.7309_none_3e05feeae336a044;C:\Program Files\Zulu\zulu-21\bin\server;C:\Users\yolki\.gradle\native\660c5614fbf4a5f2a75b1949f50a0caf5cd603558e7d8a26e50b933a0cfb79d1\windows-amd64;C:\Users\yolki\.gradle\native\0.2.8\x86_64-windows-gnu

VM Arguments:
jvm_args: --add-opens=java.base/java.lang=ALL-UNNAMED --add-opens=java.base/java.lang.invoke=ALL-UNNAMED --add-opens=java.base/java.util=ALL-UNNAMED --add-opens=java.prefs/java.util.prefs=ALL-UNNAMED --add-exports=jdk.compiler/com.sun.tools.javac.api=ALL-UNNAMED --add-exports=jdk.compiler/com.sun.tools.javac.util=ALL-UNNAMED --add-opens=java.base/java.util=ALL-UNNAMED --add-opens=java.prefs/java.util.prefs=ALL-UNNAMED --add-opens=java.base/java.nio.charset=ALL-UNNAMED --add-opens=java.base/java.net=ALL-UNNAMED --add-opens=java.base/java.util.concurrent=ALL-UNNAMED --add-opens=java.base/java.util.concurrent.atomic=ALL-UNNAMED --add-opens=java.xml/javax.xml.namespace=ALL-UNNAMED --add-opens=java.base/java.time=ALL-UNNAMED -Xmx4G -Dfile.encoding=UTF-8 -Duser.country=RU -Duser.language=ru -Duser.variant -javaagent:C:\Users\yolki\.gradle\wrapper\dists\gradle-9.2.1-bin\2t0n5ozlw9xmuyvbp7dnzaxug\gradle-9.2.1\lib\agents\gradle-instrumentation-agent-9.2.1.jar 
java_command: org.gradle.launcher.daemon.bootstrap.GradleDaemon 9.2.1
java_class_path (initial): C:\Users\yolki\.gradle\wrapper\dists\gradle-9.2.1-bin\2t0n5ozlw9xmuyvbp7dnzaxug\gradle-9.2.1\lib\gradle-daemon-main-9.2.1.jar
Launcher Type: SUN_STANDARD

[Global flags]
     intx CICompilerCount                          = 4                                         {product} {ergonomic}
     uint ConcGCThreads                            = 3                                         {product} {ergonomic}
     uint G1ConcRefinementThreads                  = 10                                        {product} {ergonomic}
   size_t G1HeapRegionSize                         = 2097152                                   {product} {ergonomic}
    uintx GCDrainStackTargetSize                   = 64                                        {product} {ergonomic}
   size_t InitialHeapSize                          = 530579456                                 {product} {ergonomic}
   size_t MarkStackSize                            = 4194304                                   {product} {ergonomic}
   size_t MaxHeapSize                              = 4294967296                                {product} {command line}
   size_t MaxNewSize                               = 2575302656                                {product} {ergonomic}
   size_t MinHeapDeltaBytes                        = 2097152                                   {product} {ergonomic}
   size_t MinHeapSize                              = 8388608                                   {product} {ergonomic}
    uintx NonNMethodCodeHeapSize                   = 5839372                                {pd product} {ergonomic}
    uintx NonProfiledCodeHeapSize                  = 122909434                              {pd product} {ergonomic}
    uintx ProfiledCodeHeapSize                     = 122909434                              {pd product} {ergonomic}
    uintx ReservedCodeCacheSize                    = 251658240                              {pd product} {ergonomic}
     bool SegmentedCodeCache                       = true                                      {product} {ergonomic}
   size_t SoftMaxHeapSize                          = 4294967296                             {manageable} {ergonomic}
     bool UseCompressedOops                        = true                           {product lp64_product} {ergonomic}
     bool UseG1GC                                  = true                                      {product} {ergonomic}
     bool UseLargePagesIndividualAllocation        = false                                  {pd product} {ergonomic}

Logging:
Log output configuration:
 #0: stdout all=warning uptime,level,tags foldmultilines=false
 #1: stderr all=off uptime,level,tags foldmultilines=false

Environment Variables:
JAVA_HOME=C:\Program Files\Zulu\zulu-21
PATH=C:\Users\yolki\bin;C:\Program Files\Git\mingw64\bin;C:\Program Files\Git\usr\local\bin;C:\Program Files\Git\usr\bin;C:\Program Files\Git\usr\bin;C:\Program Files\Git\mingw64\bin;C:\Program Files\Git\usr\bin;C:\Users\yolki\bin;C:\Program Files\Zulu\zulu-25\bin;C:\Program Files\Zulu\zulu-24\bin;C:\Program Files\NVIDIA\CUDNN\v9.9\bin;C:\Program Files (x86)\VMware\VMware Workstation\bin;C:\Program Files\Zulu\zulu-21\bin;C:\Program Files\Python312\Scripts;C:\Program Files\Python312;C:\Program Files\NVIDIA GPU Computing Toolkit\CUDA\v12.3\bin;C:\Program Files\NVIDIA GPU Computing Toolkit\CUDA\v12.3\libnvvp;C:\Program Files (x86)\Common Files\Intel\Shared Libraries\redist\intel64\compiler;C:\Program Files\Microsoft MPI\Bin;C:\WINDOWS\system32;C:\WINDOWS;C:\WINDOWS\System32\Wbem;C:\WINDOWS\System32\WindowsPowerShell\v1.0;C:\WINDOWS\System32\OpenSSH;C:\Program Files (x86)\NVIDIA Corporation\PhysX\Common;C:\Program Files\WireGuard;C:\Program Files\dotnet;C:\Program Files (x86)\NetSarang\Xshell 7;C:\Program Files\NVIDIA Corporation\Nsight Compute 2023.3.1;C:\Program Files (x86)\Windows Kits\10\Windows Performance Toolkit;C:\Program Files\Git\cmd;C:\Program Files\NVIDIA Corporation\NVIDIA app\NvDLISR;C:\Program Files\PuTTY;C:\Program Files (x86)\NetSarang\Xshell 8;C:\Program Files (x86)\NetSarang\Xftp 8;Ñ;C:\Program Files\Git\Program Files (x86)\Nmap;C:\ProgramData\chocolatey\bin;C:\Program Files\OpenSSL-Win64\bin;C:\Program Files\WezTerm;C:\Program Files\kotlin-lsp;C:\Program Files\nodejs;C:\Program Files\Warp\bin;C:\Program Files\fd;C:\Users\yolki\Desktop\mpv;C:\Program Files\GitHub CLI;C:\Program Files\Docker\Docker\resources\bin;C:\Program Files\CMake\bin;C:\Program Files\NASM;C:\Strawberry\c\bin;C:\Strawberry\perl\site\bin;C:\Strawberry\perl\bin;C:\Users\yolki\.cargo\bin;C:\Program Files\NVIDIA GPU Computing Toolkit\CUDA\v12.3\extras\CUPTI\lib64;C:\Program Files\Zulu\zulu-25\bin;C:\Program Files\Zulu\zulu-24\bin;C:\Program Files\NVIDIA\CUDNN\v9.9\bin;C:\Program Files (x86)\VMware\VMware Workstation\bin;C:\Program Files\Zulu\zulu-21\bin;C:\Program Files\Python312\Scripts;C:\Program Files\Python312;C:\Program Files\NVIDIA GPU Computing Toolkit\CUDA\v12.3\bin;C:\Program Files\NVIDIA GPU Computing Toolkit\CUDA\v12.3\libnvvp;C:\Program Files (x86)\Common Files\Intel\Shared Libraries\redist\intel64\compiler;C:\Program Files\Microsoft MPI\Bin;C:\WINDOWS\system32;C:\WINDOWS;C:\WINDOWS\System32\Wbem;C:\WINDOWS\System32\WindowsPowerShell\v1.0;C:\WINDOWS\System32\OpenSSH;C:\Program Files (x86)\NVIDIA Corporation\PhysX\Common;C:\Program Files\WireGuard;C:\Program Files\dotnet;C:\Program Files (x86)\NetSarang\Xshell 7;C:\Program Files\NVIDIA Corporation\Nsight Compute 2023.3.1;C:\Program Files (x86)\Windows Kits\10\Windows Performance Toolkit;C:\Program Files\Git\cmd;C:\Users\yolki\.bun\bin;C:\Users\yolki\AppData\Local\Programs\Zed\bin;C:\Users\yolki\AppData\Local\Programs\Microsoft VS Code\bin;C:\Users\yolki\AppData\Local\GitHubDesktop\bin;C:\Users\yolki\AppData\Local\Programs\Antigravity\bin;C:\Users\yolki\AppData\Roaming\npm;C:\Program Files\Graphviz\bin;C:\Users\yolki\.local\bin;C:\Users\yolki\.cache\lm-studio\bin;C:\Program Files\Git\usr\bin\vendor_perl;C:\Program Files\Git\usr\bin\core_perl
USERNAME=yolki
SHELL=C:\Program Files\Git\usr\bin\bash.exe
DISPLAY=needs-to-be-defined
LANG=ru_RU.UTF-8
TERM=xterm-256color
TMPDIR=C:\Users\yolki\AppData\Local\Temp
OS=Windows_NT
PROCESSOR_IDENTIFIER=AMD64 Family 25 Model 97 Stepping 2, AuthenticAMD
TMP=C:\Users\yolki\AppData\Local\Temp
TEMP=C:\Users\yolki\AppData\Local\Temp




Periodic native trim disabled

---------------  S Y S T E M  ---------------

OS:
 Windows 11 , 64 bit Build 26100 (10.0.26100.7309)
OS uptime: 0 days 4:17 hours
Hyper-V role detected

CPU: total 12 (initial active 12) (12 cores per cpu, 2 threads per core) family 25 model 97 stepping 2 microcode 0xa60120c, cx8, cmov, fxsr, ht, mmx, 3dnowpref, sse, sse2, sse3, ssse3, sse4a, sse4.1, sse4.2, popcnt, lzcnt, tsc, tscinvbit, avx, avx2, aes, erms, clmul, bmi1, bmi2, adx, avx512f, avx512dq, avx512cd, avx512bw, avx512vl, sha, fma, vzeroupper, avx512_vpopcntdq, avx512_vpclmulqdq, avx512_vaes, avx512_vnni, clflush, clflushopt, avx512_vbmi2, avx512_vbmi, hv, rdtscp, rdpid, fsrm, gfni, avx512_bitalg, f16c, cet_ss, avx512_ifma
Processor Information for all 12 processors :
  Max Mhz: 3701, Current Mhz: 3701, Mhz Limit: 3701

Memory: 4k page, system-wide physical 32361M (2323M free)
TotalPageFile size 52841M (AvailPageFile size 88M)
current process WorkingSet (physical memory assigned to process): 659M, peak: 681M
current process commit charge ("private bytes"): 712M, peak: 780M

vm_info: OpenJDK 64-Bit Server VM (21.0.3+9-LTS) for windows-amd64 JRE (21.0.3+9-LTS) (Zulu21.34+19-CA), built on 2024-04-09T07:26:03Z by "zulu_re" with MS VC++ 17.1 (VS2022)

END.
