#
# There is insufficient memory for the Java Runtime Environment to continue.
# Native memory allocation (mmap) failed to map 532676608 bytes. Error detail: G1 virtual space
# Possible reasons:
#   The system is out of physical RAM or swap space
#   This process is running with CompressedOops enabled, and the Java Heap may be blocking the growth of the native heap
# Possible solutions:
#   Reduce memory load on the system
#   Increase physical memory or swap space
#   Check if swap backing store is full
#   Decrease Java heap size (-Xmx/-Xms)
#   Decrease number of Java threads
#   Decrease Java thread stack sizes (-Xss)
#   Set larger code cache with -XX:ReservedCodeCacheSize=
#   JVM is running with Zero Based Compressed Oops mode in which the Java heap is
#     placed in the first 32GB address space. The Java Heap base address is the
#     maximum limit for the native heap growth. Please use -XX:HeapBaseMinAddress
#     to set the Java Heap base and to place the Java Heap above 32GB virtual address.
# This output file may be truncated or incomplete.
#
#  Out of Memory Error (os_windows.cpp:3925), pid=44904, tid=6628
#
# JRE version:  (21.0.9+1) (build )
# Java VM: OpenJDK 64-Bit Server VM (21.0.9+1-b1163.86, mixed mode, sharing, tiered, compressed oops, compressed class ptrs, g1 gc, windows-amd64)
# No core dump will be written. Minidumps are not enabled by default on client versions of Windows
#

---------------  S U M M A R Y ------------

Command Line: git4idea.http.GitAskPassApp Username for 'https://github.com': 

Host: AMD Ryzen 5 7500F 6-Core Processor             , 12 cores, 31G,  Windows 11 , 64 bit Build 26100 (10.0.26100.7623)
Time: Wed Jan 14 19:48:59 2026 elapsed time: 1.925936 seconds (0d 0h 0m 1s)

---------------  T H R E A D  ---------------

Current thread (0x000001adedb99760):  JavaThread "Unknown thread" [_thread_in_vm, id=6628, stack(0x0000000948400000,0x0000000948500000) (1024K)]

Stack: [0x0000000948400000,0x0000000948500000]
Native frames: (J=compiled Java code, j=interpreted, Vv=VM code, C=native code)
V  [jvm.dll+0x6ec339]
V  [jvm.dll+0x8cc463]
V  [jvm.dll+0x8cea7e]
V  [jvm.dll+0x8cf163]
V  [jvm.dll+0x28b006]
V  [jvm.dll+0x6e8b15]
V  [jvm.dll+0x6dc1aa]
V  [jvm.dll+0x366a7b]
V  [jvm.dll+0x36e666]
V  [jvm.dll+0x3c0bd6]
V  [jvm.dll+0x3c0ea8]
V  [jvm.dll+0x33922c]
V  [jvm.dll+0x339f1b]
V  [jvm.dll+0x893b29]
V  [jvm.dll+0x3cdda8]
V  [jvm.dll+0x87ca68]
V  [jvm.dll+0x462a4e]
V  [jvm.dll+0x464731]
C  [jli.dll+0x52ab]
C  [ucrtbase.dll+0x37b0]
C  [KERNEL32.DLL+0x2e8d7]
C  [ntdll.dll+0x8c53c]


---------------  P R O C E S S  ---------------

Threads class SMR info:
_java_thread_list=0x00007ffa3eb052c8, length=0, elements={
}

Java Threads: ( => current thread )
Total: 0

Other Threads:
  0x000001adf0117ff0 WorkerThread "GC Thread#0"                     [id=36128, stack(0x0000000948500000,0x0000000948600000) (1024K)]
  0x000001adf011cca0 ConcurrentGCThread "G1 Main Marker"            [id=38024, stack(0x0000000948600000,0x0000000948700000) (1024K)]
  0x000001adf011d7a0 WorkerThread "G1 Conc#0"                       [id=17316, stack(0x0000000948700000,0x0000000948800000) (1024K)]

[error occurred during error reporting (printing all threads), id 0xc0000005, EXCEPTION_ACCESS_VIOLATION (0xc0000005) at pc=0x00007ffa3e1ec287]
VM state: not at safepoint (not fully initialized)

VM Mutex/Monitor currently owned by a thread:  ([mutex/lock_event])
[0x00007ffa3eb79e30] Heap_lock - owner thread: 0x000001adedb99760

Heap address: 0x0000000606400000, size: 8092 MB, Compressed Oops mode: Zero based, Oop shift amount: 3

CDS archive(s) mapped at: [0x0000000000000000-0x0000000000000000-0x0000000000000000), size 0, SharedBaseAddress: 0x0000000800000000, ArchiveRelocationMode: 1.
Narrow klass base: 0x0000000000000000, Narrow klass shift: 0, Narrow klass range: 0x0

GC Precious Log:
 CardTable entry size: 512
 Card Set container configuration: InlinePtr #cards 4 size 8 Array Of Cards #cards 32 size 80 Howl #buckets 8 coarsen threshold 7372 Howl Bitmap #cards 1024 size 144 coarsen threshold 921 Card regions per heap region 1 cards per card region 8192

Heap:
 garbage-first heap   total 0K, used 0K [0x0000000606400000, 0x0000000800000000)
  region size 4096K, 0 young (0K), 0 survivors (0K)
 Metaspace       used 0K, committed 0K, reserved 0K
  class space    used 0K, committed 0K, reserved 0K

Heap Regions: E=young(eden), S=young(survivor), O=old, HS=humongous(starts), HC=humongous(continues), CS=collection set, F=free, TAMS=top-at-mark-start, PB=parsable bottom

Card table byte_map: [0x000001adf55e0000,0x000001adf65b0000] _byte_map_base: 0x000001adf25ae000

Marking Bits: (CMBitMap*) 0x000001adf01186f0
 Bits: [0x000001adf65b0000, 0x000001adfe420000)

GC Heap History (0 events):
No events

Dll operation events (1 events):
Event: 0.006 Loaded shared library C:\Users\yolki\AppData\Local\Programs\IntelliJ IDEA Ultimate\jbr\bin\java.dll

Deoptimization events (0 events):
No events

Classes loaded (0 events):
No events

Classes unloaded (0 events):
No events

Classes redefined (0 events):
No events

Internal exceptions (0 events):
No events

ZGC Phase Switch (0 events):
No events

VM Operations (0 events):
No events

Memory protections (0 events):
No events

Nmethod flushes (0 events):
No events

Events (0 events):
No events


Dynamic libraries:
0x00007ff758ca0000 - 0x00007ff758caa000 	C:\Users\yolki\AppData\Local\Programs\IntelliJ IDEA Ultimate\jbr\bin\java.exe
0x00007ffb4be80000 - 0x00007ffb4c0e7000 	C:\WINDOWS\SYSTEM32\ntdll.dll
0x00007ffb4a3e0000 - 0x00007ffb4a4a9000 	C:\WINDOWS\System32\KERNEL32.DLL
0x00007ffb495e0000 - 0x00007ffb499cf000 	C:\WINDOWS\System32\KERNELBASE.dll
0x00007ffb491c0000 - 0x00007ffb4930b000 	C:\WINDOWS\System32\ucrtbase.dll
0x00007ffaed280000 - 0x00007ffaed298000 	C:\Users\yolki\AppData\Local\Programs\IntelliJ IDEA Ultimate\jbr\bin\jli.dll
0x00007ffb1f420000 - 0x00007ffb1f43b000 	C:\Users\yolki\AppData\Local\Programs\IntelliJ IDEA Ultimate\jbr\bin\VCRUNTIME140.dll
0x00007ffb4b6c0000 - 0x00007ffb4b885000 	C:\WINDOWS\System32\USER32.dll
0x00007ffb49440000 - 0x00007ffb49467000 	C:\WINDOWS\System32\win32u.dll
0x00007ffb2aef0000 - 0x00007ffb2b183000 	C:\WINDOWS\WinSxS\amd64_microsoft.windows.common-controls_6595b64144ccf1df_6.0.26100.7309_none_3e05feeae336a044\COMCTL32.dll
0x00007ffb4b660000 - 0x00007ffb4b68b000 	C:\WINDOWS\System32\GDI32.dll
0x00007ffb49310000 - 0x00007ffb4943c000 	C:\WINDOWS\System32\gdi32full.dll
0x00007ffb4ba70000 - 0x00007ffb4bb19000 	C:\WINDOWS\System32\msvcrt.dll
0x00007ffb49060000 - 0x00007ffb49103000 	C:\WINDOWS\System32\msvcp_win.dll
0x00007ffb4a340000 - 0x00007ffb4a371000 	C:\WINDOWS\System32\IMM32.DLL
0x00007ffb1f410000 - 0x00007ffb1f41c000 	C:\Users\yolki\AppData\Local\Programs\IntelliJ IDEA Ultimate\jbr\bin\vcruntime140_1.dll
0x00007ffad4cf0000 - 0x00007ffad4d7d000 	C:\Users\yolki\AppData\Local\Programs\IntelliJ IDEA Ultimate\jbr\bin\msvcp140.dll
0x00007ffa3dea0000 - 0x00007ffa3ec6d000 	C:\Users\yolki\AppData\Local\Programs\IntelliJ IDEA Ultimate\jbr\bin\server\jvm.dll
0x00007ffb4bb20000 - 0x00007ffb4bbd4000 	C:\WINDOWS\System32\ADVAPI32.dll
0x00007ffb4a290000 - 0x00007ffb4a336000 	C:\WINDOWS\System32\sechost.dll
0x00007ffb4a0b0000 - 0x00007ffb4a1c8000 	C:\WINDOWS\System32\RPCRT4.dll
0x00007ffb4a630000 - 0x00007ffb4a6a4000 	C:\WINDOWS\System32\WS2_32.dll
0x00007ffb48bc0000 - 0x00007ffb48c1e000 	C:\WINDOWS\SYSTEM32\POWRPROF.dll
0x00007ffb3a9d0000 - 0x00007ffb3aa05000 	C:\WINDOWS\SYSTEM32\WINMM.dll
0x00007ffb40830000 - 0x00007ffb4083b000 	C:\WINDOWS\SYSTEM32\VERSION.dll
0x00007ffb489e0000 - 0x00007ffb489f4000 	C:\WINDOWS\SYSTEM32\UMPDC.dll
0x00007ffb47d40000 - 0x00007ffb47d5b000 	C:\WINDOWS\SYSTEM32\kernel.appcore.dll
0x00007ffb1f400000 - 0x00007ffb1f40a000 	C:\Users\yolki\AppData\Local\Programs\IntelliJ IDEA Ultimate\jbr\bin\jimage.dll
0x00007ffb30180000 - 0x00007ffb303c2000 	C:\WINDOWS\SYSTEM32\DBGHELP.DLL
0x00007ffb4a6b0000 - 0x00007ffb4aa36000 	C:\WINDOWS\System32\combase.dll
0x00007ffb4aac0000 - 0x00007ffb4ab96000 	C:\WINDOWS\System32\OLEAUT32.dll
0x00007ffb253f0000 - 0x00007ffb2542c000 	C:\WINDOWS\SYSTEM32\dbgcore.DLL
0x00007ffb49110000 - 0x00007ffb491b5000 	C:\WINDOWS\System32\bcryptPrimitives.dll
0x00007ffaefc60000 - 0x00007ffaefc80000 	C:\Users\yolki\AppData\Local\Programs\IntelliJ IDEA Ultimate\jbr\bin\java.dll

JVMTI agents: none

dbghelp: loaded successfully - version: 4.0.5 - missing functions: none
symbol engine: initialized successfully - sym options: 0x614 - pdb path: .;C:\Users\yolki\AppData\Local\Programs\IntelliJ IDEA Ultimate\jbr\bin;C:\WINDOWS\SYSTEM32;C:\WINDOWS\WinSxS\amd64_microsoft.windows.common-controls_6595b64144ccf1df_6.0.26100.7309_none_3e05feeae336a044;C:\Users\yolki\AppData\Local\Programs\IntelliJ IDEA Ultimate\jbr\bin\server

VM Arguments:
java_command: git4idea.http.GitAskPassApp Username for 'https://github.com': 
java_class_path (initial): C:/Users/yolki/AppData/Local/Programs/IntelliJ IDEA Ultimate/plugins/vcs-git/lib/git4idea-rt.jar;C:/Users/yolki/AppData/Local/Programs/IntelliJ IDEA Ultimate/lib/externalProcess-rt.jar
Launcher Type: SUN_STANDARD

[Global flags]
     intx CICompilerCount                          = 4                                         {product} {ergonomic}
     uint ConcGCThreads                            = 3                                         {product} {ergonomic}
     uint G1ConcRefinementThreads                  = 10                                        {product} {ergonomic}
   size_t G1HeapRegionSize                         = 4194304                                   {product} {ergonomic}
    uintx GCDrainStackTargetSize                   = 64                                        {product} {ergonomic}
   size_t InitialHeapSize                          = 532676608                                 {product} {ergonomic}
   size_t MarkStackSize                            = 4194304                                   {product} {ergonomic}
   size_t MaxHeapSize                              = 8485076992                                {product} {ergonomic}
   size_t MinHeapDeltaBytes                        = 4194304                                   {product} {ergonomic}
   size_t MinHeapSize                              = 8388608                                   {product} {ergonomic}
    uintx NonNMethodCodeHeapSize                   = 5839372                                {pd product} {ergonomic}
    uintx NonProfiledCodeHeapSize                  = 122909434                              {pd product} {ergonomic}
    uintx ProfiledCodeHeapSize                     = 122909434                              {pd product} {ergonomic}
    uintx ReservedCodeCacheSize                    = 251658240                              {pd product} {ergonomic}
     bool SegmentedCodeCache                       = true                                      {product} {ergonomic}
   size_t SoftMaxHeapSize                          = 8485076992                             {manageable} {ergonomic}
     bool UseCompressedOops                        = true                           {product lp64_product} {ergonomic}
     bool UseG1GC                                  = true                                      {product} {ergonomic}
     bool UseLargePagesIndividualAllocation        = false                                  {pd product} {ergonomic}

Logging:
Log output configuration:
 #0: stdout all=warning uptime,level,tags foldmultilines=false
 #1: stderr all=off uptime,level,tags foldmultilines=false

Release file:
<release file has not been read>
Environment Variables:
JAVA_HOME=C:\Program Files\Zulu\zulu-21
PATH=C:\Program Files\Git\mingw64\libexec\git-core;C:\Program Files\Git\mingw64\libexec\git-core;C:\Program Files\Git\mingw64\bin;C:\Program Files\Git\usr\bin;C:\Users\yolki\bin;C:\Program Files\Zulu\zulu-25\bin;C:\Program Files\Zulu\zulu-24\bin;C:\Program Files\NVIDIA\CUDNN\v9.9\bin;C:\Program Files (x86)\VMware\VMware Workstation\bin;C:\Program Files\Zulu\zulu-21\bin;C:\Program Files\Python312\Scripts;C:\Program Files\Python312;C:\Program Files\NVIDIA GPU Computing Toolkit\CUDA\v12.3\bin;C:\Program Files\NVIDIA GPU Computing Toolkit\CUDA\v12.3\libnvvp;C:\Program Files (x86)\Common Files\Intel\Shared Libraries\redist\intel64\compiler;C:\Program Files\Microsoft MPI\Bin;C:\WINDOWS\system32;C:\WINDOWS;C:\WINDOWS\System32\Wbem;C:\WINDOWS\System32\WindowsPowerShell\v1.0;C:\WINDOWS\System32\OpenSSH;C:\Program Files (x86)\NVIDIA Corporation\PhysX\Common;C:\Program Files\WireGuard;C:\Program Files\dotnet;C:\Program Files (x86)\NetSarang\Xshell 7;C:\Program Files\NVIDIA Corporation\Nsight Compute 2023.3.1;C:\Program Files (x86)\Windows Kits\10\Windows Performance Toolkit;C:\Program Files\Git\cmd;C:\Program Files\NVIDIA Corporation\NVIDIA app\NvDLISR;C:\Program Files\PuTTY;C:\Program Files (x86)\NetSarang\Xshell 8;C:\Program Files (x86)\NetSarang\Xftp 8;Ñ;C:\Program Files\Git\Program Files (x86)\Nmap;C:\ProgramData\chocolatey\bin;C:\Program Files\OpenSSL-Win64\bin;C:\Program Files\WezTerm;C:\Program Files\kotlin-lsp;C:\Program Files\nodejs;C:\Program Files\Warp\bin;C:\Program Files\fd;C:\Users\yolki\Desktop\mpv;C:\Program Files\GitHub CLI;C:\Program Files\Docker\Docker\resources\bin;C:\Program Files\CMake\bin;C:\Program Files\NASM;C:\Strawberry\c\bin;C:\Strawberry\perl\site\bin;C:\Strawberry\perl\bin;C:\Users\yolki\.cargo\bin;C:\Program Files\NVIDIA GPU Computing Toolkit\CUDA\v12.3\extras\CUPTI\lib64;C:\Program Files\Zulu\zulu-25\bin;C:\Program Files\Zulu\zulu-24\bin;C:\Program Files\NVIDIA\CUDNN\v9.9\bin;C:\Program Files (x86)\VMware\VMware Workstation\bin;C:\Program Files\Zulu\zulu-21\bin;C:\Program Files\Python312\Scripts;C:\Program Files\Python312;C:\Program Files\NVIDIA GPU Computing Toolkit\CUDA\v12.3\bin;C:\Program Files\NVIDIA GPU Computing Toolkit\CUDA\v12.3\libnvvp;C:\Program Files (x86)\Common Files\Intel\Shared Libraries\redist\intel64\compiler;C:\Program Files\Microsoft MPI\Bin;C:\WINDOWS\system32;C:\WINDOWS;C:\WINDOWS\System32\Wbem;C:\WINDOWS\System32\WindowsPowerShell\v1.0;C:\WINDOWS\System32\OpenSSH;C:\Program Files (x86)\NVIDIA Corporation\PhysX\Common;C:\Program Files\WireGuard;C:\Program Files\dotnet;C:\Program Files (x86)\NetSarang\Xshell 7;C:\Program Files\NVIDIA Corporation\Nsight Compute 2023.3.1;C:\Program Files (x86)\Windows Kits\10\Windows Performance Toolkit;C:\Program Files\Git\cmd;C:\Users\yolki\.bun\bin;C:\Users\yolki\AppData\Local\Programs\Zed\bin;C:\Users\yolki\AppData\Local\Programs\Microsoft VS Code\bin;C:\Users\yolki\AppData\Local\GitHubDesktop\bin;C:\Users\yolki\AppData\Local\Programs\Antigravity\bin;C:\Users\yolki\AppData\Roaming\npm;C:\Program Files\Graphviz\bin;C:\Users\yolki\.local\bin;C:\Users\yolki\.cache\lm-studio\bin
USERNAME=yolki
DISPLAY=:0.0
LC_ALL=en_US.UTF-8
TERM=xterm-256color
TMPDIR=C:\Users\yolki\AppData\Local\Temp
OS=Windows_NT
PROCESSOR_IDENTIFIER=AMD64 Family 25 Model 97 Stepping 2, AuthenticAMD
TMP=C:\Users\yolki\AppData\Local\Temp
TEMP=C:\Users\yolki\AppData\Local\Temp




Periodic native trim disabled

JNI global refs:
JNI global refs: 0, weak refs: 0

JNI global refs memory usage: 0, weak refs: 0

Process memory usage:
Resident Set Size: 13352K (0% of 33138676K total physical memory with 4557112K free physical memory)

OOME stack traces (most recent first):
Classloader memory used:

---------------  S Y S T E M  ---------------

OS:
 Windows 11 , 64 bit Build 26100 (10.0.26100.7623)
OS uptime: 0 days 5:55 hours
Hyper-V role detected

CPU: total 12 (initial active 12) (12 cores per cpu, 2 threads per core) family 25 model 97 stepping 2 microcode 0xa60120c, cx8, cmov, fxsr, ht, mmx, 3dnowpref, sse, sse2, sse3, ssse3, sse4a, sse4.1, sse4.2, popcnt, lzcnt, tsc, tscinvbit, avx, avx2, aes, erms, clmul, bmi1, bmi2, adx, avx512f, avx512dq, avx512cd, avx512bw, avx512vl, sha, fma, vzeroupper, avx512_vpopcntdq, avx512_vpclmulqdq, avx512_vaes, avx512_vnni, clflush, clflushopt, avx512_vbmi2, avx512_vbmi, hv, rdtscp, rdpid, fsrm, gfni, avx512_bitalg, f16c, cet_ss, avx512_ifma
Processor Information for the first 12 processors :
  Max Mhz: 3701, Current Mhz: 3701, Mhz Limit: 3701

Memory: 4k page, system-wide physical 32361M (4450M free)
TotalPageFile size 52841M (AvailPageFile size 289M)
current process WorkingSet (physical memory assigned to process): 13M, peak: 13M
current process commit charge ("private bytes"): 65M, peak: 572M

vm_info: OpenJDK 64-Bit Server VM (21.0.9+1-b1163.86) for windows-amd64 JRE (21.0.9+1-b1163.86), built on 2025-12-02 by "builduser" with MS VC++ 16.10 / 16.11 (VS2019)

END.
